Archive member included because of file (symbol)

/opt/Freescale/KDS_v3/toolchain/bin/../lib/gcc/arm-none-eabi/4.8.4/armv6-m/libgcc.a(_udivsi3.o)
                              ./Sources/SerialCommunication.o (__aeabi_uidiv)
/opt/Freescale/KDS_v3/toolchain/bin/../lib/gcc/arm-none-eabi/4.8.4/armv6-m/libgcc.a(_divsi3.o)
                              ./Sources/CameraController.o (__aeabi_idiv)
/opt/Freescale/KDS_v3/toolchain/bin/../lib/gcc/arm-none-eabi/4.8.4/armv6-m/libgcc.a(_dvmd_tls.o)
                              /opt/Freescale/KDS_v3/toolchain/bin/../lib/gcc/arm-none-eabi/4.8.4/armv6-m/libgcc.a(_udivsi3.o) (__aeabi_idiv0)
/opt/Freescale/KDS_v3/toolchain/bin/../lib/gcc/arm-none-eabi/4.8.4/armv6-m/libgcc.a(_arm_cmpdf2.o)
                              ./Sources/ImageProcessing.o (__aeabi_dcmplt)
/opt/Freescale/KDS_v3/toolchain/bin/../lib/gcc/arm-none-eabi/4.8.4/armv6-m/libgcc.a(_arm_cmpsf2.o)
                              ./Sources/BatteryController.o (__aeabi_fcmpgt)
/opt/Freescale/KDS_v3/toolchain/bin/../lib/gcc/arm-none-eabi/4.8.4/armv6-m/libgcc.a(_fixunssfsi.o)
                              ./Generated_Code/PwmLdd5.o (__aeabi_f2uiz)
/opt/Freescale/KDS_v3/toolchain/bin/../lib/gcc/arm-none-eabi/4.8.4/armv6-m/libgcc.a(addsf3.o)
                              ./Sources/BatteryController.o (__aeabi_fadd)
/opt/Freescale/KDS_v3/toolchain/bin/../lib/gcc/arm-none-eabi/4.8.4/armv6-m/libgcc.a(divsf3.o)
                              ./Sources/BatteryController.o (__aeabi_fdiv)
/opt/Freescale/KDS_v3/toolchain/bin/../lib/gcc/arm-none-eabi/4.8.4/armv6-m/libgcc.a(eqsf2.o)
                              /opt/Freescale/KDS_v3/toolchain/bin/../lib/gcc/arm-none-eabi/4.8.4/armv6-m/libgcc.a(_arm_cmpsf2.o) (__eqsf2)
/opt/Freescale/KDS_v3/toolchain/bin/../lib/gcc/arm-none-eabi/4.8.4/armv6-m/libgcc.a(gesf2.o)
                              /opt/Freescale/KDS_v3/toolchain/bin/../lib/gcc/arm-none-eabi/4.8.4/armv6-m/libgcc.a(_arm_cmpsf2.o) (__gesf2)
/opt/Freescale/KDS_v3/toolchain/bin/../lib/gcc/arm-none-eabi/4.8.4/armv6-m/libgcc.a(lesf2.o)
                              /opt/Freescale/KDS_v3/toolchain/bin/../lib/gcc/arm-none-eabi/4.8.4/armv6-m/libgcc.a(_arm_cmpsf2.o) (__lesf2)
/opt/Freescale/KDS_v3/toolchain/bin/../lib/gcc/arm-none-eabi/4.8.4/armv6-m/libgcc.a(mulsf3.o)
                              ./Sources/SerialCommunication.o (__aeabi_fmul)
/opt/Freescale/KDS_v3/toolchain/bin/../lib/gcc/arm-none-eabi/4.8.4/armv6-m/libgcc.a(subsf3.o)
                              /opt/Freescale/KDS_v3/toolchain/bin/../lib/gcc/arm-none-eabi/4.8.4/armv6-m/libgcc.a(_fixunssfsi.o) (__aeabi_fsub)
/opt/Freescale/KDS_v3/toolchain/bin/../lib/gcc/arm-none-eabi/4.8.4/armv6-m/libgcc.a(fixsfsi.o)
                              ./Sources/SerialCommunication.o (__aeabi_f2iz)
/opt/Freescale/KDS_v3/toolchain/bin/../lib/gcc/arm-none-eabi/4.8.4/armv6-m/libgcc.a(floatsisf.o)
                              ./Sources/SerialCommunication.o (__aeabi_i2f)
/opt/Freescale/KDS_v3/toolchain/bin/../lib/gcc/arm-none-eabi/4.8.4/armv6-m/libgcc.a(floatunsisf.o)
                              ./Sources/BatteryController.o (__aeabi_ui2f)
/opt/Freescale/KDS_v3/toolchain/bin/../lib/gcc/arm-none-eabi/4.8.4/armv6-m/libgcc.a(adddf3.o)
                              ./Sources/PID.o (__aeabi_dadd)
/opt/Freescale/KDS_v3/toolchain/bin/../lib/gcc/arm-none-eabi/4.8.4/armv6-m/libgcc.a(divdf3.o)
                              ./Sources/Error_management.o (__aeabi_ddiv)
/opt/Freescale/KDS_v3/toolchain/bin/../lib/gcc/arm-none-eabi/4.8.4/armv6-m/libgcc.a(eqdf2.o)
                              /opt/Freescale/KDS_v3/toolchain/bin/../lib/gcc/arm-none-eabi/4.8.4/armv6-m/libgcc.a(_arm_cmpdf2.o) (__eqdf2)
/opt/Freescale/KDS_v3/toolchain/bin/../lib/gcc/arm-none-eabi/4.8.4/armv6-m/libgcc.a(gedf2.o)
                              /opt/Freescale/KDS_v3/toolchain/bin/../lib/gcc/arm-none-eabi/4.8.4/armv6-m/libgcc.a(_arm_cmpdf2.o) (__gedf2)
/opt/Freescale/KDS_v3/toolchain/bin/../lib/gcc/arm-none-eabi/4.8.4/armv6-m/libgcc.a(ledf2.o)
                              /opt/Freescale/KDS_v3/toolchain/bin/../lib/gcc/arm-none-eabi/4.8.4/armv6-m/libgcc.a(_arm_cmpdf2.o) (__ledf2)
/opt/Freescale/KDS_v3/toolchain/bin/../lib/gcc/arm-none-eabi/4.8.4/armv6-m/libgcc.a(muldf3.o)
                              ./Sources/BatteryController.o (__aeabi_dmul)
/opt/Freescale/KDS_v3/toolchain/bin/../lib/gcc/arm-none-eabi/4.8.4/armv6-m/libgcc.a(subdf3.o)
                              ./Sources/PID.o (__aeabi_dsub)
/opt/Freescale/KDS_v3/toolchain/bin/../lib/gcc/arm-none-eabi/4.8.4/armv6-m/libgcc.a(fixdfsi.o)
                              ./Sources/SystemController.o (__aeabi_d2iz)
/opt/Freescale/KDS_v3/toolchain/bin/../lib/gcc/arm-none-eabi/4.8.4/armv6-m/libgcc.a(floatsidf.o)
                              ./Sources/Error_management.o (__aeabi_i2d)
/opt/Freescale/KDS_v3/toolchain/bin/../lib/gcc/arm-none-eabi/4.8.4/armv6-m/libgcc.a(extendsfdf2.o)
                              ./Sources/BatteryController.o (__aeabi_f2d)
[...]
Memory Configuration

Name             Origin             Length             Attributes
m_interrupts     0x00000000         0x000000c0         xr
m_text           0x00000410         0x0001fbf0         xr
m_data           0x1ffff000         0x00004000         rw
m_cfmprotrom     0x00000400         0x00000010         xr
*default*        0x00000000         0xffffffff

Linker script and memory map

LOAD /opt/Freescale/KDS_v3/toolchain/bin/../lib/gcc/arm-none-eabi/4.8.4/armv6-m/crti.o
LOAD /opt/Freescale/KDS_v3/toolchain/bin/../lib/gcc/arm-none-eabi/4.8.4/armv6-m/crtbegin.o
LOAD /opt/Freescale/KDS_v3/toolchain/bin/../lib/gcc/arm-none-eabi/4.8.4/../../../../arm-none-eabi/lib/armv6-m/crt0.o
LOAD ./Sources/BatteryController.o
LOAD ./Sources/CameraController.o
LOAD ./Sources/Error_management.o
LOAD ./Sources/Events.o
LOAD ./Sources/ImageProcessing.o
LOAD ./Sources/MotorController.o
LOAD ./Sources/PID.o
LOAD ./Sources/SerialCommunication.o
LOAD ./Sources/ServoController.o
LOAD ./Sources/SystemController.o
LOAD ./Sources/main.o
LOAD ./Project_Settings/Startup_Code/startup.o
LOAD ./Generated_Code/AD_Converter.o
LOAD ./Generated_Code/AdcLdd1.o
LOAD ./Generated_Code/BitIoLdd1.o
LOAD ./Generated_Code/BitIoLdd10.o
LOAD ./Generated_Code/BitIoLdd11.o
LOAD ./Generated_Code/BitIoLdd12.o
LOAD ./Generated_Code/BitIoLdd13.o
LOAD ./Generated_Code/BitIoLdd14.o
LOAD ./Generated_Code/BitIoLdd2.o
LOAD ./Generated_Code/BitIoLdd3.o
LOAD ./Generated_Code/BitIoLdd4.o
LOAD ./Generated_Code/BitIoLdd5.o
LOAD ./Generated_Code/BitIoLdd6.o
LOAD ./Generated_Code/BitIoLdd7.o
LOAD ./Generated_Code/BitIoLdd8.o
LOAD ./Generated_Code/BitIoLdd9.o
LOAD ./Generated_Code/BlueLED.o
LOAD ./Generated_Code/CLK.o
LOAD ./Generated_Code/Camera_CLK_Interruption.o
LOAD ./Generated_Code/Cpu.o
LOAD ./Generated_Code/Enable_Motors.o
LOAD ./Generated_Code/ErrorLED.o
LOAD ./Generated_Code/GreenLED.o
LOAD ./Generated_Code/Motor_A_In1.o
LOAD ./Generated_Code/Motor_A_In2.o
LOAD ./Generated_Code/Motor_B_In1.o
LOAD ./Generated_Code/Motor_B_In2.o
LOAD ./Generated_Code/PE_LDD.o
LOAD ./Generated_Code/Power_Level1.o
LOAD ./Generated_Code/Power_Level2.o
LOAD ./Generated_Code/Power_Level3.o
LOAD ./Generated_Code/Power_Level4.o
LOAD ./Generated_Code/PwmLdd1.o
LOAD ./Generated_Code/PwmLdd2.o
LOAD ./Generated_Code/PwmLdd3.o
LOAD ./Generated_Code/PwmLdd4.o
LOAD ./Generated_Code/PwmLdd5.o
LOAD ./Generated_Code/SI.o
LOAD ./Generated_Code/SW2_Start_Button.o
LOAD ./Generated_Code/SerialCom.o
LOAD ./Generated_Code/Servomotor.o
LOAD ./Generated_Code/Switch1.o
LOAD ./Generated_Code/Switch2.o
LOAD ./Generated_Code/Switch3.o
LOAD ./Generated_Code/TU1.o
LOAD ./Generated_Code/TU2.o
LOAD ./Generated_Code/TU3.o
LOAD ./Generated_Code/TimerIntLdd1.o
LOAD ./Generated_Code/Vectors.o
LOAD /opt/Freescale/KDS_v3/toolchain/bin/../lib/gcc/arm-none-eabi/4.8.4/../../../../arm-none-eabi/lib/armv6-m/libstdc++_s.a
LOAD /opt/Freescale/KDS_v3/toolchain/bin/../lib/gcc/arm-none-eabi/4.8.4/../../../../arm-none-eabi/lib/armv6-m/libm.a
START GROUP
LOAD /opt/Freescale/KDS_v3/toolchain/bin/../lib/gcc/arm-none-eabi/4.8.4/armv6-m/libgcc.a
LOAD /opt/Freescale/KDS_v3/toolchain/bin/../lib/gcc/arm-none-eabi/4.8.4/../../../../arm-none-eabi/lib/armv6-m/libg_s.a
LOAD /opt/Freescale/KDS_v3/toolchain/bin/../lib/gcc/arm-none-eabi/4.8.4/../../../../arm-none-eabi/lib/armv6-m/libc_s.a
END GROUP
START GROUP
LOAD /opt/Freescale/KDS_v3/toolchain/bin/../lib/gcc/arm-none-eabi/4.8.4/armv6-m/libgcc.a
LOAD /opt/Freescale/KDS_v3/toolchain/bin/../lib/gcc/arm-none-eabi/4.8.4/../../../../arm-none-eabi/lib/armv6-m/libc_s.a
LOAD /opt/Freescale/KDS_v3/toolchain/bin/../lib/gcc/arm-none-eabi/4.8.4/../../../../arm-none-eabi/lib/armv6-m/libnosys.a
END GROUP
START GROUP
LOAD /opt/Freescale/KDS_v3/toolchain/bin/../lib/gcc/arm-none-eabi/4.8.4/armv6-m/libgcc.a
LOAD /opt/Freescale/KDS_v3/toolchain/bin/../lib/gcc/arm-none-eabi/4.8.4/../../../../arm-none-eabi/lib/armv6-m/libc_s.a
LOAD /opt/Freescale/KDS_v3/toolchain/bin/../lib/gcc/arm-none-eabi/4.8.4/../../../../arm-none-eabi/lib/armv6-m/libnosys.a
END GROUP
LOAD /opt/Freescale/KDS_v3/toolchain/bin/../lib/gcc/arm-none-eabi/4.8.4/armv6-m/crtend.o
LOAD /opt/Freescale/KDS_v3/toolchain/bin/../lib/gcc/arm-none-eabi/4.8.4/armv6-m/crtn.o
                0x20003000                _estack = 0x20003000
                0x20003000                __SP_INIT = _estack
                0x20003000                __stack = _estack
                0x00000000                __heap_size = 0x0
                0x00000400                __stack_size = 0x400

.interrupts     0x00000000       0xc0
                0x00000000                __vector_table = .
                0x00000000                . = ALIGN (0x4)
 *(.vectortable)
 .vectortable   0x00000000       0xc0 ./Generated_Code/Vectors.o
                0x00000000                __vect_table
                0x000000c0                . = ALIGN (0x4)

.cfmprotect     0x00000400       0x10
                0x00000400                . = ALIGN (0x4)
 *(.cfmconfig)
 .cfmconfig     0x00000400       0x10 ./Generated_Code/Cpu.o
                0x00000400                _cfm
                0x00000410                . = ALIGN (0x4)

.text           0x00000410     0x5f0c
                0x00000410                . = ALIGN (0x4)
 *(.text)
 .text          0x00000410       0x60 /opt/Freescale/KDS_v3/toolchain/bin/../lib/gcc/arm-none-eabi/4.8.4/armv6-m/crtbegin.o
 .text          0x00000470       0x78 /opt/Freescale/KDS_v3/toolchain/bin/../lib/gcc/arm-none-eabi/4.8.4/../../../../arm-none-eabi/lib/armv6-m/crt0.o
                0x00000470                _mainCRTStartup
                0x00000470                _start
 .text          0x000004e8       0x9c /opt/Freescale/KDS_v3/toolchain/bin/../lib/gcc/arm-none-eabi/4.8.4/armv6-m/libgcc.a(_udivsi3.o)
                0x000004e8                __udivsi3
                0x000004e8                __aeabi_uidiv
                0x00000570                __aeabi_uidivmod
 .text          0x00000584       0xc0 /opt/Freescale/KDS_v3/toolchain/bin/../lib/gcc/arm-none-eabi/4.8.4/armv6-m/libgcc.a(_divsi3.o)
                0x00000584                __aeabi_idiv
                0x00000584                __divsi3
                0x00000630                __aeabi_idivmod
 .text          0x00000644        0x4 /opt/Freescale/KDS_v3/toolchain/bin/../lib/gcc/arm-none-eabi/4.8.4/armv6-m/libgcc.a(_dvmd_tls.o)
                0x00000644                __aeabi_ldiv0
                0x00000644                __aeabi_idiv0
 .text          0x00000648       0x7c /opt/Freescale/KDS_v3/toolchain/bin/../lib/gcc/arm-none-eabi/4.8.4/armv6-m/libgcc.a(_arm_cmpdf2.o)
                0x00000648                __aeabi_cdrcmple
                0x00000658                __aeabi_cdcmple
                0x00000658                __aeabi_cdcmpeq
                0x00000668                __aeabi_dcmpeq
                0x00000674                __aeabi_dcmplt
                0x00000688                __aeabi_dcmple
                0x0000069c                __aeabi_dcmpgt
                0x000006b0                __aeabi_dcmpge
 .text          0x000006c4       0x74 /opt/Freescale/KDS_v3/toolchain/bin/../lib/gcc/arm-none-eabi/4.8.4/armv6-m/libgcc.a(_arm_cmpsf2.o)
                0x000006c4                __aeabi_cfrcmple
                0x000006cc                __aeabi_cfcmple
                0x000006cc                __aeabi_cfcmpeq
                0x000006dc                __aeabi_fcmpeq
                0x000006e8                __aeabi_fcmplt
                0x000006fc                __aeabi_fcmple
                0x00000710                __aeabi_fcmpgt
                0x00000724                __aeabi_fcmpge
 .text          0x00000738       0x30 /opt/Freescale/KDS_v3/toolchain/bin/../lib/gcc/arm-none-eabi/4.8.4/armv6-m/libgcc.a(_fixunssfsi.o)
                0x00000738                __aeabi_f2uiz
                0x00000738                __fixunssfsi
 .text          0x00000768      0x2d8 /opt/Freescale/KDS_v3/toolchain/bin/../lib/gcc/arm-none-eabi/4.8.4/armv6-m/libgcc.a(addsf3.o)
                0x00000768                __aeabi_fadd
 .text          0x00000a40      0x24c /opt/Freescale/KDS_v3/toolchain/bin/../lib/gcc/arm-none-eabi/4.8.4/armv6-m/libgcc.a(divsf3.o)
                0x00000a40                __aeabi_fdiv
 .text          0x00000c8c       0x54 /opt/Freescale/KDS_v3/toolchain/bin/../lib/gcc/arm-none-eabi/4.8.4/armv6-m/libgcc.a(eqsf2.o)
                0x00000c8c                __nesf2
                0x00000c8c                __eqsf2
 .text          0x00000ce0       0x90 /opt/Freescale/KDS_v3/toolchain/bin/../lib/gcc/arm-none-eabi/4.8.4/armv6-m/libgcc.a(gesf2.o)
                0x00000ce0                __gtsf2
                0x00000ce0                __gesf2
 .text          0x00000d70       0x98 /opt/Freescale/KDS_v3/toolchain/bin/../lib/gcc/arm-none-eabi/4.8.4/armv6-m/libgcc.a(lesf2.o)
                0x00000d70                __lesf2
                0x00000d70                __ltsf2
 .text          0x00000e08      0x254 /opt/Freescale/KDS_v3/toolchain/bin/../lib/gcc/arm-none-eabi/4.8.4/armv6-m/libgcc.a(mulsf3.o)
                0x00000e08                __aeabi_fmul
 .text          0x0000105c      0x2ec /opt/Freescale/KDS_v3/toolchain/bin/../lib/gcc/arm-none-eabi/4.8.4/armv6-m/libgcc.a(subsf3.o)
                0x0000105c                __aeabi_fsub
 .text          0x00001348       0x40 /opt/Freescale/KDS_v3/toolchain/bin/../lib/gcc/arm-none-eabi/4.8.4/armv6-m/libgcc.a(fixsfsi.o)
                0x00001348                __aeabi_f2iz
 .text          0x00001388       0xb8 /opt/Freescale/KDS_v3/toolchain/bin/../lib/gcc/arm-none-eabi/4.8.4/armv6-m/libgcc.a(floatsisf.o)
                0x00001388                __aeabi_i2f
 .text          0x00001440       0xa0 /opt/Freescale/KDS_v3/toolchain/bin/../lib/gcc/arm-none-eabi/4.8.4/armv6-m/libgcc.a(floatunsisf.o)
                0x00001440                __aeabi_ui2f
 .text          0x000014e0      0x644 /opt/Freescale/KDS_v3/toolchain/bin/../lib/gcc/arm-none-eabi/4.8.4/armv6-m/libgcc.a(adddf3.o)
                0x000014e0                __aeabi_dadd
 .text          0x00001b24      0x648 /opt/Freescale/KDS_v3/toolchain/bin/../lib/gcc/arm-none-eabi/4.8.4/armv6-m/libgcc.a(divdf3.o)
                0x00001b24                __aeabi_ddiv
 .text          0x0000216c       0x94 /opt/Freescale/KDS_v3/toolchain/bin/../lib/gcc/arm-none-eabi/4.8.4/armv6-m/libgcc.a(eqdf2.o)
                0x0000216c                __eqdf2
                0x0000216c                __nedf2
 .text          0x00002200       0xfc /opt/Freescale/KDS_v3/toolchain/bin/../lib/gcc/arm-none-eabi/4.8.4/armv6-m/libgcc.a(gedf2.o)
                0x00002200                __gtdf2
                0x00002200                __gedf2
 .text          0x000022fc       0xfc /opt/Freescale/KDS_v3/toolchain/bin/../lib/gcc/arm-none-eabi/4.8.4/armv6-m/libgcc.a(ledf2.o)
                0x000022fc                __ltdf2
                0x000022fc                __ledf2
 .text          0x000023f8      0x520 /opt/Freescale/KDS_v3/toolchain/bin/../lib/gcc/arm-none-eabi/4.8.4/armv6-m/libgcc.a(muldf3.o)
                0x000023f8                __aeabi_dmul
 .text          0x00002918      0x668 /opt/Freescale/KDS_v3/toolchain/bin/../lib/gcc/arm-none-eabi/4.8.4/armv6-m/libgcc.a(subdf3.o)
                0x00002918                __aeabi_dsub
 .text          0x00002f80       0x68 /opt/Freescale/KDS_v3/toolchain/bin/../lib/gcc/arm-none-eabi/4.8.4/armv6-m/libgcc.a(fixdfsi.o)
                0x00002f80                __aeabi_d2iz
 .text          0x00002fe8       0x7c /opt/Freescale/KDS_v3/toolchain/bin/../lib/gcc/arm-none-eabi/4.8.4/armv6-m/libgcc.a(floatsidf.o)
                0x00002fe8                __aeabi_i2d
 .text          0x00003064       0xa4 /opt/Freescale/KDS_v3/toolchain/bin/../lib/gcc/arm-none-eabi/4.8.4/armv6-m/libgcc.a(extendsfdf2.o)
                0x00003064                __aeabi_f2d
 .text          0x00003108      0x118 /opt/Freescale/KDS_v3/toolchain/bin/../lib/gcc/arm-none-eabi/4.8.4/armv6-m/libgcc.a(truncdfsf2.o)
                0x00003108                __aeabi_d2f
 .text          0x00003220       0x3c /opt/Freescale/KDS_v3/toolchain/bin/../lib/gcc/arm-none-eabi/4.8.4/armv6-m/libgcc.a(_clzsi2.o)
                0x00003220                __clzsi2
 *(.text*)
 .text.updateBatteryLevel
                0x0000325c       0x28 ./Sources/BatteryController.o
                0x0000325c                updateBatteryLevel
 *fill*         0x00003284        0x4 
 .text.updatePowerState
                0x00003288      0x230 ./Sources/BatteryController.o
                0x00003288                updatePowerState
 .text.initializeCamera
                0x000034b8       0x28 ./Sources/CameraController.o
                0x000034b8                initializeCamera
 .text.getRawImageMean
                0x000034e0       0x74 ./Sources/CameraController.o
                0x000034e0                getRawImageMean
 .text.verifySample
                0x00003554       0x70 ./Sources/CameraController.o
                0x00003554                verifySample
 .text.get_error
                0x000035c4       0x7c ./Sources/Error_management.o
                0x000035c4                get_error
 .text.Cpu_OnNMIINT
                0x00003640        0x8 ./Sources/Events.o
                0x00003640                Cpu_OnNMIINT
 .text.Camera_CLK_Interruption_OnInterrupt
                0x00003648      0x120 ./Sources/Events.o
                0x00003648                Camera_CLK_Interruption_OnInterrupt
 .text.AD_Converter_OnEnd
                0x00003768       0x34 ./Sources/Events.o
                0x00003768                AD_Converter_OnEnd
 .text.SerialCom_OnBlockSent
                0x0000379c       0x18 ./Sources/Events.o
                0x0000379c                SerialCom_OnBlockSent
 .text.calibration
                0x000037b4       0x38 ./Sources/ImageProcessing.o
                0x000037b4                calibration
 *fill*         0x000037ec        0x4 
 .text.binarization
                0x000037f0       0x90 ./Sources/ImageProcessing.o
                0x000037f0                binarization
 .text.set_borders
                0x00003880       0xc0 ./Sources/ImageProcessing.o
                0x00003880                set_borders
 .text.setMotorsSpeed
                0x00003940       0xc4 ./Sources/MotorController.o
                0x00003940                setMotorsSpeed
 *fill*         0x00003a04        0x4 
 .text.resetPID
                0x00003a08       0x38 ./Sources/PID.o
                0x00003a08                resetPID
 .text.update_pid
                0x00003a40      0x100 ./Sources/PID.o
                0x00003a40                update_pid
 .text.get_derivative_state
                0x00003b40       0x48 ./Sources/PID.o
                0x00003b40                get_derivative_state
 .text.get_integral_term
                0x00003b88       0xf0 ./Sources/PID.o
                0x00003b88                get_integral_term
 .text.update_gains
                0x00003c78       0xa8 ./Sources/PID.o
                0x00003c78                update_gains
 .text.init_Serial
                0x00003d20       0x20 ./Sources/SerialCommunication.o
 .text.sendAChar
                0x00003d40       0x44 ./Sources/SerialCommunication.o
 .text.itoa_8_bit
                0x00003d84       0x9c ./Sources/SerialCommunication.o
                0x00003d84                itoa_8_bit
 .text.sendArrayOfPixels
                0x00003e20       0x50 ./Sources/SerialCommunication.o
                0x00003e20                sendArrayOfPixels
 .text.setServoDirection
                0x00003e70       0x44 ./Sources/ServoController.o
                0x00003e70                setServoDirection
 *fill*         0x00003eb4        0x4 
 .text.advancedControl
                0x00003eb8       0x68 ./Sources/SystemController.o
                0x00003eb8                advancedControl
 .text.dc_motors_normalization
                0x00003f20       0xa8 ./Sources/SystemController.o
                0x00003f20                dc_motors_normalization
 .text.main     0x00003fc8      0x13c ./Sources/main.o
                0x00003fc8                main
 .text.__copy_rom_section
                0x00004104       0xd8 ./Project_Settings/Startup_Code/startup.o
                0x00004104                __copy_rom_section
 .text.__copy_rom_sections_to_ram
                0x000041dc       0x98 ./Project_Settings/Startup_Code/startup.o
                0x000041dc                __copy_rom_sections_to_ram
 .text.__init_registers
                0x00004274        0x8 ./Project_Settings/Startup_Code/startup.o
                0x00004274                __init_registers
 .text.__init_user
                0x0000427c        0x8 ./Project_Settings/Startup_Code/startup.o
                0x0000427c                __init_user
 .text.__thumb_startup
                0x00004284       0x30 ./Project_Settings/Startup_Code/startup.o
                0x00004284                __thumb_startup
 .text.ClrSumV  0x000042b4       0x18 ./Generated_Code/AD_Converter.o
 .text.AD_Converter_HWEnDi
                0x000042cc       0x9c ./Generated_Code/AD_Converter.o
                0x000042cc                AD_Converter_HWEnDi
 .text.AD_Converter_MeasureChan
                0x00004368       0x64 ./Generated_Code/AD_Converter.o
                0x00004368                AD_Converter_MeasureChan
 .text.AD_Converter_GetChanValue
                0x000043cc       0x58 ./Generated_Code/AD_Converter.o
                0x000043cc                AD_Converter_GetChanValue
 .text.AdcLdd1_OnMeasurementComplete
                0x00004424       0xf8 ./Generated_Code/AD_Converter.o
                0x00004424                AdcLdd1_OnMeasurementComplete
 .text.AD_Converter_Init
                0x0000451c       0x2c ./Generated_Code/AD_Converter.o
                0x0000451c                AD_Converter_Init
 .text.AdcLdd1_Init
                0x00004548       0xe0 ./Generated_Code/AdcLdd1.o
                0x00004548                AdcLdd1_Init
 .text.AdcLdd1_StartSingleMeasurement
                0x00004628       0x44 ./Generated_Code/AdcLdd1.o
                0x00004628                AdcLdd1_StartSingleMeasurement
 .text.AdcLdd1_CreateSampleGroup
                0x0000466c       0x6c ./Generated_Code/AdcLdd1.o
                0x0000466c                AdcLdd1_CreateSampleGroup
 .text.AdcLdd1_GetMeasuredValues
                0x000046d8       0x60 ./Generated_Code/AdcLdd1.o
                0x000046d8                AdcLdd1_GetMeasuredValues
 .text.AdcLdd1_GetCalibrationResultStatus
                0x00004738       0xb8 ./Generated_Code/AdcLdd1.o
                0x00004738                AdcLdd1_GetCalibrationResultStatus
 .text.AdcLdd1_MeasurementCompleteInterrupt
                0x000047f0       0x30 ./Generated_Code/AdcLdd1.o
                0x000047f0                AdcLdd1_MeasurementCompleteInterrupt
 .text.BitIoLdd1_Init
                0x00004820       0x60 ./Generated_Code/BitIoLdd1.o
                0x00004820                BitIoLdd1_Init
 .text.BitIoLdd1_GetVal
                0x00004880       0x28 ./Generated_Code/BitIoLdd1.o
                0x00004880                BitIoLdd1_GetVal
 .text.BitIoLdd1_ClrVal
                0x000048a8       0x18 ./Generated_Code/BitIoLdd1.o
                0x000048a8                BitIoLdd1_ClrVal
 .text.BitIoLdd1_SetVal
                0x000048c0       0x18 ./Generated_Code/BitIoLdd1.o
                0x000048c0                BitIoLdd1_SetVal
 .text.BitIoLdd10_Init
                0x000048d8       0x60 ./Generated_Code/BitIoLdd10.o
                0x000048d8                BitIoLdd10_Init
 .text.BitIoLdd11_Init
                0x00004938       0x60 ./Generated_Code/BitIoLdd11.o
                0x00004938                BitIoLdd11_Init
 .text.BitIoLdd12_Init
                0x00004998       0x54 ./Generated_Code/BitIoLdd12.o
                0x00004998                BitIoLdd12_Init
 .text.BitIoLdd12_GetVal
                0x000049ec       0x28 ./Generated_Code/BitIoLdd12.o
                0x000049ec                BitIoLdd12_GetVal
 .text.BitIoLdd13_Init
                0x00004a14       0x54 ./Generated_Code/BitIoLdd13.o
                0x00004a14                BitIoLdd13_Init
 .text.BitIoLdd13_GetVal
                0x00004a68       0x28 ./Generated_Code/BitIoLdd13.o
                0x00004a68                BitIoLdd13_GetVal
 .text.BitIoLdd14_Init
                0x00004a90       0x54 ./Generated_Code/BitIoLdd14.o
                0x00004a90                BitIoLdd14_Init
 .text.BitIoLdd14_GetVal
                0x00004ae4       0x28 ./Generated_Code/BitIoLdd14.o
                0x00004ae4                BitIoLdd14_GetVal
 .text.BitIoLdd2_Init
                0x00004b0c       0x60 ./Generated_Code/BitIoLdd2.o
                0x00004b0c                BitIoLdd2_Init
 .text.BitIoLdd2_GetVal
                0x00004b6c       0x28 ./Generated_Code/BitIoLdd2.o
                0x00004b6c                BitIoLdd2_GetVal
 .text.BitIoLdd2_ClrVal
                0x00004b94       0x18 ./Generated_Code/BitIoLdd2.o
                0x00004b94                BitIoLdd2_ClrVal
 .text.BitIoLdd2_SetVal
                0x00004bac       0x18 ./Generated_Code/BitIoLdd2.o
                0x00004bac                BitIoLdd2_SetVal
 .text.BitIoLdd3_Init
                0x00004bc4       0x58 ./Generated_Code/BitIoLdd3.o
                0x00004bc4                BitIoLdd3_Init
 .text.BitIoLdd3_GetVal
                0x00004c1c       0x28 ./Generated_Code/BitIoLdd3.o
                0x00004c1c                BitIoLdd3_GetVal
 .text.BitIoLdd4_Init
                0x00004c44       0x68 ./Generated_Code/BitIoLdd4.o
                0x00004c44                BitIoLdd4_Init
 .text.BitIoLdd4_SetVal
                0x00004cac       0x1c ./Generated_Code/BitIoLdd4.o
                0x00004cac                BitIoLdd4_SetVal
 .text.BitIoLdd5_Init
                0x00004cc8       0x68 ./Generated_Code/BitIoLdd5.o
                0x00004cc8                BitIoLdd5_Init
 .text.BitIoLdd5_SetVal
                0x00004d30       0x1c ./Generated_Code/BitIoLdd5.o
                0x00004d30                BitIoLdd5_SetVal
 .text.BitIoLdd5_NegVal
                0x00004d4c       0x1c ./Generated_Code/BitIoLdd5.o
                0x00004d4c                BitIoLdd5_NegVal
 .text.BitIoLdd6_Init
                0x00004d68       0x68 ./Generated_Code/BitIoLdd6.o
                0x00004d68                BitIoLdd6_Init
 .text.BitIoLdd6_ClrVal
                0x00004dd0       0x1c ./Generated_Code/BitIoLdd6.o
                0x00004dd0                BitIoLdd6_ClrVal
 .text.BitIoLdd6_SetVal
                0x00004dec       0x1c ./Generated_Code/BitIoLdd6.o
                0x00004dec                BitIoLdd6_SetVal
 .text.BitIoLdd6_NegVal
                0x00004e08       0x1c ./Generated_Code/BitIoLdd6.o
                0x00004e08                BitIoLdd6_NegVal
 .text.BitIoLdd7_Init
                0x00004e24       0x68 ./Generated_Code/BitIoLdd7.o
                0x00004e24                BitIoLdd7_Init
 .text.BitIoLdd7_ClrVal
                0x00004e8c       0x1c ./Generated_Code/BitIoLdd7.o
                0x00004e8c                BitIoLdd7_ClrVal
 .text.BitIoLdd7_SetVal
                0x00004ea8       0x1c ./Generated_Code/BitIoLdd7.o
                0x00004ea8                BitIoLdd7_SetVal
 .text.BitIoLdd7_NegVal
                0x00004ec4       0x1c ./Generated_Code/BitIoLdd7.o
                0x00004ec4                BitIoLdd7_NegVal
 .text.BitIoLdd8_Init
                0x00004ee0       0x68 ./Generated_Code/BitIoLdd8.o
                0x00004ee0                BitIoLdd8_Init
 .text.BitIoLdd8_ClrVal
                0x00004f48       0x1c ./Generated_Code/BitIoLdd8.o
                0x00004f48                BitIoLdd8_ClrVal
 .text.BitIoLdd8_SetVal
                0x00004f64       0x1c ./Generated_Code/BitIoLdd8.o
                0x00004f64                BitIoLdd8_SetVal
 .text.BitIoLdd8_NegVal
                0x00004f80       0x1c ./Generated_Code/BitIoLdd8.o
                0x00004f80                BitIoLdd8_NegVal
 .text.BitIoLdd9_Init
                0x00004f9c       0x64 ./Generated_Code/BitIoLdd9.o
                0x00004f9c                BitIoLdd9_Init
 .text.TimerIntLdd1_OnInterrupt
                0x00005000       0x14 ./Generated_Code/Camera_CLK_Interruption.o
                0x00005000                TimerIntLdd1_OnInterrupt
 .text.Cpu_INT_NMIInterrupt
                0x00005014        0xc ./Generated_Code/Cpu.o
                0x00005014                Cpu_INT_NMIInterrupt
 .text.Cpu_Interrupt
                0x00005020        0xc ./Generated_Code/Cpu.o
                0x00005020                Cpu_Interrupt
 .text.__init_hardware
                0x0000502c      0x110 ./Generated_Code/Cpu.o
                0x0000502c                __init_hardware
 .text.PE_low_level_init
                0x0000513c      0x144 ./Generated_Code/Cpu.o
                0x0000513c                PE_low_level_init
 .text.PwmLdd1_Init
                0x00005280       0x58 ./Generated_Code/PwmLdd1.o
                0x00005280                PwmLdd1_Init
 .text.PwmLdd1_SetRatio8
                0x000052d8       0x34 ./Generated_Code/PwmLdd1.o
                0x000052d8                PwmLdd1_SetRatio8
 .text.SetRatio
                0x0000530c       0x68 ./Generated_Code/PwmLdd1.o
 .text.PwmLdd2_Init
                0x00005374       0x58 ./Generated_Code/PwmLdd2.o
                0x00005374                PwmLdd2_Init
 .text.PwmLdd2_SetRatio8
                0x000053cc       0x34 ./Generated_Code/PwmLdd2.o
                0x000053cc                PwmLdd2_SetRatio8
 .text.SetRatio
                0x00005400       0x68 ./Generated_Code/PwmLdd2.o
 .text.PwmLdd3_Init
                0x00005468       0x58 ./Generated_Code/PwmLdd3.o
                0x00005468                PwmLdd3_Init
 .text.PwmLdd3_SetRatio8
                0x000054c0       0x34 ./Generated_Code/PwmLdd3.o
                0x000054c0                PwmLdd3_SetRatio8
 .text.SetRatio
                0x000054f4       0x68 ./Generated_Code/PwmLdd3.o
 .text.PwmLdd4_Init
                0x0000555c       0x58 ./Generated_Code/PwmLdd4.o
                0x0000555c                PwmLdd4_Init
 .text.PwmLdd4_SetRatio8
                0x000055b4       0x34 ./Generated_Code/PwmLdd4.o
                0x000055b4                PwmLdd4_SetRatio8
 .text.SetRatio
                0x000055e8       0x68 ./Generated_Code/PwmLdd4.o
 .text.PwmLdd5_Init
                0x00005650       0x58 ./Generated_Code/PwmLdd5.o
                0x00005650                PwmLdd5_Init
 .text.PwmLdd5_Enable
                0x000056a8       0x30 ./Generated_Code/PwmLdd5.o
                0x000056a8                PwmLdd5_Enable
 .text.PwmLdd5_SetDutyUS
                0x000056d8       0x7c ./Generated_Code/PwmLdd5.o
                0x000056d8                PwmLdd5_SetDutyUS
 .text.SetRatio
                0x00005754       0x68 ./Generated_Code/PwmLdd5.o
 .text.SerialCom_Init
                0x000057bc      0x1b0 ./Generated_Code/SerialCom.o
                0x000057bc                SerialCom_Init
 .text.SerialCom_SendBlock
                0x0000596c       0xc4 ./Generated_Code/SerialCom.o
                0x0000596c                SerialCom_SendBlock
 .text.InterruptRx
                0x00005a30       0x50 ./Generated_Code/SerialCom.o
 .text.InterruptTx
                0x00005a80       0x80 ./Generated_Code/SerialCom.o
 .text.SerialCom_Interrupt
                0x00005b00       0x64 ./Generated_Code/SerialCom.o
                0x00005b00                SerialCom_Interrupt
 .text.TU1_Init
                0x00005b64       0xd4 ./Generated_Code/TU1.o
                0x00005b64                TU1_Init
 .text.TU1_Enable
                0x00005c38       0x2c ./Generated_Code/TU1.o
                0x00005c38                TU1_Enable
 .text.TU1_SetEventMask
                0x00005c64       0x74 ./Generated_Code/TU1.o
                0x00005c64                TU1_SetEventMask
 .text.TU1_Interrupt
                0x00005cd8       0x38 ./Generated_Code/TU1.o
                0x00005cd8                TU1_Interrupt
 .text.TU2_Init
                0x00005d10      0x134 ./Generated_Code/TU2.o
                0x00005d10                TU2_Init
 .text.TU2_GetPeriodTicks
                0x00005e44       0x3c ./Generated_Code/TU2.o
                0x00005e44                TU2_GetPeriodTicks
 .text.TU2_SetOffsetTicks
                0x00005e80       0x58 ./Generated_Code/TU2.o
                0x00005e80                TU2_SetOffsetTicks
 .text.TU3_Init
                0x00005ed8       0xcc ./Generated_Code/TU3.o
                0x00005ed8                TU3_Init
 .text.TU3_Enable
                0x00005fa4       0x30 ./Generated_Code/TU3.o
                0x00005fa4                TU3_Enable
 .text.TU3_GetPeriodTicks
                0x00005fd4       0x3c ./Generated_Code/TU3.o
                0x00005fd4                TU3_GetPeriodTicks
 .text.TU3_SetOffsetTicks
                0x00006010       0x44 ./Generated_Code/TU3.o
                0x00006010                TU3_SetOffsetTicks
 .text.TimerIntLdd1_Init
                0x00006054       0x50 ./Generated_Code/TimerIntLdd1.o
                0x00006054                TimerIntLdd1_Init
 .text.TimerIntLdd1_Enable
                0x000060a4       0x30 ./Generated_Code/TimerIntLdd1.o
                0x000060a4                TimerIntLdd1_Enable
 .text.TimerIntLdd1_SetEventMask
                0x000060d4       0x40 ./Generated_Code/TimerIntLdd1.o
                0x000060d4                TimerIntLdd1_SetEventMask
 .text.TU1_OnCounterRestart
                0x00006114       0x24 ./Generated_Code/TimerIntLdd1.o
                0x00006114                TU1_OnCounterRestart
 .text.exit     0x00006138       0x2c /opt/Freescale/KDS_v3/toolchain/bin/../lib/gcc/arm-none-eabi/4.8.4/../../../../arm-none-eabi/lib/armv6-m/libg_s.a(lib_a-exit.o)
                0x00006138                exit
 .text.__libc_init_array
                0x00006164       0x4c /opt/Freescale/KDS_v3/toolchain/bin/../lib/gcc/arm-none-eabi/4.8.4/../../../../arm-none-eabi/lib/armv6-m/libg_s.a(lib_a-init.o)
                0x00006164                __libc_init_array
 .text.memset   0x000061b0       0x10 /opt/Freescale/KDS_v3/toolchain/bin/../lib/gcc/arm-none-eabi/4.8.4/../../../../arm-none-eabi/lib/armv6-m/libg_s.a(lib_a-memset.o)
                0x000061b0                memset
 .text._exit    0x000061c0        0x4 /opt/Freescale/KDS_v3/toolchain/bin/../lib/gcc/arm-none-eabi/4.8.4/../../../../arm-none-eabi/lib/armv6-m/libnosys.a(_exit.o)
                0x000061c0                _exit
 *(.rodata)
 .rodata        0x000061c4       0x14 ./Sources/main.o
 .rodata        0x000061d8       0x40 /opt/Freescale/KDS_v3/toolchain/bin/../lib/gcc/arm-none-eabi/4.8.4/armv6-m/libgcc.a(divsf3.o)
 .rodata        0x00006218       0x40 /opt/Freescale/KDS_v3/toolchain/bin/../lib/gcc/arm-none-eabi/4.8.4/armv6-m/libgcc.a(mulsf3.o)
 .rodata        0x00006258       0x40 /opt/Freescale/KDS_v3/toolchain/bin/../lib/gcc/arm-none-eabi/4.8.4/armv6-m/libgcc.a(divdf3.o)
 .rodata        0x00006298       0x40 /opt/Freescale/KDS_v3/toolchain/bin/../lib/gcc/arm-none-eabi/4.8.4/armv6-m/libgcc.a(muldf3.o)
 *(.rodata*)
 .rodata.Camera_CLK_Interruption_OnInterrupt
                0x000062d8       0x14 ./Sources/Events.o
 .rodata.Table  0x000062ec        0x4 ./Generated_Code/AD_Converter.o
 .rodata.ChannelToPin
                0x000062f0        0x4 ./Generated_Code/AdcLdd1.o
 .rodata.ChannelDevice
                0x000062f4        0x4 ./Generated_Code/TU2.o
 .rodata.ChannelMode
                0x000062f8        0x4 ./Generated_Code/TU2.o
 .rodata.str1.1
                0x000062fc        0x2 /opt/Freescale/KDS_v3/toolchain/bin/../lib/gcc/arm-none-eabi/4.8.4/../../../../arm-none-eabi/lib/armv6-m/libg_s.a(lib_a-impure.o)
 *fill*         0x000062fe        0x2 
 .rodata._global_impure_ptr
                0x00006300        0x4 /opt/Freescale/KDS_v3/toolchain/bin/../lib/gcc/arm-none-eabi/4.8.4/../../../../arm-none-eabi/lib/armv6-m/libg_s.a(lib_a-impure.o)
                0x00006300                _global_impure_ptr
 *(.glue_7)
 .glue_7        0x00000000        0x0 linker stubs
 *(.glue_7t)
 .glue_7t       0x00000000        0x0 linker stubs
 *(.eh_frame)
 .eh_frame      0x00006304        0x0 /opt/Freescale/KDS_v3/toolchain/bin/../lib/gcc/arm-none-eabi/4.8.4/armv6-m/crtbegin.o
 *(.init)
 .init          0x00006304        0x4 /opt/Freescale/KDS_v3/toolchain/bin/../lib/gcc/arm-none-eabi/4.8.4/armv6-m/crti.o
                0x00006304                _init
 .init          0x00006308        0x8 /opt/Freescale/KDS_v3/toolchain/bin/../lib/gcc/arm-none-eabi/4.8.4/armv6-m/crtn.o
 *(.fini)
 .fini          0x00006310        0x4 /opt/Freescale/KDS_v3/toolchain/bin/../lib/gcc/arm-none-eabi/4.8.4/armv6-m/crti.o
                0x00006310                _fini
 .fini          0x00006314        0x8 /opt/Freescale/KDS_v3/toolchain/bin/../lib/gcc/arm-none-eabi/4.8.4/armv6-m/crtn.o
                0x0000631c                . = ALIGN (0x4)
                0x0000631c                _etext = .

.vfp11_veneer   0x0000631c        0x0
 .vfp11_veneer  0x00000000        0x0 linker stubs

.v4_bx          0x0000631c        0x0
 .v4_bx         0x00000000        0x0 linker stubs

.iplt           0x0000631c        0x0
 .iplt          0x00000000        0x0 /opt/Freescale/KDS_v3/toolchain/bin/../lib/gcc/arm-none-eabi/4.8.4/armv6-m/crtbegin.o

.ARM.extab
 *(.ARM.extab* .gnu.linkonce.armextab.*)

.ARM            0x0000631c        0x8
                0x0000631c                __exidx_start = .
 *(.ARM.exidx*)
 .ARM.exidx     0x0000631c        0x8 /opt/Freescale/KDS_v3/toolchain/bin/../lib/gcc/arm-none-eabi/4.8.4/../../../../arm-none-eabi/lib/armv6-m/crt0.o
                0x00006324                __exidx_end = .

.rel.dyn        0x00006324        0x0
 .rel.iplt      0x00000000        0x0 /opt/Freescale/KDS_v3/toolchain/bin/../lib/gcc/arm-none-eabi/4.8.4/armv6-m/crtbegin.o

.ctors          0x00006324        0x0
                0x00006324                __CTOR_LIST__ = .
 *crtbegin.o(.ctors)
 *(EXCLUDE_FILE(*crtend.o) .ctors)
 *(SORT(.ctors.*))
 *(.ctors)
                0x00006324                __CTOR_END__ = .

.dtors          0x00006324        0x0
                0x00006324                __DTOR_LIST__ = .
 *crtbegin.o(.dtors)
 *(EXCLUDE_FILE(*crtend.o) .dtors)
 *(SORT(.dtors.*))
 *(.dtors)
                0x00006324                __DTOR_END__ = .

.preinit_array  0x00006324        0x0
                0x00006324                PROVIDE (__preinit_array_start, .)
 *(.preinit_array*)
                0x00006324                PROVIDE (__preinit_array_end, .)

.init_array     0x00006324        0x4
                0x00006324                PROVIDE (__init_array_start, .)
 *(SORT(.init_array.*))
 *(.init_array*)
 .init_array    0x00006324        0x4 /opt/Freescale/KDS_v3/toolchain/bin/../lib/gcc/arm-none-eabi/4.8.4/armv6-m/crtbegin.o
                0x00006328                PROVIDE (__init_array_end, .)

.fini_array     0x00006328        0x4
                0x00006328                PROVIDE (__fini_array_start, .)
 *(SORT(.fini_array.*))
 *(.fini_array*)
 .fini_array    0x00006328        0x4 /opt/Freescale/KDS_v3/toolchain/bin/../lib/gcc/arm-none-eabi/4.8.4/armv6-m/crtbegin.o
                0x0000632c                PROVIDE (__fini_array_end, .)
                0x0000632c                ___ROM_AT = .

.mtb            0x1ffff000        0x0
                0x1ffff000                . = ALIGN (0x8)
                0x1ffff000                _mtb_start = .
 *(.mtb_buf)
                0x1ffff000                . = ALIGN (0x8)
                0x1ffff000                _mtb_end = .

.data           0x1ffff000       0x60 load address 0x0000632c
                0x1ffff000                . = ALIGN (0x4)
                0x1ffff000                _sdata = .
 *(.data)
 *(.data*)
 .data.impure_data
                0x1ffff000       0x60 /opt/Freescale/KDS_v3/toolchain/bin/../lib/gcc/arm-none-eabi/4.8.4/../../../../arm-none-eabi/lib/armv6-m/libg_s.a(lib_a-impure.o)
                0x1ffff060                . = ALIGN (0x4)
                0x1ffff060                _edata = .
                0x00000060                ___data_size = (_edata - _sdata)

.jcr            0x1ffff060        0x0 load address 0x0000638c
 .jcr           0x1ffff060        0x0 /opt/Freescale/KDS_v3/toolchain/bin/../lib/gcc/arm-none-eabi/4.8.4/armv6-m/crtbegin.o

.igot.plt       0x1ffff060        0x0 load address 0x0000638c
 .igot.plt      0x00000000        0x0 /opt/Freescale/KDS_v3/toolchain/bin/../lib/gcc/arm-none-eabi/4.8.4/armv6-m/crtbegin.o
                0x1ffff060                . = ALIGN (0x4)

.bss            0x1ffff060      0x308 load address 0x0000638c
                0x1ffff060                __START_BSS = .
                0x1ffff060                PROVIDE (__bss_start__, __START_BSS)
 *(.bss)
 .bss           0x1ffff060       0x1c /opt/Freescale/KDS_v3/toolchain/bin/../lib/gcc/arm-none-eabi/4.8.4/armv6-m/crtbegin.o
 *(.bss*)
 .bss.deviceData
                0x1ffff07c        0x8 ./Sources/SerialCommunication.o
 .bss.SumChan   0x1ffff084        0x1 ./Generated_Code/AD_Converter.o
 .bss.ModeFlg   0x1ffff085        0x1 ./Generated_Code/AD_Converter.o
 *fill*         0x1ffff086        0x2 
 .bss.SampleGroup
                0x1ffff088        0x4 ./Generated_Code/AD_Converter.o
 .bss.OutFlg    0x1ffff08c        0x1 ./Generated_Code/AD_Converter.o
 *fill*         0x1ffff08d        0x3 
 .bss.DeviceDataPrv__DEFAULT_RTOS_ALLOC
                0x1ffff090        0x8 ./Generated_Code/AdcLdd1.o
 .bss.INT_ADC0__DEFAULT_RTOS_ISRPARAM
                0x1ffff098        0x4 ./Generated_Code/AdcLdd1.o
 .bss.DeviceDataPrv__DEFAULT_RTOS_ALLOC
                0x1ffff09c        0x4 ./Generated_Code/BitIoLdd1.o
 .bss.DeviceDataPrv__DEFAULT_RTOS_ALLOC
                0x1ffff0a0        0x4 ./Generated_Code/BitIoLdd10.o
 .bss.DeviceDataPrv__DEFAULT_RTOS_ALLOC
                0x1ffff0a4        0x4 ./Generated_Code/BitIoLdd11.o
 .bss.DeviceDataPrv__DEFAULT_RTOS_ALLOC
                0x1ffff0a8        0x4 ./Generated_Code/BitIoLdd12.o
 .bss.DeviceDataPrv__DEFAULT_RTOS_ALLOC
                0x1ffff0ac        0x4 ./Generated_Code/BitIoLdd13.o
 .bss.DeviceDataPrv__DEFAULT_RTOS_ALLOC
                0x1ffff0b0        0x4 ./Generated_Code/BitIoLdd14.o
 .bss.DeviceDataPrv__DEFAULT_RTOS_ALLOC
                0x1ffff0b4        0x4 ./Generated_Code/BitIoLdd2.o
 .bss.DeviceDataPrv__DEFAULT_RTOS_ALLOC
                0x1ffff0b8        0x4 ./Generated_Code/BitIoLdd3.o
 .bss.DeviceDataPrv__DEFAULT_RTOS_ALLOC
                0x1ffff0bc        0x4 ./Generated_Code/BitIoLdd4.o
 .bss.DeviceDataPrv__DEFAULT_RTOS_ALLOC
                0x1ffff0c0        0x4 ./Generated_Code/BitIoLdd5.o
 .bss.DeviceDataPrv__DEFAULT_RTOS_ALLOC
                0x1ffff0c4        0x4 ./Generated_Code/BitIoLdd6.o
 .bss.DeviceDataPrv__DEFAULT_RTOS_ALLOC
                0x1ffff0c8        0x4 ./Generated_Code/BitIoLdd7.o
 .bss.DeviceDataPrv__DEFAULT_RTOS_ALLOC
                0x1ffff0cc        0x4 ./Generated_Code/BitIoLdd8.o
 .bss.DeviceDataPrv__DEFAULT_RTOS_ALLOC
                0x1ffff0d0        0x4 ./Generated_Code/BitIoLdd9.o
 .bss.SR_lock   0x1ffff0d4        0x1 ./Generated_Code/Cpu.o
                0x1ffff0d4                SR_lock
 *fill*         0x1ffff0d5        0x3 
 .bss.PE_LDD_DeviceDataList
                0x1ffff0d8       0x64 ./Generated_Code/PE_LDD.o
                0x1ffff0d8                PE_LDD_DeviceDataList
 .bss.DeviceDataPrv__DEFAULT_RTOS_ALLOC
                0x1ffff13c        0xc ./Generated_Code/PwmLdd1.o
 .bss.DeviceDataPrv__DEFAULT_RTOS_ALLOC
                0x1ffff148        0xc ./Generated_Code/PwmLdd2.o
 .bss.DeviceDataPrv__DEFAULT_RTOS_ALLOC
                0x1ffff154        0xc ./Generated_Code/PwmLdd3.o
 .bss.DeviceDataPrv__DEFAULT_RTOS_ALLOC
                0x1ffff160        0xc ./Generated_Code/PwmLdd4.o
 .bss.DeviceDataPrv__DEFAULT_RTOS_ALLOC
                0x1ffff16c        0xc ./Generated_Code/PwmLdd5.o
 .bss.DeviceDataPrv__DEFAULT_RTOS_ALLOC
                0x1ffff178       0x18 ./Generated_Code/SerialCom.o
 .bss.INT_UART0__DEFAULT_RTOS_ISRPARAM
                0x1ffff190        0x4 ./Generated_Code/SerialCom.o
 .bss.DeviceDataPrv__DEFAULT_RTOS_ALLOC
                0x1ffff194        0x8 ./Generated_Code/TU1.o
 .bss.INT_PIT__DEFAULT_RTOS_ISRPARAM
                0x1ffff19c        0x4 ./Generated_Code/TU1.o
 .bss.DeviceDataPrv__DEFAULT_RTOS_ALLOC
                0x1ffff1a0        0x8 ./Generated_Code/TU2.o
 .bss.DeviceDataPrv__DEFAULT_RTOS_ALLOC
                0x1ffff1a8        0xc ./Generated_Code/TU3.o
 .bss.DeviceDataPrv__DEFAULT_RTOS_ALLOC
                0x1ffff1b4        0xc ./Generated_Code/TimerIntLdd1.o
 *(COMMON)
 COMMON         0x1ffff1c0        0xa ./Sources/BatteryController.o
                0x1ffff1c0                handlingPowerUpdate
                0x1ffff1c1                serialTest
                0x1ffff1c4                batteryLevel
                0x1ffff1c8                serialFinished
                0x1ffff1c9                serialTestStart
 *fill*         0x1ffff1ca        0x2 
 COMMON         0x1ffff1cc      0x114 ./Sources/CameraController.o
                0x1ffff1cc                clockCounter
                0x1ffff1d0                samplesNumber
                0x1ffff1d4                transferTime
                0x1ffff1d8                currentSample
                0x1ffff1dc                state
                0x1ffff1e0                rawImage
                0x1ffff260                rawImageBuffer
 COMMON         0x1ffff2e0       0x80 ./Sources/Error_management.o
                0x1ffff2e0                referenceImage
 COMMON         0x1ffff360        0x6 ./Generated_Code/AD_Converter.o
                0x1ffff360                AdcLdd1_DeviceDataPtr
                0x1ffff364                AD_Converter_OutV
 COMMON         0x1ffff366        0x1 ./Generated_Code/Cpu.o
                0x1ffff366                SR_reg
                0x1ffff368                . = ALIGN (0x4)
 *fill*         0x1ffff367        0x1 
                0x1ffff368                __END_BSS = .
                0x1ffff368                PROVIDE (__bss_end__, __END_BSS)
                0x0000638c                _romp_at = (___ROM_AT + SIZEOF (.data))

.romp           0x1ffff368       0x18 load address 0x0000638c
                0x0000638c                __S_romp = _romp_at
                0x1ffff368        0x4 LONG 0x632c ___ROM_AT
                0x1ffff36c        0x4 LONG 0x1ffff000 _sdata
                0x1ffff370        0x4 LONG 0x60 ___data_size
                0x1ffff374        0x4 LONG 0x0
                0x1ffff378        0x4 LONG 0x0
                0x1ffff37c        0x4 LONG 0x0
                0x00020000                text_end = (ORIGIN (m_text) + 0x1fbf0)
                0x000063a4                data_init_end = ((___ROM_AT + SIZEOF (.data)) + SIZEOF (.romp))
                0x00000001                ASSERT ((data_init_end <= text_end), region m_text overflowed with text and data)

._user_heap_stack
                0x1ffff380      0x400 load address 0x000063a4
                0x1ffff380                . = ALIGN (0x4)
                0x1ffff380                PROVIDE (end, .)
                0x1ffff380                PROVIDE (_end, .)
                0x1ffff380                PROVIDE (__end__, .)
                0x1ffff380                __heap_addr = .
                0x1ffff380                __HeapBase = .
                0x1ffff380                . = (. + __heap_size)
                0x1ffff380                __HeapLimit = .
                0x1ffff780                . = (. + __stack_size)
 *fill*         0x1ffff380      0x400 
                0x1ffff780                . = ALIGN (0x4)

.ARM.attributes
                0x00000000       0x28
 *(.ARM.attributes)
 .ARM.attributes
                0x00000000       0x1e /opt/Freescale/KDS_v3/toolchain/bin/../lib/gcc/arm-none-eabi/4.8.4/armv6-m/crti.o
 .ARM.attributes
                0x0000001e       0x2c /opt/Freescale/KDS_v3/toolchain/bin/../lib/gcc/arm-none-eabi/4.8.4/armv6-m/crtbegin.o
 .ARM.attributes
                0x0000004a       0x1b /opt/Freescale/KDS_v3/toolchain/bin/../lib/gcc/arm-none-eabi/4.8.4/../../../../arm-none-eabi/lib/armv6-m/crt0.o
 .ARM.attributes
                0x00000065       0x32 ./Sources/BatteryController.o
 .ARM.attributes
                0x00000097       0x32 ./Sources/CameraController.o
 .ARM.attributes
                0x000000c9       0x32 ./Sources/Error_management.o
 .ARM.attributes
                0x000000fb       0x32 ./Sources/Events.o
 .ARM.attributes
                0x0000012d       0x32 ./Sources/ImageProcessing.o
 .ARM.attributes
                0x0000015f       0x32 ./Sources/MotorController.o
 .ARM.attributes
                0x00000191       0x32 ./Sources/PID.o
 .ARM.attributes
                0x000001c3       0x32 ./Sources/SerialCommunication.o
 .ARM.attributes
                0x000001f5       0x32 ./Sources/ServoController.o
 .ARM.attributes
                0x00000227       0x32 ./Sources/SystemController.o
 .ARM.attributes
                0x00000259       0x32 ./Sources/main.o
 .ARM.attributes
                0x0000028b       0x32 ./Project_Settings/Startup_Code/startup.o
 .ARM.attributes
                0x000002bd       0x32 ./Generated_Code/AD_Converter.o
 .ARM.attributes
                0x000002ef       0x32 ./Generated_Code/AdcLdd1.o
 .ARM.attributes
                0x00000321       0x32 ./Generated_Code/BitIoLdd1.o
 .ARM.attributes
                0x00000353       0x32 ./Generated_Code/BitIoLdd10.o
 .ARM.attributes
                0x00000385       0x32 ./Generated_Code/BitIoLdd11.o
 .ARM.attributes
                0x000003b7       0x32 ./Generated_Code/BitIoLdd12.o
 .ARM.attributes
                0x000003e9       0x32 ./Generated_Code/BitIoLdd13.o
 .ARM.attributes
                0x0000041b       0x32 ./Generated_Code/BitIoLdd14.o
 .ARM.attributes
                0x0000044d       0x32 ./Generated_Code/BitIoLdd2.o
 .ARM.attributes
                0x0000047f       0x32 ./Generated_Code/BitIoLdd3.o
 .ARM.attributes
                0x000004b1       0x32 ./Generated_Code/BitIoLdd4.o
 .ARM.attributes
                0x000004e3       0x32 ./Generated_Code/BitIoLdd5.o
 .ARM.attributes
                0x00000515       0x32 ./Generated_Code/BitIoLdd6.o
 .ARM.attributes
                0x00000547       0x32 ./Generated_Code/BitIoLdd7.o
 .ARM.attributes
                0x00000579       0x32 ./Generated_Code/BitIoLdd8.o
 .ARM.attributes
                0x000005ab       0x32 ./Generated_Code/BitIoLdd9.o
 .ARM.attributes
                0x000005dd       0x32 ./Generated_Code/Camera_CLK_Interruption.o
 .ARM.attributes
                0x0000060f       0x32 ./Generated_Code/Cpu.o
 .ARM.attributes
                0x00000641       0x32 ./Generated_Code/PE_LDD.o
 .ARM.attributes
                0x00000673       0x32 ./Generated_Code/PwmLdd1.o
 .ARM.attributes
                0x000006a5       0x32 ./Generated_Code/PwmLdd2.o
 .ARM.attributes
                0x000006d7       0x32 ./Generated_Code/PwmLdd3.o
 .ARM.attributes
                0x00000709       0x32 ./Generated_Code/PwmLdd4.o
 .ARM.attributes
                0x0000073b       0x32 ./Generated_Code/PwmLdd5.o
 .ARM.attributes
                0x0000076d       0x32 ./Generated_Code/SerialCom.o
 .ARM.attributes
                0x0000079f       0x32 ./Generated_Code/TU1.o
 .ARM.attributes
                0x000007d1       0x32 ./Generated_Code/TU2.o
 .ARM.attributes
                0x00000803       0x32 ./Generated_Code/TU3.o
 .ARM.attributes
                0x00000835       0x32 ./Generated_Code/TimerIntLdd1.o
 .ARM.attributes
                0x00000867       0x32 ./Generated_Code/Vectors.o
 .ARM.attributes
                0x00000899       0x1e /opt/Freescale/KDS_v3/toolchain/bin/../lib/gcc/arm-none-eabi/4.8.4/armv6-m/libgcc.a(_udivsi3.o)
 .ARM.attributes
                0x000008b7       0x1e /opt/Freescale/KDS_v3/toolchain/bin/../lib/gcc/arm-none-eabi/4.8.4/armv6-m/libgcc.a(_divsi3.o)
 .ARM.attributes
                0x000008d5       0x1e /opt/Freescale/KDS_v3/toolchain/bin/../lib/gcc/arm-none-eabi/4.8.4/armv6-m/libgcc.a(_dvmd_tls.o)
 .ARM.attributes
                0x000008f3       0x1e /opt/Freescale/KDS_v3/toolchain/bin/../lib/gcc/arm-none-eabi/4.8.4/armv6-m/libgcc.a(_arm_cmpdf2.o)
 .ARM.attributes
                0x00000911       0x1e /opt/Freescale/KDS_v3/toolchain/bin/../lib/gcc/arm-none-eabi/4.8.4/armv6-m/libgcc.a(_arm_cmpsf2.o)
 .ARM.attributes
                0x0000092f       0x2c /opt/Freescale/KDS_v3/toolchain/bin/../lib/gcc/arm-none-eabi/4.8.4/armv6-m/libgcc.a(_fixunssfsi.o)
 .ARM.attributes
                0x0000095b       0x2c /opt/Freescale/KDS_v3/toolchain/bin/../lib/gcc/arm-none-eabi/4.8.4/armv6-m/libgcc.a(addsf3.o)
 .ARM.attributes
                0x00000987       0x2c /opt/Freescale/KDS_v3/toolchain/bin/../lib/gcc/arm-none-eabi/4.8.4/armv6-m/libgcc.a(divsf3.o)
 .ARM.attributes
                0x000009b3       0x2c /opt/Freescale/KDS_v3/toolchain/bin/../lib/gcc/arm-none-eabi/4.8.4/armv6-m/libgcc.a(eqsf2.o)
 .ARM.attributes
                0x000009df       0x2c /opt/Freescale/KDS_v3/toolchain/bin/../lib/gcc/arm-none-eabi/4.8.4/armv6-m/libgcc.a(gesf2.o)
 .ARM.attributes
                0x00000a0b       0x2c /opt/Freescale/KDS_v3/toolchain/bin/../lib/gcc/arm-none-eabi/4.8.4/armv6-m/libgcc.a(lesf2.o)
 .ARM.attributes
                0x00000a37       0x2c /opt/Freescale/KDS_v3/toolchain/bin/../lib/gcc/arm-none-eabi/4.8.4/armv6-m/libgcc.a(mulsf3.o)
 .ARM.attributes
                0x00000a63       0x2c /opt/Freescale/KDS_v3/toolchain/bin/../lib/gcc/arm-none-eabi/4.8.4/armv6-m/libgcc.a(subsf3.o)
 .ARM.attributes
                0x00000a8f       0x2c /opt/Freescale/KDS_v3/toolchain/bin/../lib/gcc/arm-none-eabi/4.8.4/armv6-m/libgcc.a(fixsfsi.o)
 .ARM.attributes
                0x00000abb       0x2c /opt/Freescale/KDS_v3/toolchain/bin/../lib/gcc/arm-none-eabi/4.8.4/armv6-m/libgcc.a(floatsisf.o)
 .ARM.attributes
                0x00000ae7       0x2c /opt/Freescale/KDS_v3/toolchain/bin/../lib/gcc/arm-none-eabi/4.8.4/armv6-m/libgcc.a(floatunsisf.o)
 .ARM.attributes
                0x00000b13       0x2c /opt/Freescale/KDS_v3/toolchain/bin/../lib/gcc/arm-none-eabi/4.8.4/armv6-m/libgcc.a(adddf3.o)
 .ARM.attributes
                0x00000b3f       0x2c /opt/Freescale/KDS_v3/toolchain/bin/../lib/gcc/arm-none-eabi/4.8.4/armv6-m/libgcc.a(divdf3.o)
 .ARM.attributes
                0x00000b6b       0x2c /opt/Freescale/KDS_v3/toolchain/bin/../lib/gcc/arm-none-eabi/4.8.4/armv6-m/libgcc.a(eqdf2.o)
 .ARM.attributes
                0x00000b97       0x2c /opt/Freescale/KDS_v3/toolchain/bin/../lib/gcc/arm-none-eabi/4.8.4/armv6-m/libgcc.a(gedf2.o)
 .ARM.attributes
                0x00000bc3       0x2c /opt/Freescale/KDS_v3/toolchain/bin/../lib/gcc/arm-none-eabi/4.8.4/armv6-m/libgcc.a(ledf2.o)
 .ARM.attributes
                0x00000bef       0x2c /opt/Freescale/KDS_v3/toolchain/bin/../lib/gcc/arm-none-eabi/4.8.4/armv6-m/libgcc.a(muldf3.o)
 .ARM.attributes
                0x00000c1b       0x2c /opt/Freescale/KDS_v3/toolchain/bin/../lib/gcc/arm-none-eabi/4.8.4/armv6-m/libgcc.a(subdf3.o)
 .ARM.attributes
                0x00000c47       0x2c /opt/Freescale/KDS_v3/toolchain/bin/../lib/gcc/arm-none-eabi/4.8.4/armv6-m/libgcc.a(fixdfsi.o)
 .ARM.attributes
                0x00000c73       0x2c /opt/Freescale/KDS_v3/toolchain/bin/../lib/gcc/arm-none-eabi/4.8.4/armv6-m/libgcc.a(floatsidf.o)
 .ARM.attributes
                0x00000c9f       0x2c /opt/Freescale/KDS_v3/toolchain/bin/../lib/gcc/arm-none-eabi/4.8.4/armv6-m/libgcc.a(extendsfdf2.o)
 .ARM.attributes
                0x00000ccb       0x2c /opt/Freescale/KDS_v3/toolchain/bin/../lib/gcc/arm-none-eabi/4.8.4/armv6-m/libgcc.a(truncdfsf2.o)
 .ARM.attributes
                0x00000cf7       0x1e /opt/Freescale/KDS_v3/toolchain/bin/../lib/gcc/arm-none-eabi/4.8.4/armv6-m/libgcc.a(_clzsi2.o)
 .ARM.attributes
                0x00000d15       0x2c /opt/Freescale/KDS_v3/toolchain/bin/../lib/gcc/arm-none-eabi/4.8.4/../../../../arm-none-eabi/lib/armv6-m/libg_s.a(lib_a-exit.o)
 .ARM.attributes
                0x00000d41       0x2c /opt/Freescale/KDS_v3/toolchain/bin/../lib/gcc/arm-none-eabi/4.8.4/../../../../arm-none-eabi/lib/armv6-m/libg_s.a(lib_a-impure.o)
 .ARM.attributes
                0x00000d6d       0x2c /opt/Freescale/KDS_v3/toolchain/bin/../lib/gcc/arm-none-eabi/4.8.4/../../../../arm-none-eabi/lib/armv6-m/libg_s.a(lib_a-init.o)
 .ARM.attributes
                0x00000d99       0x2c /opt/Freescale/KDS_v3/toolchain/bin/../lib/gcc/arm-none-eabi/4.8.4/../../../../arm-none-eabi/lib/armv6-m/libg_s.a(lib_a-memset.o)
 .ARM.attributes
                0x00000dc5       0x2c /opt/Freescale/KDS_v3/toolchain/bin/../lib/gcc/arm-none-eabi/4.8.4/../../../../arm-none-eabi/lib/armv6-m/libnosys.a(_exit.o)
 .ARM.attributes
                0x00000df1       0x1e /opt/Freescale/KDS_v3/toolchain/bin/../lib/gcc/arm-none-eabi/4.8.4/armv6-m/crtn.o
OUTPUT(SDP_2016.elf elf32-littlearm)

.debug_info     0x00000000     0x8c4b
 .debug_info    0x00000000      0x1b0 ./Sources/BatteryController.o
 .debug_info    0x000001b0      0x1ea ./Sources/CameraController.o
 .debug_info    0x0000039a      0x19f ./Sources/Error_management.o
 .debug_info    0x00000539      0x279 ./Sources/Events.o
 .debug_info    0x000007b2      0x269 ./Sources/ImageProcessing.o
 .debug_info    0x00000a1b       0xdb ./Sources/MotorController.o
 .debug_info    0x00000af6      0x250 ./Sources/PID.o
 .debug_info    0x00000d46      0x2bd ./Sources/SerialCommunication.o
 .debug_info    0x00001003       0xcd ./Sources/ServoController.o
 .debug_info    0x000010d0      0x1d3 ./Sources/SystemController.o
 .debug_info    0x000012a3      0x2fd ./Sources/main.o
 .debug_info    0x000015a0      0x20a ./Project_Settings/Startup_Code/startup.o
 .debug_info    0x000017aa      0x3e3 ./Generated_Code/AD_Converter.o
 .debug_info    0x00001b8d      0x8da ./Generated_Code/AdcLdd1.o
 .debug_info    0x00002467      0x3a7 ./Generated_Code/BitIoLdd1.o
 .debug_info    0x0000280e      0x381 ./Generated_Code/BitIoLdd10.o
 .debug_info    0x00002b8f      0x381 ./Generated_Code/BitIoLdd11.o
 .debug_info    0x00002f10      0x307 ./Generated_Code/BitIoLdd12.o
 .debug_info    0x00003217      0x307 ./Generated_Code/BitIoLdd13.o
 .debug_info    0x0000351e      0x307 ./Generated_Code/BitIoLdd14.o
 .debug_info    0x00003825      0x3a7 ./Generated_Code/BitIoLdd2.o
 .debug_info    0x00003bcc      0x307 ./Generated_Code/BitIoLdd3.o
 .debug_info    0x00003ed3      0x30e ./Generated_Code/BitIoLdd4.o
 .debug_info    0x000041e1      0x332 ./Generated_Code/BitIoLdd5.o
 .debug_info    0x00004513      0x332 ./Generated_Code/BitIoLdd6.o
 .debug_info    0x00004845      0x332 ./Generated_Code/BitIoLdd7.o
 .debug_info    0x00004b77      0x332 ./Generated_Code/BitIoLdd8.o
 .debug_info    0x00004ea9      0x381 ./Generated_Code/BitIoLdd9.o
 .debug_info    0x0000522a      0x1b7 ./Generated_Code/Camera_CLK_Interruption.o
 .debug_info    0x000053e1      0x943 ./Generated_Code/Cpu.o
 .debug_info    0x00005d24      0x251 ./Generated_Code/PE_LDD.o
 .debug_info    0x00005f75      0x231 ./Generated_Code/PwmLdd1.o
 .debug_info    0x000061a6      0x231 ./Generated_Code/PwmLdd2.o
 .debug_info    0x000063d7      0x231 ./Generated_Code/PwmLdd3.o
 .debug_info    0x00006608      0x231 ./Generated_Code/PwmLdd4.o
 .debug_info    0x00006839      0x346 ./Generated_Code/PwmLdd5.o
 .debug_info    0x00006b7f      0x879 ./Generated_Code/SerialCom.o
 .debug_info    0x000073f8      0x5f3 ./Generated_Code/TU1.o
 .debug_info    0x000079eb      0x69f ./Generated_Code/TU2.o
 .debug_info    0x0000808a      0x745 ./Generated_Code/TU3.o
 .debug_info    0x000087cf      0x26d ./Generated_Code/TimerIntLdd1.o
 .debug_info    0x00008a3c      0x20f ./Generated_Code/Vectors.o

.debug_abbrev   0x00000000     0x2e63
 .debug_abbrev  0x00000000       0xd4 ./Sources/BatteryController.o
 .debug_abbrev  0x000000d4      0x117 ./Sources/CameraController.o
 .debug_abbrev  0x000001eb       0xa7 ./Sources/Error_management.o
 .debug_abbrev  0x00000292      0x12a ./Sources/Events.o
 .debug_abbrev  0x000003bc       0xfc ./Sources/ImageProcessing.o
 .debug_abbrev  0x000004b8       0x89 ./Sources/MotorController.o
 .debug_abbrev  0x00000541      0x108 ./Sources/PID.o
 .debug_abbrev  0x00000649      0x10f ./Sources/SerialCommunication.o
 .debug_abbrev  0x00000758       0x89 ./Sources/ServoController.o
 .debug_abbrev  0x000007e1       0xa5 ./Sources/SystemController.o
 .debug_abbrev  0x00000886       0xfc ./Sources/main.o
 .debug_abbrev  0x00000982      0x11e ./Project_Settings/Startup_Code/startup.o
 .debug_abbrev  0x00000aa0      0x190 ./Generated_Code/AD_Converter.o
 .debug_abbrev  0x00000c30      0x1e3 ./Generated_Code/AdcLdd1.o
 .debug_abbrev  0x00000e13      0x15f ./Generated_Code/BitIoLdd1.o
 .debug_abbrev  0x00000f72      0x136 ./Generated_Code/BitIoLdd10.o
 .debug_abbrev  0x000010a8      0x136 ./Generated_Code/BitIoLdd11.o
 .debug_abbrev  0x000011de      0x10d ./Generated_Code/BitIoLdd12.o
 .debug_abbrev  0x000012eb      0x10d ./Generated_Code/BitIoLdd13.o
 .debug_abbrev  0x000013f8      0x10d ./Generated_Code/BitIoLdd14.o
 .debug_abbrev  0x00001505      0x15f ./Generated_Code/BitIoLdd2.o
 .debug_abbrev  0x00001664      0x10d ./Generated_Code/BitIoLdd3.o
 .debug_abbrev  0x00001771      0x127 ./Generated_Code/BitIoLdd4.o
 .debug_abbrev  0x00001898      0x127 ./Generated_Code/BitIoLdd5.o
 .debug_abbrev  0x000019bf      0x127 ./Generated_Code/BitIoLdd6.o
 .debug_abbrev  0x00001ae6      0x127 ./Generated_Code/BitIoLdd7.o
 .debug_abbrev  0x00001c0d      0x127 ./Generated_Code/BitIoLdd8.o
 .debug_abbrev  0x00001d34      0x136 ./Generated_Code/BitIoLdd9.o
 .debug_abbrev  0x00001e6a       0xa1 ./Generated_Code/Camera_CLK_Interruption.o
 .debug_abbrev  0x00001f0b      0x160 ./Generated_Code/Cpu.o
 .debug_abbrev  0x0000206b      0x10d ./Generated_Code/PE_LDD.o
 .debug_abbrev  0x00002178       0xdb ./Generated_Code/PwmLdd1.o
 .debug_abbrev  0x00002253       0xdb ./Generated_Code/PwmLdd2.o
 .debug_abbrev  0x0000232e       0xdb ./Generated_Code/PwmLdd3.o
 .debug_abbrev  0x00002409       0xdb ./Generated_Code/PwmLdd4.o
 .debug_abbrev  0x000024e4      0x122 ./Generated_Code/PwmLdd5.o
 .debug_abbrev  0x00002606      0x1f2 ./Generated_Code/SerialCom.o
 .debug_abbrev  0x000027f8      0x195 ./Generated_Code/TU1.o
 .debug_abbrev  0x0000298d      0x198 ./Generated_Code/TU2.o
 .debug_abbrev  0x00002b25      0x198 ./Generated_Code/TU3.o
 .debug_abbrev  0x00002cbd       0xfb ./Generated_Code/TimerIntLdd1.o
 .debug_abbrev  0x00002db8       0xab ./Generated_Code/Vectors.o

.debug_aranges  0x00000000      0x938
 .debug_aranges
                0x00000000       0x30 ./Sources/BatteryController.o
 .debug_aranges
                0x00000030       0x30 ./Sources/CameraController.o
 .debug_aranges
                0x00000060       0x20 ./Sources/Error_management.o
 .debug_aranges
                0x00000080       0x38 ./Sources/Events.o
 .debug_aranges
                0x000000b8       0x38 ./Sources/ImageProcessing.o
 .debug_aranges
                0x000000f0       0x20 ./Sources/MotorController.o
 .debug_aranges
                0x00000110       0x40 ./Sources/PID.o
 .debug_aranges
                0x00000150       0x50 ./Sources/SerialCommunication.o
 .debug_aranges
                0x000001a0       0x20 ./Sources/ServoController.o
 .debug_aranges
                0x000001c0       0x28 ./Sources/SystemController.o
 .debug_aranges
                0x000001e8       0x20 ./Sources/main.o
 .debug_aranges
                0x00000208       0x50 ./Project_Settings/Startup_Code/startup.o
 .debug_aranges
                0x00000258       0x60 ./Generated_Code/AD_Converter.o
 .debug_aranges
                0x000002b8       0x60 ./Generated_Code/AdcLdd1.o
 .debug_aranges
                0x00000318       0x48 ./Generated_Code/BitIoLdd1.o
 .debug_aranges
                0x00000360       0x40 ./Generated_Code/BitIoLdd10.o
 .debug_aranges
                0x000003a0       0x40 ./Generated_Code/BitIoLdd11.o
 .debug_aranges
                0x000003e0       0x28 ./Generated_Code/BitIoLdd12.o
 .debug_aranges
                0x00000408       0x28 ./Generated_Code/BitIoLdd13.o
 .debug_aranges
                0x00000430       0x28 ./Generated_Code/BitIoLdd14.o
 .debug_aranges
                0x00000458       0x48 ./Generated_Code/BitIoLdd2.o
 .debug_aranges
                0x000004a0       0x28 ./Generated_Code/BitIoLdd3.o
 .debug_aranges
                0x000004c8       0x30 ./Generated_Code/BitIoLdd4.o
 .debug_aranges
                0x000004f8       0x38 ./Generated_Code/BitIoLdd5.o
 .debug_aranges
                0x00000530       0x38 ./Generated_Code/BitIoLdd6.o
 .debug_aranges
                0x00000568       0x38 ./Generated_Code/BitIoLdd7.o
 .debug_aranges
                0x000005a0       0x38 ./Generated_Code/BitIoLdd8.o
 .debug_aranges
                0x000005d8       0x40 ./Generated_Code/BitIoLdd9.o
 .debug_aranges
                0x00000618       0x20 ./Generated_Code/Camera_CLK_Interruption.o
 .debug_aranges
                0x00000638       0x38 ./Generated_Code/Cpu.o
 .debug_aranges
                0x00000670       0x30 ./Generated_Code/PE_LDD.o
 .debug_aranges
                0x000006a0       0x30 ./Generated_Code/PwmLdd1.o
 .debug_aranges
                0x000006d0       0x30 ./Generated_Code/PwmLdd2.o
 .debug_aranges
                0x00000700       0x30 ./Generated_Code/PwmLdd3.o
 .debug_aranges
                0x00000730       0x30 ./Generated_Code/PwmLdd4.o
 .debug_aranges
                0x00000760       0x50 ./Generated_Code/PwmLdd5.o
 .debug_aranges
                0x000007b0       0x48 ./Generated_Code/SerialCom.o
 .debug_aranges
                0x000007f8       0x40 ./Generated_Code/TU1.o
 .debug_aranges
                0x00000838       0x48 ./Generated_Code/TU2.o
 .debug_aranges
                0x00000880       0x60 ./Generated_Code/TU3.o
 .debug_aranges
                0x000008e0       0x40 ./Generated_Code/TimerIntLdd1.o
 .debug_aranges
                0x00000920       0x18 ./Generated_Code/Vectors.o

.debug_ranges   0x00000000      0x690
 .debug_ranges  0x00000000       0x20 ./Sources/BatteryController.o
 .debug_ranges  0x00000020       0x20 ./Sources/CameraController.o
 .debug_ranges  0x00000040       0x10 ./Sources/Error_management.o
 .debug_ranges  0x00000050       0x28 ./Sources/Events.o
 .debug_ranges  0x00000078       0x28 ./Sources/ImageProcessing.o
 .debug_ranges  0x000000a0       0x10 ./Sources/MotorController.o
 .debug_ranges  0x000000b0       0x30 ./Sources/PID.o
 .debug_ranges  0x000000e0       0x40 ./Sources/SerialCommunication.o
 .debug_ranges  0x00000120       0x10 ./Sources/ServoController.o
 .debug_ranges  0x00000130       0x18 ./Sources/SystemController.o
 .debug_ranges  0x00000148       0x10 ./Sources/main.o
 .debug_ranges  0x00000158       0x40 ./Project_Settings/Startup_Code/startup.o
 .debug_ranges  0x00000198       0x50 ./Generated_Code/AD_Converter.o
 .debug_ranges  0x000001e8       0x50 ./Generated_Code/AdcLdd1.o
 .debug_ranges  0x00000238       0x38 ./Generated_Code/BitIoLdd1.o
 .debug_ranges  0x00000270       0x30 ./Generated_Code/BitIoLdd10.o
 .debug_ranges  0x000002a0       0x30 ./Generated_Code/BitIoLdd11.o
 .debug_ranges  0x000002d0       0x18 ./Generated_Code/BitIoLdd12.o
 .debug_ranges  0x000002e8       0x18 ./Generated_Code/BitIoLdd13.o
 .debug_ranges  0x00000300       0x18 ./Generated_Code/BitIoLdd14.o
 .debug_ranges  0x00000318       0x38 ./Generated_Code/BitIoLdd2.o
 .debug_ranges  0x00000350       0x18 ./Generated_Code/BitIoLdd3.o
 .debug_ranges  0x00000368       0x20 ./Generated_Code/BitIoLdd4.o
 .debug_ranges  0x00000388       0x28 ./Generated_Code/BitIoLdd5.o
 .debug_ranges  0x000003b0       0x28 ./Generated_Code/BitIoLdd6.o
 .debug_ranges  0x000003d8       0x28 ./Generated_Code/BitIoLdd7.o
 .debug_ranges  0x00000400       0x28 ./Generated_Code/BitIoLdd8.o
 .debug_ranges  0x00000428       0x30 ./Generated_Code/BitIoLdd9.o
 .debug_ranges  0x00000458       0x10 ./Generated_Code/Camera_CLK_Interruption.o
 .debug_ranges  0x00000468       0x28 ./Generated_Code/Cpu.o
 .debug_ranges  0x00000490       0x20 ./Generated_Code/PE_LDD.o
 .debug_ranges  0x000004b0       0x20 ./Generated_Code/PwmLdd1.o
 .debug_ranges  0x000004d0       0x20 ./Generated_Code/PwmLdd2.o
 .debug_ranges  0x000004f0       0x20 ./Generated_Code/PwmLdd3.o
 .debug_ranges  0x00000510       0x20 ./Generated_Code/PwmLdd4.o
 .debug_ranges  0x00000530       0x40 ./Generated_Code/PwmLdd5.o
 .debug_ranges  0x00000570       0x38 ./Generated_Code/SerialCom.o
 .debug_ranges  0x000005a8       0x30 ./Generated_Code/TU1.o
 .debug_ranges  0x000005d8       0x38 ./Generated_Code/TU2.o
 .debug_ranges  0x00000610       0x50 ./Generated_Code/TU3.o
 .debug_ranges  0x00000660       0x30 ./Generated_Code/TimerIntLdd1.o

.debug_macro    0x00000000    0x16133
 .debug_macro   0x00000000      0x169 ./Sources/BatteryController.o
 .debug_macro   0x00000169      0x802 ./Sources/BatteryController.o
 .debug_macro   0x0000096b       0x16 ./Sources/BatteryController.o
 .debug_macro   0x00000981       0x44 ./Sources/BatteryController.o
 .debug_macro   0x000009c5      0x209 ./Sources/BatteryController.o
 .debug_macro   0x00000bce     0x1617 ./Sources/BatteryController.o
 .debug_macro   0x000021e5      0x14e ./Sources/BatteryController.o
 .debug_macro   0x00002333       0x64 ./Sources/BatteryController.o
 .debug_macro   0x00002397     0x6691 ./Sources/BatteryController.o
 .debug_macro   0x00008a28       0x94 ./Sources/BatteryController.o
 .debug_macro   0x00008abc      0x12c ./Sources/BatteryController.o
 .debug_macro   0x00008be8       0x9a ./Sources/BatteryController.o
 .debug_macro   0x00008c82       0x3a ./Sources/BatteryController.o
 .debug_macro   0x00008cbc       0x17 ./Sources/BatteryController.o
 .debug_macro   0x00008cd3       0x40 ./Sources/BatteryController.o
 .debug_macro   0x00008d13       0x17 ./Sources/BatteryController.o
 .debug_macro   0x00008d2a       0x40 ./Sources/BatteryController.o
 .debug_macro   0x00008d6a       0x17 ./Sources/BatteryController.o
 .debug_macro   0x00008d81       0x40 ./Sources/BatteryController.o
 .debug_macro   0x00008dc1       0x17 ./Sources/BatteryController.o
 .debug_macro   0x00008dd8      0x61c ./Sources/BatteryController.o
 .debug_macro   0x000093f4       0x89 ./Sources/BatteryController.o
 .debug_macro   0x0000947d       0x10 ./Sources/BatteryController.o
 .debug_macro   0x0000948d       0x49 ./Sources/BatteryController.o
 .debug_macro   0x000094d6       0x10 ./Sources/BatteryController.o
 .debug_macro   0x000094e6       0xea ./Sources/CameraController.o
 .debug_macro   0x000095d0       0xb5 ./Sources/CameraController.o
 .debug_macro   0x00009685       0x62 ./Sources/CameraController.o
 .debug_macro   0x000096e7       0x2f ./Sources/CameraController.o
 .debug_macro   0x00009716       0x1f ./Sources/CameraController.o
 .debug_macro   0x00009735       0xfe ./Sources/Error_management.o
 .debug_macro   0x00009833      0x3aa ./Sources/Events.o
 .debug_macro   0x00009bdd       0x94 ./Sources/Events.o
 .debug_macro   0x00009c71       0x46 ./Sources/Events.o
 .debug_macro   0x00009cb7       0x26 ./Sources/Events.o
 .debug_macro   0x00009cdd       0x4c ./Sources/Events.o
 .debug_macro   0x00009d29       0x26 ./Sources/Events.o
 .debug_macro   0x00009d4f       0xbb ./Sources/Events.o
 .debug_macro   0x00009e0a       0x3a ./Sources/Events.o
 .debug_macro   0x00009e44       0x10 ./Sources/Events.o
 .debug_macro   0x00009e54      0x1dc ./Sources/Events.o
 .debug_macro   0x0000a030       0x89 ./Sources/Events.o
 .debug_macro   0x0000a0b9       0x28 ./Sources/Events.o
 .debug_macro   0x0000a0e1       0x17 ./Sources/Events.o
 .debug_macro   0x0000a0f8       0x2e ./Sources/Events.o
 .debug_macro   0x0000a126       0x17 ./Sources/Events.o
 .debug_macro   0x0000a13d       0x2e ./Sources/Events.o
 .debug_macro   0x0000a16b       0x17 ./Sources/Events.o
 .debug_macro   0x0000a182       0x2e ./Sources/Events.o
 .debug_macro   0x0000a1b0       0x17 ./Sources/Events.o
 .debug_macro   0x0000a1c7       0x8f ./Sources/Events.o
 .debug_macro   0x0000a256       0x46 ./Sources/Events.o
 .debug_macro   0x0000a29c       0x32 ./Sources/Events.o
 .debug_macro   0x0000a2ce       0x34 ./Sources/Events.o
 .debug_macro   0x0000a302       0x40 ./Sources/Events.o
 .debug_macro   0x0000a342       0x46 ./Sources/Events.o
 .debug_macro   0x0000a388       0x1f ./Sources/Events.o
 .debug_macro   0x0000a3a7       0x46 ./Sources/Events.o
 .debug_macro   0x0000a3ed       0x1f ./Sources/Events.o
 .debug_macro   0x0000a40c       0x34 ./Sources/Events.o
 .debug_macro   0x0000a440       0x34 ./Sources/Events.o
 .debug_macro   0x0000a474       0x34 ./Sources/Events.o
 .debug_macro   0x0000a4a8       0x46 ./Sources/Events.o
 .debug_macro   0x0000a4ee       0x1f ./Sources/Events.o
 .debug_macro   0x0000a50d       0x16 ./Sources/Events.o
 .debug_macro   0x0000a523       0xf4 ./Sources/ImageProcessing.o
 .debug_macro   0x0000a617      0x157 ./Sources/MotorController.o
 .debug_macro   0x0000a76e       0x34 ./Sources/MotorController.o
 .debug_macro   0x0000a7a2      0x108 ./Sources/PID.o
 .debug_macro   0x0000a8aa       0x40 ./Sources/PID.o
 .debug_macro   0x0000a8ea       0x1c ./Sources/PID.o
 .debug_macro   0x0000a906       0xa7 ./Sources/SerialCommunication.o
 .debug_macro   0x0000a9ad       0x43 ./Sources/SerialCommunication.o
 .debug_macro   0x0000a9f0       0xd3 ./Sources/ServoController.o
 .debug_macro   0x0000aac3      0x1d6 ./Sources/ServoController.o
 .debug_macro   0x0000ac99       0x89 ./Sources/ServoController.o
 .debug_macro   0x0000ad22       0x1c ./Sources/ServoController.o
 .debug_macro   0x0000ad3e      0x211 ./Sources/SystemController.o
 .debug_macro   0x0000af4f      0x3e4 ./Sources/main.o
 .debug_macro   0x0000b333       0x22 ./Sources/main.o
 .debug_macro   0x0000b355       0x22 ./Sources/main.o
 .debug_macro   0x0000b377      0x121 ./Project_Settings/Startup_Code/startup.o
 .debug_macro   0x0000b498       0x58 ./Project_Settings/Startup_Code/startup.o
 .debug_macro   0x0000b4f0       0x35 ./Project_Settings/Startup_Code/startup.o
 .debug_macro   0x0000b525       0xa3 ./Project_Settings/Startup_Code/startup.o
 .debug_macro   0x0000b5c8      0x166 ./Project_Settings/Startup_Code/startup.o
 .debug_macro   0x0000b72e       0x4a ./Project_Settings/Startup_Code/startup.o
 .debug_macro   0x0000b778       0x52 ./Project_Settings/Startup_Code/startup.o
 .debug_macro   0x0000b7ca       0x16 ./Project_Settings/Startup_Code/startup.o
 .debug_macro   0x0000b7e0       0x43 ./Project_Settings/Startup_Code/startup.o
 .debug_macro   0x0000b823      0x180 ./Project_Settings/Startup_Code/startup.o
 .debug_macro   0x0000b9a3      0x2a6 ./Project_Settings/Startup_Code/startup.o
 .debug_macro   0x0000bc49       0x10 ./Project_Settings/Startup_Code/startup.o
 .debug_macro   0x0000bc59       0x35 ./Project_Settings/Startup_Code/startup.o
 .debug_macro   0x0000bc8e       0x16 ./Project_Settings/Startup_Code/startup.o
 .debug_macro   0x0000bca4       0x22 ./Project_Settings/Startup_Code/startup.o
 .debug_macro   0x0000bcc6       0x10 ./Project_Settings/Startup_Code/startup.o
 .debug_macro   0x0000bcd6      0x20f ./Project_Settings/Startup_Code/startup.o
 .debug_macro   0x0000bee5     0x6685 ./Project_Settings/Startup_Code/startup.o
 .debug_macro   0x0001256a      0x3c2 ./Generated_Code/AD_Converter.o
 .debug_macro   0x0001292c       0xd3 ./Generated_Code/AdcLdd1.o
 .debug_macro   0x000129ff      0x616 ./Generated_Code/AdcLdd1.o
 .debug_macro   0x00013015       0xa6 ./Generated_Code/BitIoLdd1.o
 .debug_macro   0x000130bb       0xa6 ./Generated_Code/BitIoLdd10.o
 .debug_macro   0x00013161       0x40 ./Generated_Code/BitIoLdd10.o
 .debug_macro   0x000131a1       0xa6 ./Generated_Code/BitIoLdd11.o
 .debug_macro   0x00013247       0xa6 ./Generated_Code/BitIoLdd12.o
 .debug_macro   0x000132ed       0x2e ./Generated_Code/BitIoLdd12.o
 .debug_macro   0x0001331b       0xa6 ./Generated_Code/BitIoLdd13.o
 .debug_macro   0x000133c1       0x2e ./Generated_Code/BitIoLdd13.o
 .debug_macro   0x000133ef       0xa6 ./Generated_Code/BitIoLdd14.o
 .debug_macro   0x00013495       0x2e ./Generated_Code/BitIoLdd14.o
 .debug_macro   0x000134c3       0xa6 ./Generated_Code/BitIoLdd2.o
 .debug_macro   0x00013569       0x46 ./Generated_Code/BitIoLdd2.o
 .debug_macro   0x000135af       0xa6 ./Generated_Code/BitIoLdd3.o
 .debug_macro   0x00013655       0x2e ./Generated_Code/BitIoLdd3.o
 .debug_macro   0x00013683       0xa6 ./Generated_Code/BitIoLdd4.o
 .debug_macro   0x00013729       0xa6 ./Generated_Code/BitIoLdd5.o
 .debug_macro   0x000137cf       0xa6 ./Generated_Code/BitIoLdd6.o
 .debug_macro   0x00013875       0x3a ./Generated_Code/BitIoLdd6.o
 .debug_macro   0x000138af       0xa6 ./Generated_Code/BitIoLdd7.o
 .debug_macro   0x00013955       0x3a ./Generated_Code/BitIoLdd7.o
 .debug_macro   0x0001398f       0xa6 ./Generated_Code/BitIoLdd8.o
 .debug_macro   0x00013a35       0x3a ./Generated_Code/BitIoLdd8.o
 .debug_macro   0x00013a6f       0xa6 ./Generated_Code/BitIoLdd9.o
 .debug_macro   0x00013b15       0x40 ./Generated_Code/BitIoLdd9.o
 .debug_macro   0x00013b55      0x3a4 ./Generated_Code/Camera_CLK_Interruption.o
 .debug_macro   0x00013ef9      0x40f ./Generated_Code/Cpu.o
 .debug_macro   0x00014308      0x309 ./Generated_Code/PE_LDD.o
 .debug_macro   0x00014611       0xbe ./Generated_Code/PwmLdd1.o
 .debug_macro   0x000146cf       0xbe ./Generated_Code/PwmLdd2.o
 .debug_macro   0x0001478d       0xbe ./Generated_Code/PwmLdd3.o
 .debug_macro   0x0001484b       0xbe ./Generated_Code/PwmLdd4.o
 .debug_macro   0x00014909       0xbb ./Generated_Code/PwmLdd5.o
 .debug_macro   0x000149c4      0x3dd ./Generated_Code/SerialCom.o
 .debug_macro   0x00014da1      0x303 ./Generated_Code/SerialCom.o
 .debug_macro   0x000150a4      0x99c ./Generated_Code/SerialCom.o
 .debug_macro   0x00015a40       0xbb ./Generated_Code/TU1.o
 .debug_macro   0x00015afb       0xbc ./Generated_Code/TU2.o
 .debug_macro   0x00015bb7       0xb4 ./Generated_Code/TU3.o
 .debug_macro   0x00015c6b       0xca ./Generated_Code/TimerIntLdd1.o
 .debug_macro   0x00015d35      0x3fe ./Generated_Code/Vectors.o

.debug_line     0x00000000     0xa08d
 .debug_line    0x00000000      0x402 ./Sources/BatteryController.o
 .debug_line    0x00000402      0x370 ./Sources/CameraController.o
 .debug_line    0x00000772      0x347 ./Sources/Error_management.o
 .debug_line    0x00000ab9      0x653 ./Sources/Events.o
 .debug_line    0x0000110c      0x3a9 ./Sources/ImageProcessing.o
 .debug_line    0x000014b5      0x382 ./Sources/MotorController.o
 .debug_line    0x00001837      0x369 ./Sources/PID.o
 .debug_line    0x00001ba0      0x33e ./Sources/SerialCommunication.o
 .debug_line    0x00001ede      0x2e5 ./Sources/ServoController.o
 .debug_line    0x000021c3      0x476 ./Sources/SystemController.o
 .debug_line    0x00002639      0x68e ./Sources/main.o
 .debug_line    0x00002cc7      0x3d8 ./Project_Settings/Startup_Code/startup.o
 .debug_line    0x0000309f      0x71b ./Generated_Code/AD_Converter.o
 .debug_line    0x000037ba      0x38a ./Generated_Code/AdcLdd1.o
 .debug_line    0x00003b44      0x2d8 ./Generated_Code/BitIoLdd1.o
 .debug_line    0x00003e1c      0x2c8 ./Generated_Code/BitIoLdd10.o
 .debug_line    0x000040e4      0x2c8 ./Generated_Code/BitIoLdd11.o
 .debug_line    0x000043ac      0x28f ./Generated_Code/BitIoLdd12.o
 .debug_line    0x0000463b      0x28f ./Generated_Code/BitIoLdd13.o
 .debug_line    0x000048ca      0x28f ./Generated_Code/BitIoLdd14.o
 .debug_line    0x00004b59      0x2d8 ./Generated_Code/BitIoLdd2.o
 .debug_line    0x00004e31      0x28d ./Generated_Code/BitIoLdd3.o
 .debug_line    0x000050be      0x29e ./Generated_Code/BitIoLdd4.o
 .debug_line    0x0000535c      0x2b0 ./Generated_Code/BitIoLdd5.o
 .debug_line    0x0000560c      0x2b0 ./Generated_Code/BitIoLdd6.o
 .debug_line    0x000058bc      0x2b0 ./Generated_Code/BitIoLdd7.o
 .debug_line    0x00005b6c      0x2b0 ./Generated_Code/BitIoLdd8.o
 .debug_line    0x00005e1c      0x2c6 ./Generated_Code/BitIoLdd9.o
 .debug_line    0x000060e2      0x64a ./Generated_Code/Camera_CLK_Interruption.o
 .debug_line    0x0000672c      0x978 ./Generated_Code/Cpu.o
 .debug_line    0x000070a4      0x590 ./Generated_Code/PE_LDD.o
 .debug_line    0x00007634      0x2ae ./Generated_Code/PwmLdd1.o
 .debug_line    0x000078e2      0x2ae ./Generated_Code/PwmLdd2.o
 .debug_line    0x00007b90      0x2ae ./Generated_Code/PwmLdd3.o
 .debug_line    0x00007e3e      0x2ae ./Generated_Code/PwmLdd4.o
 .debug_line    0x000080ec      0x30f ./Generated_Code/PwmLdd5.o
 .debug_line    0x000083fb      0x748 ./Generated_Code/SerialCom.o
 .debug_line    0x00008b43      0x2e4 ./Generated_Code/TU1.o
 .debug_line    0x00008e27      0x31b ./Generated_Code/TU2.o
 .debug_line    0x00009142      0x347 ./Generated_Code/TU3.o
 .debug_line    0x00009489      0x30d ./Generated_Code/TimerIntLdd1.o
 .debug_line    0x00009796      0x8f7 ./Generated_Code/Vectors.o

.debug_str      0x00000000    0x45f94
 .debug_str     0x00000000    0x320f0 ./Sources/BatteryController.o
                              0x324ec (size before relaxing)
 .debug_str     0x000320f0     0x1009 ./Sources/CameraController.o
                              0x2d465 (size before relaxing)
 .debug_str     0x000330f9       0x8d ./Sources/Error_management.o
                              0x2d430 (size before relaxing)
 .debug_str     0x00033186     0x3ffb ./Sources/Events.o
                              0x37423 (size before relaxing)
 .debug_str     0x00037181       0x8a ./Sources/ImageProcessing.o
                              0x2d46e (size before relaxing)
 .debug_str     0x0003720b       0x67 ./Sources/MotorController.o
                              0x2f018 (size before relaxing)
 .debug_str     0x00037272      0x10e ./Sources/PID.o
                              0x2d2b8 (size before relaxing)
 .debug_str     0x00037380       0xfa ./Sources/SerialCommunication.o
                              0x2c036 (size before relaxing)
 .debug_str     0x0003747a       0x8a ./Sources/ServoController.o
                              0x2e26c (size before relaxing)
 .debug_str     0x00037504       0xc7 ./Sources/SystemController.o
                              0x309fe (size before relaxing)
 .debug_str     0x000375cb       0x40 ./Sources/main.o
                              0x374f5 (size before relaxing)
 .debug_str     0x0003760b     0x25f0 ./Project_Settings/Startup_Code/startup.o
                              0x27310 (size before relaxing)
 .debug_str     0x00039bfb      0x1be ./Generated_Code/AD_Converter.o
                              0x37526 (size before relaxing)
 .debug_str     0x00039db9      0x4cd ./Generated_Code/AdcLdd1.o
                              0x31696 (size before relaxing)
 .debug_str     0x0003a286       0xf5 ./Generated_Code/BitIoLdd1.o
                              0x2ce89 (size before relaxing)
 .debug_str     0x0003a37b       0xa8 ./Generated_Code/BitIoLdd10.o
                              0x2ce6b (size before relaxing)
 .debug_str     0x0003a423       0xa8 ./Generated_Code/BitIoLdd11.o
                              0x2ce6b (size before relaxing)
 .debug_str     0x0003a4cb       0x72 ./Generated_Code/BitIoLdd12.o
                              0x2cdcf (size before relaxing)
 .debug_str     0x0003a53d       0x72 ./Generated_Code/BitIoLdd13.o
                              0x2cdcf (size before relaxing)
 .debug_str     0x0003a5af       0x72 ./Generated_Code/BitIoLdd14.o
                              0x2cdcf (size before relaxing)
 .debug_str     0x0003a621       0xb1 ./Generated_Code/BitIoLdd2.o
                              0x2ce89 (size before relaxing)
 .debug_str     0x0003a6d2       0x6d ./Generated_Code/BitIoLdd3.o
                              0x2cdc7 (size before relaxing)
 .debug_str     0x0003a73f       0x7e ./Generated_Code/BitIoLdd4.o
                              0x2cdeb (size before relaxing)
 .debug_str     0x0003a7bd       0x8f ./Generated_Code/BitIoLdd5.o
                              0x2ce19 (size before relaxing)
 .debug_str     0x0003a84c       0x8f ./Generated_Code/BitIoLdd6.o
                              0x2ce19 (size before relaxing)
 .debug_str     0x0003a8db       0x8f ./Generated_Code/BitIoLdd7.o
                              0x2ce19 (size before relaxing)
 .debug_str     0x0003a96a       0x8f ./Generated_Code/BitIoLdd8.o
                              0x2ce19 (size before relaxing)
 .debug_str     0x0003a9f9       0xa0 ./Generated_Code/BitIoLdd9.o
                              0x2ce5d (size before relaxing)
 .debug_str     0x0003aa99       0x45 ./Generated_Code/Camera_CLK_Interruption.o
                              0x3736c (size before relaxing)
 .debug_str     0x0003aade      0x19c ./Generated_Code/Cpu.o
                              0x3762f (size before relaxing)
 .debug_str     0x0003ac7a      0x17e ./Generated_Code/PE_LDD.o
                              0x373b4 (size before relaxing)
 .debug_str     0x0003adf8       0x8a ./Generated_Code/PwmLdd1.o
                              0x2e0d6 (size before relaxing)
 .debug_str     0x0003ae82       0x5d ./Generated_Code/PwmLdd2.o
                              0x2e0d6 (size before relaxing)
 .debug_str     0x0003aedf       0x5d ./Generated_Code/PwmLdd3.o
                              0x2e0d6 (size before relaxing)
 .debug_str     0x0003af3c       0x4f ./Generated_Code/PwmLdd4.o
                              0x2e0d6 (size before relaxing)
 .debug_str     0x0003af8b       0xae ./Generated_Code/PwmLdd5.o
                              0x2e1b0 (size before relaxing)
 .debug_str     0x0003b039     0xa9f9 ./Generated_Code/SerialCom.o
                              0x41f61 (size before relaxing)
 .debug_str     0x00045a32      0x141 ./Generated_Code/TU1.o
                              0x2d363 (size before relaxing)
 .debug_str     0x00045b73      0x1f8 ./Generated_Code/TU2.o
                              0x2e24c (size before relaxing)
 .debug_str     0x00045d6b      0x127 ./Generated_Code/TU3.o
                              0x2e23f (size before relaxing)
 .debug_str     0x00045e92       0xe6 ./Generated_Code/TimerIntLdd1.o
                              0x2d3a5 (size before relaxing)
 .debug_str     0x00045f78       0x1c ./Generated_Code/Vectors.o
                              0x37376 (size before relaxing)

.comment        0x00000000       0x70
 .comment       0x00000000       0x70 ./Sources/BatteryController.o
                                 0x71 (size before relaxing)
 .comment       0x00000000       0x71 ./Sources/CameraController.o
 .comment       0x00000000       0x71 ./Sources/Error_management.o
 .comment       0x00000000       0x71 ./Sources/Events.o
 .comment       0x00000000       0x71 ./Sources/ImageProcessing.o
 .comment       0x00000000       0x71 ./Sources/MotorController.o
 .comment       0x00000000       0x71 ./Sources/PID.o
 .comment       0x00000000       0x71 ./Sources/SerialCommunication.o
 .comment       0x00000000       0x71 ./Sources/ServoController.o
 .comment       0x00000000       0x71 ./Sources/SystemController.o
 .comment       0x00000000       0x71 ./Sources/main.o
 .comment       0x00000000       0x71 ./Project_Settings/Startup_Code/startup.o
 .comment       0x00000000       0x71 ./Generated_Code/AD_Converter.o
 .comment       0x00000000       0x71 ./Generated_Code/AdcLdd1.o
 .comment       0x00000000       0x71 ./Generated_Code/BitIoLdd1.o
 .comment       0x00000000       0x71 ./Generated_Code/BitIoLdd10.o
 .comment       0x00000000       0x71 ./Generated_Code/BitIoLdd11.o
 .comment       0x00000000       0x71 ./Generated_Code/BitIoLdd12.o
 .comment       0x00000000       0x71 ./Generated_Code/BitIoLdd13.o
 .comment       0x00000000       0x71 ./Generated_Code/BitIoLdd14.o
 .comment       0x00000000       0x71 ./Generated_Code/BitIoLdd2.o
 .comment       0x00000000       0x71 ./Generated_Code/BitIoLdd3.o
 .comment       0x00000000       0x71 ./Generated_Code/BitIoLdd4.o
 .comment       0x00000000       0x71 ./Generated_Code/BitIoLdd5.o
 .comment       0x00000000       0x71 ./Generated_Code/BitIoLdd6.o
 .comment       0x00000000       0x71 ./Generated_Code/BitIoLdd7.o
 .comment       0x00000000       0x71 ./Generated_Code/BitIoLdd8.o
 .comment       0x00000000       0x71 ./Generated_Code/BitIoLdd9.o
 .comment       0x00000000       0x71 ./Generated_Code/Camera_CLK_Interruption.o
 .comment       0x00000000       0x71 ./Generated_Code/Cpu.o
 .comment       0x00000000       0x71 ./Generated_Code/PE_LDD.o
 .comment       0x00000000       0x71 ./Generated_Code/PwmLdd1.o
 .comment       0x00000000       0x71 ./Generated_Code/PwmLdd2.o
 .comment       0x00000000       0x71 ./Generated_Code/PwmLdd3.o
 .comment       0x00000000       0x71 ./Generated_Code/PwmLdd4.o
 .comment       0x00000000       0x71 ./Generated_Code/PwmLdd5.o
 .comment       0x00000000       0x71 ./Generated_Code/SerialCom.o
 .comment       0x00000000       0x71 ./Generated_Code/TU1.o
 .comment       0x00000000       0x71 ./Generated_Code/TU2.o
 .comment       0x00000000       0x71 ./Generated_Code/TU3.o
 .comment       0x00000000       0x71 ./Generated_Code/TimerIntLdd1.o
 .comment       0x00000000       0x71 ./Generated_Code/Vectors.o

.debug_frame    0x00000000     0x1c90
 .debug_frame   0x00000000       0x6c ./Sources/BatteryController.o
 .debug_frame   0x0000006c       0x6c ./Sources/CameraController.o
 .debug_frame   0x000000d8       0x34 ./Sources/Error_management.o
 .debug_frame   0x0000010c       0x84 ./Sources/Events.o
 .debug_frame   0x00000190       0x90 ./Sources/ImageProcessing.o
 .debug_frame   0x00000220       0x30 ./Sources/MotorController.o
 .debug_frame   0x00000250       0xb4 ./Sources/PID.o
 .debug_frame   0x00000304       0xec ./Sources/SerialCommunication.o
 .debug_frame   0x000003f0       0x30 ./Sources/ServoController.o
 .debug_frame   0x00000420       0x54 ./Sources/SystemController.o
 .debug_frame   0x00000474       0x30 ./Sources/main.o
 .debug_frame   0x000004a4       0xd0 ./Project_Settings/Startup_Code/startup.o
 .debug_frame   0x00000574      0x124 ./Generated_Code/AD_Converter.o
 .debug_frame   0x00000698      0x130 ./Generated_Code/AdcLdd1.o
 .debug_frame   0x000007c8       0xd0 ./Generated_Code/BitIoLdd1.o
 .debug_frame   0x00000898       0xb0 ./Generated_Code/BitIoLdd10.o
 .debug_frame   0x00000948       0xb0 ./Generated_Code/BitIoLdd11.o
 .debug_frame   0x000009f8       0x50 ./Generated_Code/BitIoLdd12.o
 .debug_frame   0x00000a48       0x50 ./Generated_Code/BitIoLdd13.o
 .debug_frame   0x00000a98       0x50 ./Generated_Code/BitIoLdd14.o
 .debug_frame   0x00000ae8       0xd0 ./Generated_Code/BitIoLdd2.o
 .debug_frame   0x00000bb8       0x50 ./Generated_Code/BitIoLdd3.o
 .debug_frame   0x00000c08       0x70 ./Generated_Code/BitIoLdd4.o
 .debug_frame   0x00000c78       0x90 ./Generated_Code/BitIoLdd5.o
 .debug_frame   0x00000d08       0x90 ./Generated_Code/BitIoLdd6.o
 .debug_frame   0x00000d98       0x90 ./Generated_Code/BitIoLdd7.o
 .debug_frame   0x00000e28       0x90 ./Generated_Code/BitIoLdd8.o
 .debug_frame   0x00000eb8       0xb0 ./Generated_Code/BitIoLdd9.o
 .debug_frame   0x00000f68       0x30 ./Generated_Code/Camera_CLK_Interruption.o
 .debug_frame   0x00000f98       0x80 ./Generated_Code/Cpu.o
 .debug_frame   0x00001018       0x6c ./Generated_Code/PE_LDD.o
 .debug_frame   0x00001084       0x70 ./Generated_Code/PwmLdd1.o
 .debug_frame   0x000010f4       0x70 ./Generated_Code/PwmLdd2.o
 .debug_frame   0x00001164       0x70 ./Generated_Code/PwmLdd3.o
 .debug_frame   0x000011d4       0x70 ./Generated_Code/PwmLdd4.o
 .debug_frame   0x00001244       0xf0 ./Generated_Code/PwmLdd5.o
 .debug_frame   0x00001334       0xd0 ./Generated_Code/SerialCom.o
 .debug_frame   0x00001404       0xb0 ./Generated_Code/TU1.o
 .debug_frame   0x000014b4       0xd0 ./Generated_Code/TU2.o
 .debug_frame   0x00001584      0x130 ./Generated_Code/TU3.o
 .debug_frame   0x000016b4       0xb0 ./Generated_Code/TimerIntLdd1.o
 .debug_frame   0x00001764       0x20 /opt/Freescale/KDS_v3/toolchain/bin/../lib/gcc/arm-none-eabi/4.8.4/armv6-m/libgcc.a(_udivsi3.o)
 .debug_frame   0x00001784       0x20 /opt/Freescale/KDS_v3/toolchain/bin/../lib/gcc/arm-none-eabi/4.8.4/armv6-m/libgcc.a(_divsi3.o)
 .debug_frame   0x000017a4       0x28 /opt/Freescale/KDS_v3/toolchain/bin/../lib/gcc/arm-none-eabi/4.8.4/armv6-m/libgcc.a(_fixunssfsi.o)
 .debug_frame   0x000017cc       0x30 /opt/Freescale/KDS_v3/toolchain/bin/../lib/gcc/arm-none-eabi/4.8.4/armv6-m/libgcc.a(addsf3.o)
 .debug_frame   0x000017fc       0x3c /opt/Freescale/KDS_v3/toolchain/bin/../lib/gcc/arm-none-eabi/4.8.4/armv6-m/libgcc.a(divsf3.o)
 .debug_frame   0x00001838       0x2c /opt/Freescale/KDS_v3/toolchain/bin/../lib/gcc/arm-none-eabi/4.8.4/armv6-m/libgcc.a(eqsf2.o)
 .debug_frame   0x00001864       0x30 /opt/Freescale/KDS_v3/toolchain/bin/../lib/gcc/arm-none-eabi/4.8.4/armv6-m/libgcc.a(gesf2.o)
 .debug_frame   0x00001894       0x30 /opt/Freescale/KDS_v3/toolchain/bin/../lib/gcc/arm-none-eabi/4.8.4/armv6-m/libgcc.a(lesf2.o)
 .debug_frame   0x000018c4       0x3c /opt/Freescale/KDS_v3/toolchain/bin/../lib/gcc/arm-none-eabi/4.8.4/armv6-m/libgcc.a(mulsf3.o)
 .debug_frame   0x00001900       0x30 /opt/Freescale/KDS_v3/toolchain/bin/../lib/gcc/arm-none-eabi/4.8.4/armv6-m/libgcc.a(subsf3.o)
 .debug_frame   0x00001930       0x20 /opt/Freescale/KDS_v3/toolchain/bin/../lib/gcc/arm-none-eabi/4.8.4/armv6-m/libgcc.a(fixsfsi.o)
 .debug_frame   0x00001950       0x2c /opt/Freescale/KDS_v3/toolchain/bin/../lib/gcc/arm-none-eabi/4.8.4/armv6-m/libgcc.a(floatsisf.o)
 .debug_frame   0x0000197c       0x28 /opt/Freescale/KDS_v3/toolchain/bin/../lib/gcc/arm-none-eabi/4.8.4/armv6-m/libgcc.a(floatunsisf.o)
 .debug_frame   0x000019a4       0x3c /opt/Freescale/KDS_v3/toolchain/bin/../lib/gcc/arm-none-eabi/4.8.4/armv6-m/libgcc.a(adddf3.o)
 .debug_frame   0x000019e0       0x3c /opt/Freescale/KDS_v3/toolchain/bin/../lib/gcc/arm-none-eabi/4.8.4/armv6-m/libgcc.a(divdf3.o)
 .debug_frame   0x00001a1c       0x3c /opt/Freescale/KDS_v3/toolchain/bin/../lib/gcc/arm-none-eabi/4.8.4/armv6-m/libgcc.a(eqdf2.o)
 .debug_frame   0x00001a58       0x38 /opt/Freescale/KDS_v3/toolchain/bin/../lib/gcc/arm-none-eabi/4.8.4/armv6-m/libgcc.a(gedf2.o)
 .debug_frame   0x00001a90       0x3c /opt/Freescale/KDS_v3/toolchain/bin/../lib/gcc/arm-none-eabi/4.8.4/armv6-m/libgcc.a(ledf2.o)
 .debug_frame   0x00001acc       0x3c /opt/Freescale/KDS_v3/toolchain/bin/../lib/gcc/arm-none-eabi/4.8.4/armv6-m/libgcc.a(muldf3.o)
 .debug_frame   0x00001b08       0x3c /opt/Freescale/KDS_v3/toolchain/bin/../lib/gcc/arm-none-eabi/4.8.4/armv6-m/libgcc.a(subdf3.o)
 .debug_frame   0x00001b44       0x2c /opt/Freescale/KDS_v3/toolchain/bin/../lib/gcc/arm-none-eabi/4.8.4/armv6-m/libgcc.a(fixdfsi.o)
 .debug_frame   0x00001b70       0x30 /opt/Freescale/KDS_v3/toolchain/bin/../lib/gcc/arm-none-eabi/4.8.4/armv6-m/libgcc.a(floatsidf.o)
 .debug_frame   0x00001ba0       0x2c /opt/Freescale/KDS_v3/toolchain/bin/../lib/gcc/arm-none-eabi/4.8.4/armv6-m/libgcc.a(extendsfdf2.o)
 .debug_frame   0x00001bcc       0x30 /opt/Freescale/KDS_v3/toolchain/bin/../lib/gcc/arm-none-eabi/4.8.4/armv6-m/libgcc.a(truncdfsf2.o)
 .debug_frame   0x00001bfc       0x28 /opt/Freescale/KDS_v3/toolchain/bin/../lib/gcc/arm-none-eabi/4.8.4/../../../../arm-none-eabi/lib/armv6-m/libg_s.a(lib_a-exit.o)
 .debug_frame   0x00001c24       0x2c /opt/Freescale/KDS_v3/toolchain/bin/../lib/gcc/arm-none-eabi/4.8.4/../../../../arm-none-eabi/lib/armv6-m/libg_s.a(lib_a-init.o)
 .debug_frame   0x00001c50       0x20 /opt/Freescale/KDS_v3/toolchain/bin/../lib/gcc/arm-none-eabi/4.8.4/../../../../arm-none-eabi/lib/armv6-m/libg_s.a(lib_a-memset.o)
 .debug_frame   0x00001c70       0x20 /opt/Freescale/KDS_v3/toolchain/bin/../lib/gcc/arm-none-eabi/4.8.4/../../../../arm-none-eabi/lib/armv6-m/libnosys.a(_exit.o)
