Archive member included because of file (symbol)

/opt/Freescale/KDS_v3/toolchain/bin/../lib/gcc/arm-none-eabi/4.8.4/armv6-m/libgcc.a(_udivsi3.o)
                              ./Sources/serial_communication_lib.o (__aeabi_uidiv)
/opt/Freescale/KDS_v3/toolchain/bin/../lib/gcc/arm-none-eabi/4.8.4/armv6-m/libgcc.a(_divsi3.o)
                              ./Sources/camera_lib.o (__aeabi_idiv)
/opt/Freescale/KDS_v3/toolchain/bin/../lib/gcc/arm-none-eabi/4.8.4/armv6-m/libgcc.a(_dvmd_tls.o)
                              /opt/Freescale/KDS_v3/toolchain/bin/../lib/gcc/arm-none-eabi/4.8.4/armv6-m/libgcc.a(_udivsi3.o) (__aeabi_idiv0)
/opt/Freescale/KDS_v3/toolchain/bin/../lib/gcc/arm-none-eabi/4.8.4/armv6-m/libgcc.a(_arm_cmpdf2.o)
                              ./Sources/image_processing_lib.o (__aeabi_dcmplt)
/opt/Freescale/KDS_v3/toolchain/bin/../lib/gcc/arm-none-eabi/4.8.4/armv6-m/libgcc.a(_arm_cmpsf2.o)
                              ./Sources/battery_lib.o (__aeabi_fcmpgt)
/opt/Freescale/KDS_v3/toolchain/bin/../lib/gcc/arm-none-eabi/4.8.4/armv6-m/libgcc.a(_fixunssfsi.o)
                              ./Generated_Code/PwmLdd5.o (__aeabi_f2uiz)
/opt/Freescale/KDS_v3/toolchain/bin/../lib/gcc/arm-none-eabi/4.8.4/armv6-m/libgcc.a(addsf3.o)
                              ./Sources/battery_lib.o (__aeabi_fadd)
/opt/Freescale/KDS_v3/toolchain/bin/../lib/gcc/arm-none-eabi/4.8.4/armv6-m/libgcc.a(divsf3.o)
                              ./Sources/battery_lib.o (__aeabi_fdiv)
/opt/Freescale/KDS_v3/toolchain/bin/../lib/gcc/arm-none-eabi/4.8.4/armv6-m/libgcc.a(eqsf2.o)
                              /opt/Freescale/KDS_v3/toolchain/bin/../lib/gcc/arm-none-eabi/4.8.4/armv6-m/libgcc.a(_arm_cmpsf2.o) (__eqsf2)
/opt/Freescale/KDS_v3/toolchain/bin/../lib/gcc/arm-none-eabi/4.8.4/armv6-m/libgcc.a(gesf2.o)
                              /opt/Freescale/KDS_v3/toolchain/bin/../lib/gcc/arm-none-eabi/4.8.4/armv6-m/libgcc.a(_arm_cmpsf2.o) (__gesf2)
/opt/Freescale/KDS_v3/toolchain/bin/../lib/gcc/arm-none-eabi/4.8.4/armv6-m/libgcc.a(lesf2.o)
                              /opt/Freescale/KDS_v3/toolchain/bin/../lib/gcc/arm-none-eabi/4.8.4/armv6-m/libgcc.a(_arm_cmpsf2.o) (__lesf2)
/opt/Freescale/KDS_v3/toolchain/bin/../lib/gcc/arm-none-eabi/4.8.4/armv6-m/libgcc.a(mulsf3.o)
                              ./Sources/serial_communication_lib.o (__aeabi_fmul)
/opt/Freescale/KDS_v3/toolchain/bin/../lib/gcc/arm-none-eabi/4.8.4/armv6-m/libgcc.a(subsf3.o)
                              /opt/Freescale/KDS_v3/toolchain/bin/../lib/gcc/arm-none-eabi/4.8.4/armv6-m/libgcc.a(_fixunssfsi.o) (__aeabi_fsub)
/opt/Freescale/KDS_v3/toolchain/bin/../lib/gcc/arm-none-eabi/4.8.4/armv6-m/libgcc.a(fixsfsi.o)
                              ./Sources/serial_communication_lib.o (__aeabi_f2iz)
/opt/Freescale/KDS_v3/toolchain/bin/../lib/gcc/arm-none-eabi/4.8.4/armv6-m/libgcc.a(floatsisf.o)
                              ./Sources/serial_communication_lib.o (__aeabi_i2f)
/opt/Freescale/KDS_v3/toolchain/bin/../lib/gcc/arm-none-eabi/4.8.4/armv6-m/libgcc.a(floatunsisf.o)
                              ./Sources/battery_lib.o (__aeabi_ui2f)
/opt/Freescale/KDS_v3/toolchain/bin/../lib/gcc/arm-none-eabi/4.8.4/armv6-m/libgcc.a(adddf3.o)
                              ./Sources/SystemController.o (__aeabi_dadd)
/opt/Freescale/KDS_v3/toolchain/bin/../lib/gcc/arm-none-eabi/4.8.4/armv6-m/libgcc.a(divdf3.o)
                              ./Sources/Error_management.o (__aeabi_ddiv)
/opt/Freescale/KDS_v3/toolchain/bin/../lib/gcc/arm-none-eabi/4.8.4/armv6-m/libgcc.a(eqdf2.o)
                              /opt/Freescale/KDS_v3/toolchain/bin/../lib/gcc/arm-none-eabi/4.8.4/armv6-m/libgcc.a(_arm_cmpdf2.o) (__eqdf2)
/opt/Freescale/KDS_v3/toolchain/bin/../lib/gcc/arm-none-eabi/4.8.4/armv6-m/libgcc.a(gedf2.o)
                              /opt/Freescale/KDS_v3/toolchain/bin/../lib/gcc/arm-none-eabi/4.8.4/armv6-m/libgcc.a(_arm_cmpdf2.o) (__gedf2)
/opt/Freescale/KDS_v3/toolchain/bin/../lib/gcc/arm-none-eabi/4.8.4/armv6-m/libgcc.a(ledf2.o)
                              /opt/Freescale/KDS_v3/toolchain/bin/../lib/gcc/arm-none-eabi/4.8.4/armv6-m/libgcc.a(_arm_cmpdf2.o) (__ledf2)
/opt/Freescale/KDS_v3/toolchain/bin/../lib/gcc/arm-none-eabi/4.8.4/armv6-m/libgcc.a(muldf3.o)
                              ./Sources/SystemController.o (__aeabi_dmul)
/opt/Freescale/KDS_v3/toolchain/bin/../lib/gcc/arm-none-eabi/4.8.4/armv6-m/libgcc.a(subdf3.o)
                              ./Sources/SystemController.o (__aeabi_dsub)
/opt/Freescale/KDS_v3/toolchain/bin/../lib/gcc/arm-none-eabi/4.8.4/armv6-m/libgcc.a(fixdfsi.o)
                              ./Sources/SystemController.o (__aeabi_d2iz)
/opt/Freescale/KDS_v3/toolchain/bin/../lib/gcc/arm-none-eabi/4.8.4/armv6-m/libgcc.a(floatsidf.o)
                              ./Sources/Error_management.o (__aeabi_i2d)
/opt/Freescale/KDS_v3/toolchain/bin/../lib/gcc/arm-none-eabi/4.8.4/armv6-m/libgcc.a(extendsfdf2.o)
                              ./Sources/battery_lib.o (__aeabi_f2d)
[...]
Memory Configuration

Name             Origin             Length             Attributes
m_interrupts     0x00000000         0x000000c0         xr
m_text           0x00000410         0x0001fbf0         xr
m_data           0x1ffff000         0x00004000         rw
m_cfmprotrom     0x00000400         0x00000010         xr
*default*        0x00000000         0xffffffff

Linker script and memory map

LOAD /opt/Freescale/KDS_v3/toolchain/bin/../lib/gcc/arm-none-eabi/4.8.4/armv6-m/crti.o
LOAD /opt/Freescale/KDS_v3/toolchain/bin/../lib/gcc/arm-none-eabi/4.8.4/armv6-m/crtbegin.o
LOAD /opt/Freescale/KDS_v3/toolchain/bin/../lib/gcc/arm-none-eabi/4.8.4/../../../../arm-none-eabi/lib/armv6-m/crt0.o
LOAD ./Sources/Error_management.o
LOAD ./Sources/Events.o
LOAD ./Sources/SystemController.o
LOAD ./Sources/battery_lib.o
LOAD ./Sources/camera_lib.o
LOAD ./Sources/dc_motor_lib.o
LOAD ./Sources/image_processing_lib.o
LOAD ./Sources/main.o
LOAD ./Sources/pid.o
LOAD ./Sources/serial_communication_lib.o
LOAD ./Sources/servo_lib.o
LOAD ./Project_Settings/Startup_Code/startup.o
LOAD ./Generated_Code/AD_Converter.o
LOAD ./Generated_Code/AdcLdd1.o
LOAD ./Generated_Code/BitIoLdd1.o
LOAD ./Generated_Code/BitIoLdd10.o
LOAD ./Generated_Code/BitIoLdd11.o
LOAD ./Generated_Code/BitIoLdd12.o
LOAD ./Generated_Code/BitIoLdd13.o
LOAD ./Generated_Code/BitIoLdd14.o
LOAD ./Generated_Code/BitIoLdd2.o
LOAD ./Generated_Code/BitIoLdd3.o
LOAD ./Generated_Code/BitIoLdd4.o
LOAD ./Generated_Code/BitIoLdd5.o
LOAD ./Generated_Code/BitIoLdd6.o
LOAD ./Generated_Code/BitIoLdd7.o
LOAD ./Generated_Code/BitIoLdd8.o
LOAD ./Generated_Code/BitIoLdd9.o
LOAD ./Generated_Code/BlueLED.o
LOAD ./Generated_Code/CLK.o
LOAD ./Generated_Code/Camera_CLK_Interruption.o
LOAD ./Generated_Code/Cpu.o
LOAD ./Generated_Code/Enable_Motors.o
LOAD ./Generated_Code/ErrorLED.o
LOAD ./Generated_Code/GreenLED.o
LOAD ./Generated_Code/Motor_A_In1.o
LOAD ./Generated_Code/Motor_A_In2.o
LOAD ./Generated_Code/Motor_B_In1.o
LOAD ./Generated_Code/Motor_B_In2.o
LOAD ./Generated_Code/PE_LDD.o
LOAD ./Generated_Code/Power_Level1.o
LOAD ./Generated_Code/Power_Level2.o
LOAD ./Generated_Code/Power_Level3.o
LOAD ./Generated_Code/Power_Level4.o
LOAD ./Generated_Code/PwmLdd1.o
LOAD ./Generated_Code/PwmLdd2.o
LOAD ./Generated_Code/PwmLdd3.o
LOAD ./Generated_Code/PwmLdd4.o
LOAD ./Generated_Code/PwmLdd5.o
LOAD ./Generated_Code/SI.o
LOAD ./Generated_Code/SW2_Start_Button.o
LOAD ./Generated_Code/SerialCom.o
LOAD ./Generated_Code/Servomotor.o
LOAD ./Generated_Code/Switch1.o
LOAD ./Generated_Code/Switch2.o
LOAD ./Generated_Code/Switch3.o
LOAD ./Generated_Code/TU1.o
LOAD ./Generated_Code/TU2.o
LOAD ./Generated_Code/TU3.o
LOAD ./Generated_Code/TimerIntLdd1.o
LOAD ./Generated_Code/Vectors.o
LOAD ./.metadata/.plugins/org.eclipse.cdt.make.core/specs.o
LOAD /opt/Freescale/KDS_v3/toolchain/bin/../lib/gcc/arm-none-eabi/4.8.4/../../../../arm-none-eabi/lib/armv6-m/libstdc++_s.a
LOAD /opt/Freescale/KDS_v3/toolchain/bin/../lib/gcc/arm-none-eabi/4.8.4/../../../../arm-none-eabi/lib/armv6-m/libm.a
START GROUP
LOAD /opt/Freescale/KDS_v3/toolchain/bin/../lib/gcc/arm-none-eabi/4.8.4/armv6-m/libgcc.a
LOAD /opt/Freescale/KDS_v3/toolchain/bin/../lib/gcc/arm-none-eabi/4.8.4/../../../../arm-none-eabi/lib/armv6-m/libg_s.a
LOAD /opt/Freescale/KDS_v3/toolchain/bin/../lib/gcc/arm-none-eabi/4.8.4/../../../../arm-none-eabi/lib/armv6-m/libc_s.a
END GROUP
START GROUP
LOAD /opt/Freescale/KDS_v3/toolchain/bin/../lib/gcc/arm-none-eabi/4.8.4/armv6-m/libgcc.a
LOAD /opt/Freescale/KDS_v3/toolchain/bin/../lib/gcc/arm-none-eabi/4.8.4/../../../../arm-none-eabi/lib/armv6-m/libc_s.a
LOAD /opt/Freescale/KDS_v3/toolchain/bin/../lib/gcc/arm-none-eabi/4.8.4/../../../../arm-none-eabi/lib/armv6-m/libnosys.a
END GROUP
START GROUP
LOAD /opt/Freescale/KDS_v3/toolchain/bin/../lib/gcc/arm-none-eabi/4.8.4/armv6-m/libgcc.a
LOAD /opt/Freescale/KDS_v3/toolchain/bin/../lib/gcc/arm-none-eabi/4.8.4/../../../../arm-none-eabi/lib/armv6-m/libc_s.a
LOAD /opt/Freescale/KDS_v3/toolchain/bin/../lib/gcc/arm-none-eabi/4.8.4/../../../../arm-none-eabi/lib/armv6-m/libnosys.a
END GROUP
LOAD /opt/Freescale/KDS_v3/toolchain/bin/../lib/gcc/arm-none-eabi/4.8.4/armv6-m/crtend.o
LOAD /opt/Freescale/KDS_v3/toolchain/bin/../lib/gcc/arm-none-eabi/4.8.4/armv6-m/crtn.o
                0x20003000                _estack = 0x20003000
                0x20003000                __SP_INIT = _estack
                0x20003000                __stack = _estack
                0x00000000                __heap_size = 0x0
                0x00000400                __stack_size = 0x400

.interrupts     0x00000000       0xc0
                0x00000000                __vector_table = .
                0x00000000                . = ALIGN (0x4)
 *(.vectortable)
 .vectortable   0x00000000       0xc0 ./Generated_Code/Vectors.o
                0x00000000                __vect_table
                0x000000c0                . = ALIGN (0x4)

.cfmprotect     0x00000400       0x10
                0x00000400                . = ALIGN (0x4)
 *(.cfmconfig)
 .cfmconfig     0x00000400       0x10 ./Generated_Code/Cpu.o
                0x00000400                _cfm
                0x00000410                . = ALIGN (0x4)

.text           0x00000410     0x5ed0
                0x00000410                . = ALIGN (0x4)
 *(.text)
 .text          0x00000410       0x60 /opt/Freescale/KDS_v3/toolchain/bin/../lib/gcc/arm-none-eabi/4.8.4/armv6-m/crtbegin.o
 .text          0x00000470       0x78 /opt/Freescale/KDS_v3/toolchain/bin/../lib/gcc/arm-none-eabi/4.8.4/../../../../arm-none-eabi/lib/armv6-m/crt0.o
                0x00000470                _mainCRTStartup
                0x00000470                _start
 .text          0x000004e8       0x9c /opt/Freescale/KDS_v3/toolchain/bin/../lib/gcc/arm-none-eabi/4.8.4/armv6-m/libgcc.a(_udivsi3.o)
                0x000004e8                __udivsi3
                0x000004e8                __aeabi_uidiv
                0x00000570                __aeabi_uidivmod
 .text          0x00000584       0xc0 /opt/Freescale/KDS_v3/toolchain/bin/../lib/gcc/arm-none-eabi/4.8.4/armv6-m/libgcc.a(_divsi3.o)
                0x00000584                __aeabi_idiv
                0x00000584                __divsi3
                0x00000630                __aeabi_idivmod
 .text          0x00000644        0x4 /opt/Freescale/KDS_v3/toolchain/bin/../lib/gcc/arm-none-eabi/4.8.4/armv6-m/libgcc.a(_dvmd_tls.o)
                0x00000644                __aeabi_ldiv0
                0x00000644                __aeabi_idiv0
 .text          0x00000648       0x7c /opt/Freescale/KDS_v3/toolchain/bin/../lib/gcc/arm-none-eabi/4.8.4/armv6-m/libgcc.a(_arm_cmpdf2.o)
                0x00000648                __aeabi_cdrcmple
                0x00000658                __aeabi_cdcmple
                0x00000658                __aeabi_cdcmpeq
                0x00000668                __aeabi_dcmpeq
                0x00000674                __aeabi_dcmplt
                0x00000688                __aeabi_dcmple
                0x0000069c                __aeabi_dcmpgt
                0x000006b0                __aeabi_dcmpge
 .text          0x000006c4       0x74 /opt/Freescale/KDS_v3/toolchain/bin/../lib/gcc/arm-none-eabi/4.8.4/armv6-m/libgcc.a(_arm_cmpsf2.o)
                0x000006c4                __aeabi_cfrcmple
                0x000006cc                __aeabi_cfcmple
                0x000006cc                __aeabi_cfcmpeq
                0x000006dc                __aeabi_fcmpeq
                0x000006e8                __aeabi_fcmplt
                0x000006fc                __aeabi_fcmple
                0x00000710                __aeabi_fcmpgt
                0x00000724                __aeabi_fcmpge
 .text          0x00000738       0x30 /opt/Freescale/KDS_v3/toolchain/bin/../lib/gcc/arm-none-eabi/4.8.4/armv6-m/libgcc.a(_fixunssfsi.o)
                0x00000738                __aeabi_f2uiz
                0x00000738                __fixunssfsi
 .text          0x00000768      0x2d8 /opt/Freescale/KDS_v3/toolchain/bin/../lib/gcc/arm-none-eabi/4.8.4/armv6-m/libgcc.a(addsf3.o)
                0x00000768                __aeabi_fadd
 .text          0x00000a40      0x24c /opt/Freescale/KDS_v3/toolchain/bin/../lib/gcc/arm-none-eabi/4.8.4/armv6-m/libgcc.a(divsf3.o)
                0x00000a40                __aeabi_fdiv
 .text          0x00000c8c       0x54 /opt/Freescale/KDS_v3/toolchain/bin/../lib/gcc/arm-none-eabi/4.8.4/armv6-m/libgcc.a(eqsf2.o)
                0x00000c8c                __nesf2
                0x00000c8c                __eqsf2
 .text          0x00000ce0       0x90 /opt/Freescale/KDS_v3/toolchain/bin/../lib/gcc/arm-none-eabi/4.8.4/armv6-m/libgcc.a(gesf2.o)
                0x00000ce0                __gtsf2
                0x00000ce0                __gesf2
 .text          0x00000d70       0x98 /opt/Freescale/KDS_v3/toolchain/bin/../lib/gcc/arm-none-eabi/4.8.4/armv6-m/libgcc.a(lesf2.o)
                0x00000d70                __lesf2
                0x00000d70                __ltsf2
 .text          0x00000e08      0x254 /opt/Freescale/KDS_v3/toolchain/bin/../lib/gcc/arm-none-eabi/4.8.4/armv6-m/libgcc.a(mulsf3.o)
                0x00000e08                __aeabi_fmul
 .text          0x0000105c      0x2ec /opt/Freescale/KDS_v3/toolchain/bin/../lib/gcc/arm-none-eabi/4.8.4/armv6-m/libgcc.a(subsf3.o)
                0x0000105c                __aeabi_fsub
 .text          0x00001348       0x40 /opt/Freescale/KDS_v3/toolchain/bin/../lib/gcc/arm-none-eabi/4.8.4/armv6-m/libgcc.a(fixsfsi.o)
                0x00001348                __aeabi_f2iz
 .text          0x00001388       0xb8 /opt/Freescale/KDS_v3/toolchain/bin/../lib/gcc/arm-none-eabi/4.8.4/armv6-m/libgcc.a(floatsisf.o)
                0x00001388                __aeabi_i2f
 .text          0x00001440       0xa0 /opt/Freescale/KDS_v3/toolchain/bin/../lib/gcc/arm-none-eabi/4.8.4/armv6-m/libgcc.a(floatunsisf.o)
                0x00001440                __aeabi_ui2f
 .text          0x000014e0      0x644 /opt/Freescale/KDS_v3/toolchain/bin/../lib/gcc/arm-none-eabi/4.8.4/armv6-m/libgcc.a(adddf3.o)
                0x000014e0                __aeabi_dadd
 .text          0x00001b24      0x648 /opt/Freescale/KDS_v3/toolchain/bin/../lib/gcc/arm-none-eabi/4.8.4/armv6-m/libgcc.a(divdf3.o)
                0x00001b24                __aeabi_ddiv
 .text          0x0000216c       0x94 /opt/Freescale/KDS_v3/toolchain/bin/../lib/gcc/arm-none-eabi/4.8.4/armv6-m/libgcc.a(eqdf2.o)
                0x0000216c                __eqdf2
                0x0000216c                __nedf2
 .text          0x00002200       0xfc /opt/Freescale/KDS_v3/toolchain/bin/../lib/gcc/arm-none-eabi/4.8.4/armv6-m/libgcc.a(gedf2.o)
                0x00002200                __gtdf2
                0x00002200                __gedf2
 .text          0x000022fc       0xfc /opt/Freescale/KDS_v3/toolchain/bin/../lib/gcc/arm-none-eabi/4.8.4/armv6-m/libgcc.a(ledf2.o)
                0x000022fc                __ltdf2
                0x000022fc                __ledf2
 .text          0x000023f8      0x520 /opt/Freescale/KDS_v3/toolchain/bin/../lib/gcc/arm-none-eabi/4.8.4/armv6-m/libgcc.a(muldf3.o)
                0x000023f8                __aeabi_dmul
 .text          0x00002918      0x668 /opt/Freescale/KDS_v3/toolchain/bin/../lib/gcc/arm-none-eabi/4.8.4/armv6-m/libgcc.a(subdf3.o)
                0x00002918                __aeabi_dsub
 .text          0x00002f80       0x68 /opt/Freescale/KDS_v3/toolchain/bin/../lib/gcc/arm-none-eabi/4.8.4/armv6-m/libgcc.a(fixdfsi.o)
                0x00002f80                __aeabi_d2iz
 .text          0x00002fe8       0x7c /opt/Freescale/KDS_v3/toolchain/bin/../lib/gcc/arm-none-eabi/4.8.4/armv6-m/libgcc.a(floatsidf.o)
                0x00002fe8                __aeabi_i2d
 .text          0x00003064       0xa4 /opt/Freescale/KDS_v3/toolchain/bin/../lib/gcc/arm-none-eabi/4.8.4/armv6-m/libgcc.a(extendsfdf2.o)
                0x00003064                __aeabi_f2d
 .text          0x00003108      0x118 /opt/Freescale/KDS_v3/toolchain/bin/../lib/gcc/arm-none-eabi/4.8.4/armv6-m/libgcc.a(truncdfsf2.o)
                0x00003108                __aeabi_d2f
 .text          0x00003220       0x3c /opt/Freescale/KDS_v3/toolchain/bin/../lib/gcc/arm-none-eabi/4.8.4/armv6-m/libgcc.a(_clzsi2.o)
                0x00003220                __clzsi2
 *(.text*)
 .text.get_error
                0x0000325c       0x7c ./Sources/Error_management.o
                0x0000325c                get_error
 .text.Cpu_OnNMIINT
                0x000032d8        0x8 ./Sources/Events.o
                0x000032d8                Cpu_OnNMIINT
 .text.Camera_CLK_Interruption_OnInterrupt
                0x000032e0      0x120 ./Sources/Events.o
                0x000032e0                Camera_CLK_Interruption_OnInterrupt
 .text.AD_Converter_OnEnd
                0x00003400       0x34 ./Sources/Events.o
                0x00003400                AD_Converter_OnEnd
 .text.SerialCom_OnBlockSent
                0x00003434       0x18 ./Sources/Events.o
                0x00003434                SerialCom_OnBlockSent
 *fill*         0x0000344c        0x4 
 .text.advancedControl
                0x00003450       0x68 ./Sources/SystemController.o
                0x00003450                advancedControl
 .text.dc_motors_normalization
                0x000034b8       0xa8 ./Sources/SystemController.o
                0x000034b8                dc_motors_normalization
 .text.updateBatteryLevel
                0x00003560       0x28 ./Sources/battery_lib.o
                0x00003560                updateBatteryLevel
 .text.updatePowerState
                0x00003588      0x230 ./Sources/battery_lib.o
                0x00003588                updatePowerState
 .text.initializeCamera
                0x000037b8       0x28 ./Sources/camera_lib.o
                0x000037b8                initializeCamera
 .text.getRawImageMean
                0x000037e0       0x74 ./Sources/camera_lib.o
                0x000037e0                getRawImageMean
 .text.verifySample
                0x00003854       0x70 ./Sources/camera_lib.o
                0x00003854                verifySample
 .text.setMotorsSpeed
                0x000038c4       0xc4 ./Sources/dc_motor_lib.o
                0x000038c4                setMotorsSpeed
 .text.calibration
                0x00003988       0x38 ./Sources/image_processing_lib.o
                0x00003988                calibration
 .text.binarization
                0x000039c0       0x90 ./Sources/image_processing_lib.o
                0x000039c0                binarization
 .text.set_borders
                0x00003a50       0xc0 ./Sources/image_processing_lib.o
                0x00003a50                set_borders
 .text.main     0x00003b10      0x11c ./Sources/main.o
                0x00003b10                main
 *fill*         0x00003c2c        0x4 
 .text.resetPID
                0x00003c30       0x38 ./Sources/pid.o
                0x00003c30                resetPID
 .text.update_pid
                0x00003c68      0x100 ./Sources/pid.o
                0x00003c68                update_pid
 .text.get_derivative_state
                0x00003d68       0x48 ./Sources/pid.o
                0x00003d68                get_derivative_state
 .text.get_integral_term
                0x00003db0       0xf0 ./Sources/pid.o
                0x00003db0                get_integral_term
 .text.update_gains
                0x00003ea0       0xa8 ./Sources/pid.o
                0x00003ea0                update_gains
 .text.init_Serial
                0x00003f48       0x20 ./Sources/serial_communication_lib.o
 .text.sendAChar
                0x00003f68       0x44 ./Sources/serial_communication_lib.o
 .text.itoa_8_bit
                0x00003fac       0x9c ./Sources/serial_communication_lib.o
                0x00003fac                itoa_8_bit
 .text.sendArrayOfPixels
                0x00004048       0x50 ./Sources/serial_communication_lib.o
                0x00004048                sendArrayOfPixels
 .text.setServoDirection
                0x00004098       0x44 ./Sources/servo_lib.o
                0x00004098                setServoDirection
 .text.__copy_rom_section
                0x000040dc       0xd8 ./Project_Settings/Startup_Code/startup.o
                0x000040dc                __copy_rom_section
 .text.__copy_rom_sections_to_ram
                0x000041b4       0x98 ./Project_Settings/Startup_Code/startup.o
                0x000041b4                __copy_rom_sections_to_ram
 .text.__init_registers
                0x0000424c        0x8 ./Project_Settings/Startup_Code/startup.o
                0x0000424c                __init_registers
 .text.__init_user
                0x00004254        0x8 ./Project_Settings/Startup_Code/startup.o
                0x00004254                __init_user
 .text.__thumb_startup
                0x0000425c       0x30 ./Project_Settings/Startup_Code/startup.o
                0x0000425c                __thumb_startup
 .text.ClrSumV  0x0000428c       0x18 ./Generated_Code/AD_Converter.o
 .text.AD_Converter_HWEnDi
                0x000042a4       0x9c ./Generated_Code/AD_Converter.o
                0x000042a4                AD_Converter_HWEnDi
 .text.AD_Converter_MeasureChan
                0x00004340       0x64 ./Generated_Code/AD_Converter.o
                0x00004340                AD_Converter_MeasureChan
 .text.AD_Converter_GetChanValue
                0x000043a4       0x58 ./Generated_Code/AD_Converter.o
                0x000043a4                AD_Converter_GetChanValue
 .text.AdcLdd1_OnMeasurementComplete
                0x000043fc       0xf8 ./Generated_Code/AD_Converter.o
                0x000043fc                AdcLdd1_OnMeasurementComplete
 .text.AD_Converter_Init
                0x000044f4       0x2c ./Generated_Code/AD_Converter.o
                0x000044f4                AD_Converter_Init
 .text.AdcLdd1_Init
                0x00004520       0xe0 ./Generated_Code/AdcLdd1.o
                0x00004520                AdcLdd1_Init
 .text.AdcLdd1_StartSingleMeasurement
                0x00004600       0x44 ./Generated_Code/AdcLdd1.o
                0x00004600                AdcLdd1_StartSingleMeasurement
 .text.AdcLdd1_CreateSampleGroup
                0x00004644       0x6c ./Generated_Code/AdcLdd1.o
                0x00004644                AdcLdd1_CreateSampleGroup
 .text.AdcLdd1_GetMeasuredValues
                0x000046b0       0x60 ./Generated_Code/AdcLdd1.o
                0x000046b0                AdcLdd1_GetMeasuredValues
 .text.AdcLdd1_GetCalibrationResultStatus
                0x00004710       0xb8 ./Generated_Code/AdcLdd1.o
                0x00004710                AdcLdd1_GetCalibrationResultStatus
 .text.AdcLdd1_MeasurementCompleteInterrupt
                0x000047c8       0x30 ./Generated_Code/AdcLdd1.o
                0x000047c8                AdcLdd1_MeasurementCompleteInterrupt
 .text.BitIoLdd1_Init
                0x000047f8       0x60 ./Generated_Code/BitIoLdd1.o
                0x000047f8                BitIoLdd1_Init
 .text.BitIoLdd1_GetVal
                0x00004858       0x28 ./Generated_Code/BitIoLdd1.o
                0x00004858                BitIoLdd1_GetVal
 .text.BitIoLdd1_ClrVal
                0x00004880       0x18 ./Generated_Code/BitIoLdd1.o
                0x00004880                BitIoLdd1_ClrVal
 .text.BitIoLdd1_SetVal
                0x00004898       0x18 ./Generated_Code/BitIoLdd1.o
                0x00004898                BitIoLdd1_SetVal
 .text.BitIoLdd10_Init
                0x000048b0       0x60 ./Generated_Code/BitIoLdd10.o
                0x000048b0                BitIoLdd10_Init
 .text.BitIoLdd11_Init
                0x00004910       0x60 ./Generated_Code/BitIoLdd11.o
                0x00004910                BitIoLdd11_Init
 .text.BitIoLdd12_Init
                0x00004970       0x54 ./Generated_Code/BitIoLdd12.o
                0x00004970                BitIoLdd12_Init
 .text.BitIoLdd12_GetVal
                0x000049c4       0x28 ./Generated_Code/BitIoLdd12.o
                0x000049c4                BitIoLdd12_GetVal
 .text.BitIoLdd13_Init
                0x000049ec       0x54 ./Generated_Code/BitIoLdd13.o
                0x000049ec                BitIoLdd13_Init
 .text.BitIoLdd13_GetVal
                0x00004a40       0x28 ./Generated_Code/BitIoLdd13.o
                0x00004a40                BitIoLdd13_GetVal
 .text.BitIoLdd14_Init
                0x00004a68       0x54 ./Generated_Code/BitIoLdd14.o
                0x00004a68                BitIoLdd14_Init
 .text.BitIoLdd14_GetVal
                0x00004abc       0x28 ./Generated_Code/BitIoLdd14.o
                0x00004abc                BitIoLdd14_GetVal
 .text.BitIoLdd2_Init
                0x00004ae4       0x60 ./Generated_Code/BitIoLdd2.o
                0x00004ae4                BitIoLdd2_Init
 .text.BitIoLdd2_GetVal
                0x00004b44       0x28 ./Generated_Code/BitIoLdd2.o
                0x00004b44                BitIoLdd2_GetVal
 .text.BitIoLdd2_ClrVal
                0x00004b6c       0x18 ./Generated_Code/BitIoLdd2.o
                0x00004b6c                BitIoLdd2_ClrVal
 .text.BitIoLdd2_SetVal
                0x00004b84       0x18 ./Generated_Code/BitIoLdd2.o
                0x00004b84                BitIoLdd2_SetVal
 .text.BitIoLdd3_Init
                0x00004b9c       0x58 ./Generated_Code/BitIoLdd3.o
                0x00004b9c                BitIoLdd3_Init
 .text.BitIoLdd3_GetVal
                0x00004bf4       0x28 ./Generated_Code/BitIoLdd3.o
                0x00004bf4                BitIoLdd3_GetVal
 .text.BitIoLdd4_Init
                0x00004c1c       0x68 ./Generated_Code/BitIoLdd4.o
                0x00004c1c                BitIoLdd4_Init
 .text.BitIoLdd4_SetVal
                0x00004c84       0x1c ./Generated_Code/BitIoLdd4.o
                0x00004c84                BitIoLdd4_SetVal
 .text.BitIoLdd5_Init
                0x00004ca0       0x68 ./Generated_Code/BitIoLdd5.o
                0x00004ca0                BitIoLdd5_Init
 .text.BitIoLdd5_SetVal
                0x00004d08       0x1c ./Generated_Code/BitIoLdd5.o
                0x00004d08                BitIoLdd5_SetVal
 .text.BitIoLdd5_NegVal
                0x00004d24       0x1c ./Generated_Code/BitIoLdd5.o
                0x00004d24                BitIoLdd5_NegVal
 .text.BitIoLdd6_Init
                0x00004d40       0x68 ./Generated_Code/BitIoLdd6.o
                0x00004d40                BitIoLdd6_Init
 .text.BitIoLdd6_ClrVal
                0x00004da8       0x1c ./Generated_Code/BitIoLdd6.o
                0x00004da8                BitIoLdd6_ClrVal
 .text.BitIoLdd6_SetVal
                0x00004dc4       0x1c ./Generated_Code/BitIoLdd6.o
                0x00004dc4                BitIoLdd6_SetVal
 .text.BitIoLdd6_NegVal
                0x00004de0       0x1c ./Generated_Code/BitIoLdd6.o
                0x00004de0                BitIoLdd6_NegVal
 .text.BitIoLdd7_Init
                0x00004dfc       0x68 ./Generated_Code/BitIoLdd7.o
                0x00004dfc                BitIoLdd7_Init
 .text.BitIoLdd7_ClrVal
                0x00004e64       0x1c ./Generated_Code/BitIoLdd7.o
                0x00004e64                BitIoLdd7_ClrVal
 .text.BitIoLdd7_SetVal
                0x00004e80       0x1c ./Generated_Code/BitIoLdd7.o
                0x00004e80                BitIoLdd7_SetVal
 .text.BitIoLdd7_NegVal
                0x00004e9c       0x1c ./Generated_Code/BitIoLdd7.o
                0x00004e9c                BitIoLdd7_NegVal
 .text.BitIoLdd8_Init
                0x00004eb8       0x68 ./Generated_Code/BitIoLdd8.o
                0x00004eb8                BitIoLdd8_Init
 .text.BitIoLdd8_ClrVal
                0x00004f20       0x1c ./Generated_Code/BitIoLdd8.o
                0x00004f20                BitIoLdd8_ClrVal
 .text.BitIoLdd8_SetVal
                0x00004f3c       0x1c ./Generated_Code/BitIoLdd8.o
                0x00004f3c                BitIoLdd8_SetVal
 .text.BitIoLdd8_NegVal
                0x00004f58       0x1c ./Generated_Code/BitIoLdd8.o
                0x00004f58                BitIoLdd8_NegVal
 .text.BitIoLdd9_Init
                0x00004f74       0x64 ./Generated_Code/BitIoLdd9.o
                0x00004f74                BitIoLdd9_Init
 .text.TimerIntLdd1_OnInterrupt
                0x00004fd8       0x14 ./Generated_Code/Camera_CLK_Interruption.o
                0x00004fd8                TimerIntLdd1_OnInterrupt
 .text.Cpu_INT_NMIInterrupt
                0x00004fec        0xc ./Generated_Code/Cpu.o
                0x00004fec                Cpu_INT_NMIInterrupt
 .text.Cpu_Interrupt
                0x00004ff8        0xc ./Generated_Code/Cpu.o
                0x00004ff8                Cpu_Interrupt
 .text.__init_hardware
                0x00005004      0x110 ./Generated_Code/Cpu.o
                0x00005004                __init_hardware
 .text.PE_low_level_init
                0x00005114      0x144 ./Generated_Code/Cpu.o
                0x00005114                PE_low_level_init
 .text.PwmLdd1_Init
                0x00005258       0x58 ./Generated_Code/PwmLdd1.o
                0x00005258                PwmLdd1_Init
 .text.PwmLdd1_SetRatio8
                0x000052b0       0x34 ./Generated_Code/PwmLdd1.o
                0x000052b0                PwmLdd1_SetRatio8
 .text.SetRatio
                0x000052e4       0x68 ./Generated_Code/PwmLdd1.o
 .text.PwmLdd2_Init
                0x0000534c       0x58 ./Generated_Code/PwmLdd2.o
                0x0000534c                PwmLdd2_Init
 .text.PwmLdd2_SetRatio8
                0x000053a4       0x34 ./Generated_Code/PwmLdd2.o
                0x000053a4                PwmLdd2_SetRatio8
 .text.SetRatio
                0x000053d8       0x68 ./Generated_Code/PwmLdd2.o
 .text.PwmLdd3_Init
                0x00005440       0x58 ./Generated_Code/PwmLdd3.o
                0x00005440                PwmLdd3_Init
 .text.PwmLdd3_SetRatio8
                0x00005498       0x34 ./Generated_Code/PwmLdd3.o
                0x00005498                PwmLdd3_SetRatio8
 .text.SetRatio
                0x000054cc       0x68 ./Generated_Code/PwmLdd3.o
 .text.PwmLdd4_Init
                0x00005534       0x58 ./Generated_Code/PwmLdd4.o
                0x00005534                PwmLdd4_Init
 .text.PwmLdd4_SetRatio8
                0x0000558c       0x34 ./Generated_Code/PwmLdd4.o
                0x0000558c                PwmLdd4_SetRatio8
 .text.SetRatio
                0x000055c0       0x68 ./Generated_Code/PwmLdd4.o
 .text.PwmLdd5_Init
                0x00005628       0x58 ./Generated_Code/PwmLdd5.o
                0x00005628                PwmLdd5_Init
 .text.PwmLdd5_Enable
                0x00005680       0x30 ./Generated_Code/PwmLdd5.o
                0x00005680                PwmLdd5_Enable
 .text.PwmLdd5_SetDutyUS
                0x000056b0       0x7c ./Generated_Code/PwmLdd5.o
                0x000056b0                PwmLdd5_SetDutyUS
 .text.SetRatio
                0x0000572c       0x68 ./Generated_Code/PwmLdd5.o
 .text.SerialCom_Init
                0x00005794      0x1b0 ./Generated_Code/SerialCom.o
                0x00005794                SerialCom_Init
 .text.SerialCom_SendBlock
                0x00005944       0xc4 ./Generated_Code/SerialCom.o
                0x00005944                SerialCom_SendBlock
 .text.InterruptRx
                0x00005a08       0x50 ./Generated_Code/SerialCom.o
 .text.InterruptTx
                0x00005a58       0x80 ./Generated_Code/SerialCom.o
 .text.SerialCom_Interrupt
                0x00005ad8       0x64 ./Generated_Code/SerialCom.o
                0x00005ad8                SerialCom_Interrupt
 .text.TU1_Init
                0x00005b3c       0xd4 ./Generated_Code/TU1.o
                0x00005b3c                TU1_Init
 .text.TU1_Enable
                0x00005c10       0x2c ./Generated_Code/TU1.o
                0x00005c10                TU1_Enable
 .text.TU1_SetEventMask
                0x00005c3c       0x74 ./Generated_Code/TU1.o
                0x00005c3c                TU1_SetEventMask
 .text.TU1_Interrupt
                0x00005cb0       0x38 ./Generated_Code/TU1.o
                0x00005cb0                TU1_Interrupt
 .text.TU2_Init
                0x00005ce8      0x134 ./Generated_Code/TU2.o
                0x00005ce8                TU2_Init
 .text.TU2_GetPeriodTicks
                0x00005e1c       0x3c ./Generated_Code/TU2.o
                0x00005e1c                TU2_GetPeriodTicks
 .text.TU2_SetOffsetTicks
                0x00005e58       0x58 ./Generated_Code/TU2.o
                0x00005e58                TU2_SetOffsetTicks
 .text.TU3_Init
                0x00005eb0       0xcc ./Generated_Code/TU3.o
                0x00005eb0                TU3_Init
 .text.TU3_Enable
                0x00005f7c       0x30 ./Generated_Code/TU3.o
                0x00005f7c                TU3_Enable
 .text.TU3_GetPeriodTicks
                0x00005fac       0x3c ./Generated_Code/TU3.o
                0x00005fac                TU3_GetPeriodTicks
 .text.TU3_SetOffsetTicks
                0x00005fe8       0x44 ./Generated_Code/TU3.o
                0x00005fe8                TU3_SetOffsetTicks
 .text.TimerIntLdd1_Init
                0x0000602c       0x50 ./Generated_Code/TimerIntLdd1.o
                0x0000602c                TimerIntLdd1_Init
 .text.TimerIntLdd1_Enable
                0x0000607c       0x30 ./Generated_Code/TimerIntLdd1.o
                0x0000607c                TimerIntLdd1_Enable
 .text.TimerIntLdd1_SetEventMask
                0x000060ac       0x40 ./Generated_Code/TimerIntLdd1.o
                0x000060ac                TimerIntLdd1_SetEventMask
 .text.TU1_OnCounterRestart
                0x000060ec       0x24 ./Generated_Code/TimerIntLdd1.o
                0x000060ec                TU1_OnCounterRestart
 .text.exit     0x00006110       0x2c /opt/Freescale/KDS_v3/toolchain/bin/../lib/gcc/arm-none-eabi/4.8.4/../../../../arm-none-eabi/lib/armv6-m/libg_s.a(lib_a-exit.o)
                0x00006110                exit
 .text.__libc_init_array
                0x0000613c       0x4c /opt/Freescale/KDS_v3/toolchain/bin/../lib/gcc/arm-none-eabi/4.8.4/../../../../arm-none-eabi/lib/armv6-m/libg_s.a(lib_a-init.o)
                0x0000613c                __libc_init_array
 .text.memset   0x00006188       0x10 /opt/Freescale/KDS_v3/toolchain/bin/../lib/gcc/arm-none-eabi/4.8.4/../../../../arm-none-eabi/lib/armv6-m/libg_s.a(lib_a-memset.o)
                0x00006188                memset
 .text._exit    0x00006198        0x4 /opt/Freescale/KDS_v3/toolchain/bin/../lib/gcc/arm-none-eabi/4.8.4/../../../../arm-none-eabi/lib/armv6-m/libnosys.a(_exit.o)
                0x00006198                _exit
 *(.rodata)
 .rodata        0x0000619c       0x40 /opt/Freescale/KDS_v3/toolchain/bin/../lib/gcc/arm-none-eabi/4.8.4/armv6-m/libgcc.a(divsf3.o)
 .rodata        0x000061dc       0x40 /opt/Freescale/KDS_v3/toolchain/bin/../lib/gcc/arm-none-eabi/4.8.4/armv6-m/libgcc.a(mulsf3.o)
 .rodata        0x0000621c       0x40 /opt/Freescale/KDS_v3/toolchain/bin/../lib/gcc/arm-none-eabi/4.8.4/armv6-m/libgcc.a(divdf3.o)
 .rodata        0x0000625c       0x40 /opt/Freescale/KDS_v3/toolchain/bin/../lib/gcc/arm-none-eabi/4.8.4/armv6-m/libgcc.a(muldf3.o)
 *(.rodata*)
 .rodata.Camera_CLK_Interruption_OnInterrupt
                0x0000629c       0x14 ./Sources/Events.o
 .rodata.Table  0x000062b0        0x4 ./Generated_Code/AD_Converter.o
 .rodata.ChannelToPin
                0x000062b4        0x4 ./Generated_Code/AdcLdd1.o
 .rodata.ChannelDevice
                0x000062b8        0x4 ./Generated_Code/TU2.o
 .rodata.ChannelMode
                0x000062bc        0x4 ./Generated_Code/TU2.o
 .rodata.str1.1
                0x000062c0        0x2 /opt/Freescale/KDS_v3/toolchain/bin/../lib/gcc/arm-none-eabi/4.8.4/../../../../arm-none-eabi/lib/armv6-m/libg_s.a(lib_a-impure.o)
 *fill*         0x000062c2        0x2 
 .rodata._global_impure_ptr
                0x000062c4        0x4 /opt/Freescale/KDS_v3/toolchain/bin/../lib/gcc/arm-none-eabi/4.8.4/../../../../arm-none-eabi/lib/armv6-m/libg_s.a(lib_a-impure.o)
                0x000062c4                _global_impure_ptr
 *(.glue_7)
 .glue_7        0x00000000        0x0 linker stubs
 *(.glue_7t)
 .glue_7t       0x00000000        0x0 linker stubs
 *(.eh_frame)
 .eh_frame      0x000062c8        0x0 /opt/Freescale/KDS_v3/toolchain/bin/../lib/gcc/arm-none-eabi/4.8.4/armv6-m/crtbegin.o
 *(.init)
 .init          0x000062c8        0x4 /opt/Freescale/KDS_v3/toolchain/bin/../lib/gcc/arm-none-eabi/4.8.4/armv6-m/crti.o
                0x000062c8                _init
 .init          0x000062cc        0x8 /opt/Freescale/KDS_v3/toolchain/bin/../lib/gcc/arm-none-eabi/4.8.4/armv6-m/crtn.o
 *(.fini)
 .fini          0x000062d4        0x4 /opt/Freescale/KDS_v3/toolchain/bin/../lib/gcc/arm-none-eabi/4.8.4/armv6-m/crti.o
                0x000062d4                _fini
 .fini          0x000062d8        0x8 /opt/Freescale/KDS_v3/toolchain/bin/../lib/gcc/arm-none-eabi/4.8.4/armv6-m/crtn.o
                0x000062e0                . = ALIGN (0x4)
                0x000062e0                _etext = .

.vfp11_veneer   0x000062e0        0x0
 .vfp11_veneer  0x00000000        0x0 linker stubs

.v4_bx          0x000062e0        0x0
 .v4_bx         0x00000000        0x0 linker stubs

.iplt           0x000062e0        0x0
 .iplt          0x00000000        0x0 /opt/Freescale/KDS_v3/toolchain/bin/../lib/gcc/arm-none-eabi/4.8.4/armv6-m/crtbegin.o

.ARM.extab
 *(.ARM.extab* .gnu.linkonce.armextab.*)

.ARM            0x000062e0        0x8
                0x000062e0                __exidx_start = .
 *(.ARM.exidx*)
 .ARM.exidx     0x000062e0        0x8 /opt/Freescale/KDS_v3/toolchain/bin/../lib/gcc/arm-none-eabi/4.8.4/../../../../arm-none-eabi/lib/armv6-m/crt0.o
                0x000062e8                __exidx_end = .

.rel.dyn        0x000062e8        0x0
 .rel.iplt      0x00000000        0x0 /opt/Freescale/KDS_v3/toolchain/bin/../lib/gcc/arm-none-eabi/4.8.4/armv6-m/crtbegin.o

.ctors          0x000062e8        0x0
                0x000062e8                __CTOR_LIST__ = .
 *crtbegin.o(.ctors)
 *(EXCLUDE_FILE(*crtend.o) .ctors)
 *(SORT(.ctors.*))
 *(.ctors)
                0x000062e8                __CTOR_END__ = .

.dtors          0x000062e8        0x0
                0x000062e8                __DTOR_LIST__ = .
 *crtbegin.o(.dtors)
 *(EXCLUDE_FILE(*crtend.o) .dtors)
 *(SORT(.dtors.*))
 *(.dtors)
                0x000062e8                __DTOR_END__ = .

.preinit_array  0x000062e8        0x0
                0x000062e8                PROVIDE (__preinit_array_start, .)
 *(.preinit_array*)
                0x000062e8                PROVIDE (__preinit_array_end, .)

.init_array     0x000062e8        0x4
                0x000062e8                PROVIDE (__init_array_start, .)
 *(SORT(.init_array.*))
 *(.init_array*)
 .init_array    0x000062e8        0x4 /opt/Freescale/KDS_v3/toolchain/bin/../lib/gcc/arm-none-eabi/4.8.4/armv6-m/crtbegin.o
                0x000062ec                PROVIDE (__init_array_end, .)

.fini_array     0x000062ec        0x4
                0x000062ec                PROVIDE (__fini_array_start, .)
 *(SORT(.fini_array.*))
 *(.fini_array*)
 .fini_array    0x000062ec        0x4 /opt/Freescale/KDS_v3/toolchain/bin/../lib/gcc/arm-none-eabi/4.8.4/armv6-m/crtbegin.o
                0x000062f0                PROVIDE (__fini_array_end, .)
                0x000062f0                ___ROM_AT = .

.mtb            0x1ffff000        0x0
                0x1ffff000                . = ALIGN (0x8)
                0x1ffff000                _mtb_start = .
 *(.mtb_buf)
                0x1ffff000                . = ALIGN (0x8)
                0x1ffff000                _mtb_end = .

.data           0x1ffff000       0x60 load address 0x000062f0
                0x1ffff000                . = ALIGN (0x4)
                0x1ffff000                _sdata = .
 *(.data)
 *(.data*)
 .data.impure_data
                0x1ffff000       0x60 /opt/Freescale/KDS_v3/toolchain/bin/../lib/gcc/arm-none-eabi/4.8.4/../../../../arm-none-eabi/lib/armv6-m/libg_s.a(lib_a-impure.o)
                0x1ffff060                . = ALIGN (0x4)
                0x1ffff060                _edata = .
                0x00000060                ___data_size = (_edata - _sdata)

.jcr            0x1ffff060        0x0 load address 0x00006350
 .jcr           0x1ffff060        0x0 /opt/Freescale/KDS_v3/toolchain/bin/../lib/gcc/arm-none-eabi/4.8.4/armv6-m/crtbegin.o

.igot.plt       0x1ffff060        0x0 load address 0x00006350
 .igot.plt      0x00000000        0x0 /opt/Freescale/KDS_v3/toolchain/bin/../lib/gcc/arm-none-eabi/4.8.4/armv6-m/crtbegin.o
                0x1ffff060                . = ALIGN (0x4)

.bss            0x1ffff060      0x308 load address 0x00006350
                0x1ffff060                __START_BSS = .
                0x1ffff060                PROVIDE (__bss_start__, __START_BSS)
 *(.bss)
 .bss           0x1ffff060       0x1c /opt/Freescale/KDS_v3/toolchain/bin/../lib/gcc/arm-none-eabi/4.8.4/armv6-m/crtbegin.o
 *(.bss*)
 .bss.deviceData
                0x1ffff07c        0x8 ./Sources/serial_communication_lib.o
 .bss.SumChan   0x1ffff084        0x1 ./Generated_Code/AD_Converter.o
 .bss.ModeFlg   0x1ffff085        0x1 ./Generated_Code/AD_Converter.o
 *fill*         0x1ffff086        0x2 
 .bss.SampleGroup
                0x1ffff088        0x4 ./Generated_Code/AD_Converter.o
 .bss.OutFlg    0x1ffff08c        0x1 ./Generated_Code/AD_Converter.o
 *fill*         0x1ffff08d        0x3 
 .bss.DeviceDataPrv__DEFAULT_RTOS_ALLOC
                0x1ffff090        0x8 ./Generated_Code/AdcLdd1.o
 .bss.INT_ADC0__DEFAULT_RTOS_ISRPARAM
                0x1ffff098        0x4 ./Generated_Code/AdcLdd1.o
 .bss.DeviceDataPrv__DEFAULT_RTOS_ALLOC
                0x1ffff09c        0x4 ./Generated_Code/BitIoLdd1.o
 .bss.DeviceDataPrv__DEFAULT_RTOS_ALLOC
                0x1ffff0a0        0x4 ./Generated_Code/BitIoLdd10.o
 .bss.DeviceDataPrv__DEFAULT_RTOS_ALLOC
                0x1ffff0a4        0x4 ./Generated_Code/BitIoLdd11.o
 .bss.DeviceDataPrv__DEFAULT_RTOS_ALLOC
                0x1ffff0a8        0x4 ./Generated_Code/BitIoLdd12.o
 .bss.DeviceDataPrv__DEFAULT_RTOS_ALLOC
                0x1ffff0ac        0x4 ./Generated_Code/BitIoLdd13.o
 .bss.DeviceDataPrv__DEFAULT_RTOS_ALLOC
                0x1ffff0b0        0x4 ./Generated_Code/BitIoLdd14.o
 .bss.DeviceDataPrv__DEFAULT_RTOS_ALLOC
                0x1ffff0b4        0x4 ./Generated_Code/BitIoLdd2.o
 .bss.DeviceDataPrv__DEFAULT_RTOS_ALLOC
                0x1ffff0b8        0x4 ./Generated_Code/BitIoLdd3.o
 .bss.DeviceDataPrv__DEFAULT_RTOS_ALLOC
                0x1ffff0bc        0x4 ./Generated_Code/BitIoLdd4.o
 .bss.DeviceDataPrv__DEFAULT_RTOS_ALLOC
                0x1ffff0c0        0x4 ./Generated_Code/BitIoLdd5.o
 .bss.DeviceDataPrv__DEFAULT_RTOS_ALLOC
                0x1ffff0c4        0x4 ./Generated_Code/BitIoLdd6.o
 .bss.DeviceDataPrv__DEFAULT_RTOS_ALLOC
                0x1ffff0c8        0x4 ./Generated_Code/BitIoLdd7.o
 .bss.DeviceDataPrv__DEFAULT_RTOS_ALLOC
                0x1ffff0cc        0x4 ./Generated_Code/BitIoLdd8.o
 .bss.DeviceDataPrv__DEFAULT_RTOS_ALLOC
                0x1ffff0d0        0x4 ./Generated_Code/BitIoLdd9.o
 .bss.SR_lock   0x1ffff0d4        0x1 ./Generated_Code/Cpu.o
                0x1ffff0d4                SR_lock
 *fill*         0x1ffff0d5        0x3 
 .bss.PE_LDD_DeviceDataList
                0x1ffff0d8       0x64 ./Generated_Code/PE_LDD.o
                0x1ffff0d8                PE_LDD_DeviceDataList
 .bss.DeviceDataPrv__DEFAULT_RTOS_ALLOC
                0x1ffff13c        0xc ./Generated_Code/PwmLdd1.o
 .bss.DeviceDataPrv__DEFAULT_RTOS_ALLOC
                0x1ffff148        0xc ./Generated_Code/PwmLdd2.o
 .bss.DeviceDataPrv__DEFAULT_RTOS_ALLOC
                0x1ffff154        0xc ./Generated_Code/PwmLdd3.o
 .bss.DeviceDataPrv__DEFAULT_RTOS_ALLOC
                0x1ffff160        0xc ./Generated_Code/PwmLdd4.o
 .bss.DeviceDataPrv__DEFAULT_RTOS_ALLOC
                0x1ffff16c        0xc ./Generated_Code/PwmLdd5.o
 .bss.DeviceDataPrv__DEFAULT_RTOS_ALLOC
                0x1ffff178       0x18 ./Generated_Code/SerialCom.o
 .bss.INT_UART0__DEFAULT_RTOS_ISRPARAM
                0x1ffff190        0x4 ./Generated_Code/SerialCom.o
 .bss.DeviceDataPrv__DEFAULT_RTOS_ALLOC
                0x1ffff194        0x8 ./Generated_Code/TU1.o
 .bss.INT_PIT__DEFAULT_RTOS_ISRPARAM
                0x1ffff19c        0x4 ./Generated_Code/TU1.o
 .bss.DeviceDataPrv__DEFAULT_RTOS_ALLOC
                0x1ffff1a0        0x8 ./Generated_Code/TU2.o
 .bss.DeviceDataPrv__DEFAULT_RTOS_ALLOC
                0x1ffff1a8        0xc ./Generated_Code/TU3.o
 .bss.DeviceDataPrv__DEFAULT_RTOS_ALLOC
                0x1ffff1b4        0xc ./Generated_Code/TimerIntLdd1.o
 *(COMMON)
 COMMON         0x1ffff1c0      0x194 ./Sources/Error_management.o
                0x1ffff1c0                clockCounter
                0x1ffff1c4                samplesNumber
                0x1ffff1c8                transferTime
                0x1ffff1cc                currentSample
                0x1ffff1d0                referenceImage
                0x1ffff250                state
                0x1ffff254                rawImage
                0x1ffff2d4                rawImageBuffer
 COMMON         0x1ffff354        0xa ./Sources/Events.o
                0x1ffff354                handlingPowerUpdate
                0x1ffff355                serialTest
                0x1ffff358                batteryLevel
                0x1ffff35c                serialFinished
                0x1ffff35d                serialTestStart
 *fill*         0x1ffff35e        0x2 
 COMMON         0x1ffff360        0x6 ./Generated_Code/AD_Converter.o
                0x1ffff360                AdcLdd1_DeviceDataPtr
                0x1ffff364                AD_Converter_OutV
 COMMON         0x1ffff366        0x1 ./Generated_Code/Cpu.o
                0x1ffff366                SR_reg
                0x1ffff368                . = ALIGN (0x4)
 *fill*         0x1ffff367        0x1 
                0x1ffff368                __END_BSS = .
                0x1ffff368                PROVIDE (__bss_end__, __END_BSS)
                0x00006350                _romp_at = (___ROM_AT + SIZEOF (.data))

.romp           0x1ffff368       0x18 load address 0x00006350
                0x00006350                __S_romp = _romp_at
                0x1ffff368        0x4 LONG 0x62f0 ___ROM_AT
                0x1ffff36c        0x4 LONG 0x1ffff000 _sdata
                0x1ffff370        0x4 LONG 0x60 ___data_size
                0x1ffff374        0x4 LONG 0x0
                0x1ffff378        0x4 LONG 0x0
                0x1ffff37c        0x4 LONG 0x0
                0x00020000                text_end = (ORIGIN (m_text) + 0x1fbf0)
                0x00006368                data_init_end = ((___ROM_AT + SIZEOF (.data)) + SIZEOF (.romp))
                0x00000001                ASSERT ((data_init_end <= text_end), region m_text overflowed with text and data)

._user_heap_stack
                0x1ffff380      0x400 load address 0x00006368
                0x1ffff380                . = ALIGN (0x4)
                0x1ffff380                PROVIDE (end, .)
                0x1ffff380                PROVIDE (_end, .)
                0x1ffff380                PROVIDE (__end__, .)
                0x1ffff380                __heap_addr = .
                0x1ffff380                __HeapBase = .
                0x1ffff380                . = (. + __heap_size)
                0x1ffff380                __HeapLimit = .
                0x1ffff780                . = (. + __stack_size)
 *fill*         0x1ffff380      0x400 
                0x1ffff780                . = ALIGN (0x4)

.ARM.attributes
                0x00000000       0x28
 *(.ARM.attributes)
 .ARM.attributes
                0x00000000       0x1e /opt/Freescale/KDS_v3/toolchain/bin/../lib/gcc/arm-none-eabi/4.8.4/armv6-m/crti.o
 .ARM.attributes
                0x0000001e       0x2c /opt/Freescale/KDS_v3/toolchain/bin/../lib/gcc/arm-none-eabi/4.8.4/armv6-m/crtbegin.o
 .ARM.attributes
                0x0000004a       0x1b /opt/Freescale/KDS_v3/toolchain/bin/../lib/gcc/arm-none-eabi/4.8.4/../../../../arm-none-eabi/lib/armv6-m/crt0.o
 .ARM.attributes
                0x00000065       0x32 ./Sources/Error_management.o
 .ARM.attributes
                0x00000097       0x32 ./Sources/Events.o
 .ARM.attributes
                0x000000c9       0x32 ./Sources/SystemController.o
 .ARM.attributes
                0x000000fb       0x32 ./Sources/battery_lib.o
 .ARM.attributes
                0x0000012d       0x32 ./Sources/camera_lib.o
 .ARM.attributes
                0x0000015f       0x32 ./Sources/dc_motor_lib.o
 .ARM.attributes
                0x00000191       0x32 ./Sources/image_processing_lib.o
 .ARM.attributes
                0x000001c3       0x32 ./Sources/main.o
 .ARM.attributes
                0x000001f5       0x32 ./Sources/pid.o
 .ARM.attributes
                0x00000227       0x32 ./Sources/serial_communication_lib.o
 .ARM.attributes
                0x00000259       0x32 ./Sources/servo_lib.o
 .ARM.attributes
                0x0000028b       0x32 ./Project_Settings/Startup_Code/startup.o
 .ARM.attributes
                0x000002bd       0x32 ./Generated_Code/AD_Converter.o
 .ARM.attributes
                0x000002ef       0x32 ./Generated_Code/AdcLdd1.o
 .ARM.attributes
                0x00000321       0x32 ./Generated_Code/BitIoLdd1.o
 .ARM.attributes
                0x00000353       0x32 ./Generated_Code/BitIoLdd10.o
 .ARM.attributes
                0x00000385       0x32 ./Generated_Code/BitIoLdd11.o
 .ARM.attributes
                0x000003b7       0x32 ./Generated_Code/BitIoLdd12.o
 .ARM.attributes
                0x000003e9       0x32 ./Generated_Code/BitIoLdd13.o
 .ARM.attributes
                0x0000041b       0x32 ./Generated_Code/BitIoLdd14.o
 .ARM.attributes
                0x0000044d       0x32 ./Generated_Code/BitIoLdd2.o
 .ARM.attributes
                0x0000047f       0x32 ./Generated_Code/BitIoLdd3.o
 .ARM.attributes
                0x000004b1       0x32 ./Generated_Code/BitIoLdd4.o
 .ARM.attributes
                0x000004e3       0x32 ./Generated_Code/BitIoLdd5.o
 .ARM.attributes
                0x00000515       0x32 ./Generated_Code/BitIoLdd6.o
 .ARM.attributes
                0x00000547       0x32 ./Generated_Code/BitIoLdd7.o
 .ARM.attributes
                0x00000579       0x32 ./Generated_Code/BitIoLdd8.o
 .ARM.attributes
                0x000005ab       0x32 ./Generated_Code/BitIoLdd9.o
 .ARM.attributes
                0x000005dd       0x32 ./Generated_Code/Camera_CLK_Interruption.o
 .ARM.attributes
                0x0000060f       0x32 ./Generated_Code/Cpu.o
 .ARM.attributes
                0x00000641       0x32 ./Generated_Code/PE_LDD.o
 .ARM.attributes
                0x00000673       0x32 ./Generated_Code/PwmLdd1.o
 .ARM.attributes
                0x000006a5       0x32 ./Generated_Code/PwmLdd2.o
 .ARM.attributes
                0x000006d7       0x32 ./Generated_Code/PwmLdd3.o
 .ARM.attributes
                0x00000709       0x32 ./Generated_Code/PwmLdd4.o
 .ARM.attributes
                0x0000073b       0x32 ./Generated_Code/PwmLdd5.o
 .ARM.attributes
                0x0000076d       0x32 ./Generated_Code/SerialCom.o
 .ARM.attributes
                0x0000079f       0x32 ./Generated_Code/TU1.o
 .ARM.attributes
                0x000007d1       0x32 ./Generated_Code/TU2.o
 .ARM.attributes
                0x00000803       0x32 ./Generated_Code/TU3.o
 .ARM.attributes
                0x00000835       0x32 ./Generated_Code/TimerIntLdd1.o
 .ARM.attributes
                0x00000867       0x32 ./Generated_Code/Vectors.o
 .ARM.attributes
                0x00000899       0x1e /opt/Freescale/KDS_v3/toolchain/bin/../lib/gcc/arm-none-eabi/4.8.4/armv6-m/libgcc.a(_udivsi3.o)
 .ARM.attributes
                0x000008b7       0x1e /opt/Freescale/KDS_v3/toolchain/bin/../lib/gcc/arm-none-eabi/4.8.4/armv6-m/libgcc.a(_divsi3.o)
 .ARM.attributes
                0x000008d5       0x1e /opt/Freescale/KDS_v3/toolchain/bin/../lib/gcc/arm-none-eabi/4.8.4/armv6-m/libgcc.a(_dvmd_tls.o)
 .ARM.attributes
                0x000008f3       0x1e /opt/Freescale/KDS_v3/toolchain/bin/../lib/gcc/arm-none-eabi/4.8.4/armv6-m/libgcc.a(_arm_cmpdf2.o)
 .ARM.attributes
                0x00000911       0x1e /opt/Freescale/KDS_v3/toolchain/bin/../lib/gcc/arm-none-eabi/4.8.4/armv6-m/libgcc.a(_arm_cmpsf2.o)
 .ARM.attributes
                0x0000092f       0x2c /opt/Freescale/KDS_v3/toolchain/bin/../lib/gcc/arm-none-eabi/4.8.4/armv6-m/libgcc.a(_fixunssfsi.o)
 .ARM.attributes
                0x0000095b       0x2c /opt/Freescale/KDS_v3/toolchain/bin/../lib/gcc/arm-none-eabi/4.8.4/armv6-m/libgcc.a(addsf3.o)
 .ARM.attributes
                0x00000987       0x2c /opt/Freescale/KDS_v3/toolchain/bin/../lib/gcc/arm-none-eabi/4.8.4/armv6-m/libgcc.a(divsf3.o)
 .ARM.attributes
                0x000009b3       0x2c /opt/Freescale/KDS_v3/toolchain/bin/../lib/gcc/arm-none-eabi/4.8.4/armv6-m/libgcc.a(eqsf2.o)
 .ARM.attributes
                0x000009df       0x2c /opt/Freescale/KDS_v3/toolchain/bin/../lib/gcc/arm-none-eabi/4.8.4/armv6-m/libgcc.a(gesf2.o)
 .ARM.attributes
                0x00000a0b       0x2c /opt/Freescale/KDS_v3/toolchain/bin/../lib/gcc/arm-none-eabi/4.8.4/armv6-m/libgcc.a(lesf2.o)
 .ARM.attributes
                0x00000a37       0x2c /opt/Freescale/KDS_v3/toolchain/bin/../lib/gcc/arm-none-eabi/4.8.4/armv6-m/libgcc.a(mulsf3.o)
 .ARM.attributes
                0x00000a63       0x2c /opt/Freescale/KDS_v3/toolchain/bin/../lib/gcc/arm-none-eabi/4.8.4/armv6-m/libgcc.a(subsf3.o)
 .ARM.attributes
                0x00000a8f       0x2c /opt/Freescale/KDS_v3/toolchain/bin/../lib/gcc/arm-none-eabi/4.8.4/armv6-m/libgcc.a(fixsfsi.o)
 .ARM.attributes
                0x00000abb       0x2c /opt/Freescale/KDS_v3/toolchain/bin/../lib/gcc/arm-none-eabi/4.8.4/armv6-m/libgcc.a(floatsisf.o)
 .ARM.attributes
                0x00000ae7       0x2c /opt/Freescale/KDS_v3/toolchain/bin/../lib/gcc/arm-none-eabi/4.8.4/armv6-m/libgcc.a(floatunsisf.o)
 .ARM.attributes
                0x00000b13       0x2c /opt/Freescale/KDS_v3/toolchain/bin/../lib/gcc/arm-none-eabi/4.8.4/armv6-m/libgcc.a(adddf3.o)
 .ARM.attributes
                0x00000b3f       0x2c /opt/Freescale/KDS_v3/toolchain/bin/../lib/gcc/arm-none-eabi/4.8.4/armv6-m/libgcc.a(divdf3.o)
 .ARM.attributes
                0x00000b6b       0x2c /opt/Freescale/KDS_v3/toolchain/bin/../lib/gcc/arm-none-eabi/4.8.4/armv6-m/libgcc.a(eqdf2.o)
 .ARM.attributes
                0x00000b97       0x2c /opt/Freescale/KDS_v3/toolchain/bin/../lib/gcc/arm-none-eabi/4.8.4/armv6-m/libgcc.a(gedf2.o)
 .ARM.attributes
                0x00000bc3       0x2c /opt/Freescale/KDS_v3/toolchain/bin/../lib/gcc/arm-none-eabi/4.8.4/armv6-m/libgcc.a(ledf2.o)
 .ARM.attributes
                0x00000bef       0x2c /opt/Freescale/KDS_v3/toolchain/bin/../lib/gcc/arm-none-eabi/4.8.4/armv6-m/libgcc.a(muldf3.o)
 .ARM.attributes
                0x00000c1b       0x2c /opt/Freescale/KDS_v3/toolchain/bin/../lib/gcc/arm-none-eabi/4.8.4/armv6-m/libgcc.a(subdf3.o)
 .ARM.attributes
                0x00000c47       0x2c /opt/Freescale/KDS_v3/toolchain/bin/../lib/gcc/arm-none-eabi/4.8.4/armv6-m/libgcc.a(fixdfsi.o)
 .ARM.attributes
                0x00000c73       0x2c /opt/Freescale/KDS_v3/toolchain/bin/../lib/gcc/arm-none-eabi/4.8.4/armv6-m/libgcc.a(floatsidf.o)
 .ARM.attributes
                0x00000c9f       0x2c /opt/Freescale/KDS_v3/toolchain/bin/../lib/gcc/arm-none-eabi/4.8.4/armv6-m/libgcc.a(extendsfdf2.o)
 .ARM.attributes
                0x00000ccb       0x2c /opt/Freescale/KDS_v3/toolchain/bin/../lib/gcc/arm-none-eabi/4.8.4/armv6-m/libgcc.a(truncdfsf2.o)
 .ARM.attributes
                0x00000cf7       0x1e /opt/Freescale/KDS_v3/toolchain/bin/../lib/gcc/arm-none-eabi/4.8.4/armv6-m/libgcc.a(_clzsi2.o)
 .ARM.attributes
                0x00000d15       0x2c /opt/Freescale/KDS_v3/toolchain/bin/../lib/gcc/arm-none-eabi/4.8.4/../../../../arm-none-eabi/lib/armv6-m/libg_s.a(lib_a-exit.o)
 .ARM.attributes
                0x00000d41       0x2c /opt/Freescale/KDS_v3/toolchain/bin/../lib/gcc/arm-none-eabi/4.8.4/../../../../arm-none-eabi/lib/armv6-m/libg_s.a(lib_a-impure.o)
 .ARM.attributes
                0x00000d6d       0x2c /opt/Freescale/KDS_v3/toolchain/bin/../lib/gcc/arm-none-eabi/4.8.4/../../../../arm-none-eabi/lib/armv6-m/libg_s.a(lib_a-init.o)
 .ARM.attributes
                0x00000d99       0x2c /opt/Freescale/KDS_v3/toolchain/bin/../lib/gcc/arm-none-eabi/4.8.4/../../../../arm-none-eabi/lib/armv6-m/libg_s.a(lib_a-memset.o)
 .ARM.attributes
                0x00000dc5       0x2c /opt/Freescale/KDS_v3/toolchain/bin/../lib/gcc/arm-none-eabi/4.8.4/../../../../arm-none-eabi/lib/armv6-m/libnosys.a(_exit.o)
 .ARM.attributes
                0x00000df1       0x1e /opt/Freescale/KDS_v3/toolchain/bin/../lib/gcc/arm-none-eabi/4.8.4/armv6-m/crtn.o
OUTPUT(SDP_2016.elf elf32-littlearm)

.debug_info     0x00000000     0x8bf7
 .debug_info    0x00000000      0x19f ./Sources/Error_management.o
 .debug_info    0x0000019f      0x279 ./Sources/Events.o
 .debug_info    0x00000418      0x1d3 ./Sources/SystemController.o
 .debug_info    0x000005eb      0x1b0 ./Sources/battery_lib.o
 .debug_info    0x0000079b      0x1ea ./Sources/camera_lib.o
 .debug_info    0x00000985       0xdb ./Sources/dc_motor_lib.o
 .debug_info    0x00000a60      0x269 ./Sources/image_processing_lib.o
 .debug_info    0x00000cc9      0x2a9 ./Sources/main.o
 .debug_info    0x00000f72      0x250 ./Sources/pid.o
 .debug_info    0x000011c2      0x2bd ./Sources/serial_communication_lib.o
 .debug_info    0x0000147f       0xcd ./Sources/servo_lib.o
 .debug_info    0x0000154c      0x20a ./Project_Settings/Startup_Code/startup.o
 .debug_info    0x00001756      0x3e3 ./Generated_Code/AD_Converter.o
 .debug_info    0x00001b39      0x8da ./Generated_Code/AdcLdd1.o
 .debug_info    0x00002413      0x3a7 ./Generated_Code/BitIoLdd1.o
 .debug_info    0x000027ba      0x381 ./Generated_Code/BitIoLdd10.o
 .debug_info    0x00002b3b      0x381 ./Generated_Code/BitIoLdd11.o
 .debug_info    0x00002ebc      0x307 ./Generated_Code/BitIoLdd12.o
 .debug_info    0x000031c3      0x307 ./Generated_Code/BitIoLdd13.o
 .debug_info    0x000034ca      0x307 ./Generated_Code/BitIoLdd14.o
 .debug_info    0x000037d1      0x3a7 ./Generated_Code/BitIoLdd2.o
 .debug_info    0x00003b78      0x307 ./Generated_Code/BitIoLdd3.o
 .debug_info    0x00003e7f      0x30e ./Generated_Code/BitIoLdd4.o
 .debug_info    0x0000418d      0x332 ./Generated_Code/BitIoLdd5.o
 .debug_info    0x000044bf      0x332 ./Generated_Code/BitIoLdd6.o
 .debug_info    0x000047f1      0x332 ./Generated_Code/BitIoLdd7.o
 .debug_info    0x00004b23      0x332 ./Generated_Code/BitIoLdd8.o
 .debug_info    0x00004e55      0x381 ./Generated_Code/BitIoLdd9.o
 .debug_info    0x000051d6      0x1b7 ./Generated_Code/Camera_CLK_Interruption.o
 .debug_info    0x0000538d      0x943 ./Generated_Code/Cpu.o
 .debug_info    0x00005cd0      0x251 ./Generated_Code/PE_LDD.o
 .debug_info    0x00005f21      0x231 ./Generated_Code/PwmLdd1.o
 .debug_info    0x00006152      0x231 ./Generated_Code/PwmLdd2.o
 .debug_info    0x00006383      0x231 ./Generated_Code/PwmLdd3.o
 .debug_info    0x000065b4      0x231 ./Generated_Code/PwmLdd4.o
 .debug_info    0x000067e5      0x346 ./Generated_Code/PwmLdd5.o
 .debug_info    0x00006b2b      0x879 ./Generated_Code/SerialCom.o
 .debug_info    0x000073a4      0x5f3 ./Generated_Code/TU1.o
 .debug_info    0x00007997      0x69f ./Generated_Code/TU2.o
 .debug_info    0x00008036      0x745 ./Generated_Code/TU3.o
 .debug_info    0x0000877b      0x26d ./Generated_Code/TimerIntLdd1.o
 .debug_info    0x000089e8      0x20f ./Generated_Code/Vectors.o

.debug_abbrev   0x00000000     0x2e56
 .debug_abbrev  0x00000000       0xa7 ./Sources/Error_management.o
 .debug_abbrev  0x000000a7      0x12a ./Sources/Events.o
 .debug_abbrev  0x000001d1       0xa5 ./Sources/SystemController.o
 .debug_abbrev  0x00000276       0xd4 ./Sources/battery_lib.o
 .debug_abbrev  0x0000034a      0x117 ./Sources/camera_lib.o
 .debug_abbrev  0x00000461       0x89 ./Sources/dc_motor_lib.o
 .debug_abbrev  0x000004ea       0xfc ./Sources/image_processing_lib.o
 .debug_abbrev  0x000005e6       0xef ./Sources/main.o
 .debug_abbrev  0x000006d5      0x108 ./Sources/pid.o
 .debug_abbrev  0x000007dd      0x10f ./Sources/serial_communication_lib.o
 .debug_abbrev  0x000008ec       0x89 ./Sources/servo_lib.o
 .debug_abbrev  0x00000975      0x11e ./Project_Settings/Startup_Code/startup.o
 .debug_abbrev  0x00000a93      0x190 ./Generated_Code/AD_Converter.o
 .debug_abbrev  0x00000c23      0x1e3 ./Generated_Code/AdcLdd1.o
 .debug_abbrev  0x00000e06      0x15f ./Generated_Code/BitIoLdd1.o
 .debug_abbrev  0x00000f65      0x136 ./Generated_Code/BitIoLdd10.o
 .debug_abbrev  0x0000109b      0x136 ./Generated_Code/BitIoLdd11.o
 .debug_abbrev  0x000011d1      0x10d ./Generated_Code/BitIoLdd12.o
 .debug_abbrev  0x000012de      0x10d ./Generated_Code/BitIoLdd13.o
 .debug_abbrev  0x000013eb      0x10d ./Generated_Code/BitIoLdd14.o
 .debug_abbrev  0x000014f8      0x15f ./Generated_Code/BitIoLdd2.o
 .debug_abbrev  0x00001657      0x10d ./Generated_Code/BitIoLdd3.o
 .debug_abbrev  0x00001764      0x127 ./Generated_Code/BitIoLdd4.o
 .debug_abbrev  0x0000188b      0x127 ./Generated_Code/BitIoLdd5.o
 .debug_abbrev  0x000019b2      0x127 ./Generated_Code/BitIoLdd6.o
 .debug_abbrev  0x00001ad9      0x127 ./Generated_Code/BitIoLdd7.o
 .debug_abbrev  0x00001c00      0x127 ./Generated_Code/BitIoLdd8.o
 .debug_abbrev  0x00001d27      0x136 ./Generated_Code/BitIoLdd9.o
 .debug_abbrev  0x00001e5d       0xa1 ./Generated_Code/Camera_CLK_Interruption.o
 .debug_abbrev  0x00001efe      0x160 ./Generated_Code/Cpu.o
 .debug_abbrev  0x0000205e      0x10d ./Generated_Code/PE_LDD.o
 .debug_abbrev  0x0000216b       0xdb ./Generated_Code/PwmLdd1.o
 .debug_abbrev  0x00002246       0xdb ./Generated_Code/PwmLdd2.o
 .debug_abbrev  0x00002321       0xdb ./Generated_Code/PwmLdd3.o
 .debug_abbrev  0x000023fc       0xdb ./Generated_Code/PwmLdd4.o
 .debug_abbrev  0x000024d7      0x122 ./Generated_Code/PwmLdd5.o
 .debug_abbrev  0x000025f9      0x1f2 ./Generated_Code/SerialCom.o
 .debug_abbrev  0x000027eb      0x195 ./Generated_Code/TU1.o
 .debug_abbrev  0x00002980      0x198 ./Generated_Code/TU2.o
 .debug_abbrev  0x00002b18      0x198 ./Generated_Code/TU3.o
 .debug_abbrev  0x00002cb0       0xfb ./Generated_Code/TimerIntLdd1.o
 .debug_abbrev  0x00002dab       0xab ./Generated_Code/Vectors.o

.debug_aranges  0x00000000      0x938
 .debug_aranges
                0x00000000       0x20 ./Sources/Error_management.o
 .debug_aranges
                0x00000020       0x38 ./Sources/Events.o
 .debug_aranges
                0x00000058       0x28 ./Sources/SystemController.o
 .debug_aranges
                0x00000080       0x30 ./Sources/battery_lib.o
 .debug_aranges
                0x000000b0       0x30 ./Sources/camera_lib.o
 .debug_aranges
                0x000000e0       0x20 ./Sources/dc_motor_lib.o
 .debug_aranges
                0x00000100       0x38 ./Sources/image_processing_lib.o
 .debug_aranges
                0x00000138       0x20 ./Sources/main.o
 .debug_aranges
                0x00000158       0x40 ./Sources/pid.o
 .debug_aranges
                0x00000198       0x50 ./Sources/serial_communication_lib.o
 .debug_aranges
                0x000001e8       0x20 ./Sources/servo_lib.o
 .debug_aranges
                0x00000208       0x50 ./Project_Settings/Startup_Code/startup.o
 .debug_aranges
                0x00000258       0x60 ./Generated_Code/AD_Converter.o
 .debug_aranges
                0x000002b8       0x60 ./Generated_Code/AdcLdd1.o
 .debug_aranges
                0x00000318       0x48 ./Generated_Code/BitIoLdd1.o
 .debug_aranges
                0x00000360       0x40 ./Generated_Code/BitIoLdd10.o
 .debug_aranges
                0x000003a0       0x40 ./Generated_Code/BitIoLdd11.o
 .debug_aranges
                0x000003e0       0x28 ./Generated_Code/BitIoLdd12.o
 .debug_aranges
                0x00000408       0x28 ./Generated_Code/BitIoLdd13.o
 .debug_aranges
                0x00000430       0x28 ./Generated_Code/BitIoLdd14.o
 .debug_aranges
                0x00000458       0x48 ./Generated_Code/BitIoLdd2.o
 .debug_aranges
                0x000004a0       0x28 ./Generated_Code/BitIoLdd3.o
 .debug_aranges
                0x000004c8       0x30 ./Generated_Code/BitIoLdd4.o
 .debug_aranges
                0x000004f8       0x38 ./Generated_Code/BitIoLdd5.o
 .debug_aranges
                0x00000530       0x38 ./Generated_Code/BitIoLdd6.o
 .debug_aranges
                0x00000568       0x38 ./Generated_Code/BitIoLdd7.o
 .debug_aranges
                0x000005a0       0x38 ./Generated_Code/BitIoLdd8.o
 .debug_aranges
                0x000005d8       0x40 ./Generated_Code/BitIoLdd9.o
 .debug_aranges
                0x00000618       0x20 ./Generated_Code/Camera_CLK_Interruption.o
 .debug_aranges
                0x00000638       0x38 ./Generated_Code/Cpu.o
 .debug_aranges
                0x00000670       0x30 ./Generated_Code/PE_LDD.o
 .debug_aranges
                0x000006a0       0x30 ./Generated_Code/PwmLdd1.o
 .debug_aranges
                0x000006d0       0x30 ./Generated_Code/PwmLdd2.o
 .debug_aranges
                0x00000700       0x30 ./Generated_Code/PwmLdd3.o
 .debug_aranges
                0x00000730       0x30 ./Generated_Code/PwmLdd4.o
 .debug_aranges
                0x00000760       0x50 ./Generated_Code/PwmLdd5.o
 .debug_aranges
                0x000007b0       0x48 ./Generated_Code/SerialCom.o
 .debug_aranges
                0x000007f8       0x40 ./Generated_Code/TU1.o
 .debug_aranges
                0x00000838       0x48 ./Generated_Code/TU2.o
 .debug_aranges
                0x00000880       0x60 ./Generated_Code/TU3.o
 .debug_aranges
                0x000008e0       0x40 ./Generated_Code/TimerIntLdd1.o
 .debug_aranges
                0x00000920       0x18 ./Generated_Code/Vectors.o

.debug_ranges   0x00000000      0x690
 .debug_ranges  0x00000000       0x10 ./Sources/Error_management.o
 .debug_ranges  0x00000010       0x28 ./Sources/Events.o
 .debug_ranges  0x00000038       0x18 ./Sources/SystemController.o
 .debug_ranges  0x00000050       0x20 ./Sources/battery_lib.o
 .debug_ranges  0x00000070       0x20 ./Sources/camera_lib.o
 .debug_ranges  0x00000090       0x10 ./Sources/dc_motor_lib.o
 .debug_ranges  0x000000a0       0x28 ./Sources/image_processing_lib.o
 .debug_ranges  0x000000c8       0x10 ./Sources/main.o
 .debug_ranges  0x000000d8       0x30 ./Sources/pid.o
 .debug_ranges  0x00000108       0x40 ./Sources/serial_communication_lib.o
 .debug_ranges  0x00000148       0x10 ./Sources/servo_lib.o
 .debug_ranges  0x00000158       0x40 ./Project_Settings/Startup_Code/startup.o
 .debug_ranges  0x00000198       0x50 ./Generated_Code/AD_Converter.o
 .debug_ranges  0x000001e8       0x50 ./Generated_Code/AdcLdd1.o
 .debug_ranges  0x00000238       0x38 ./Generated_Code/BitIoLdd1.o
 .debug_ranges  0x00000270       0x30 ./Generated_Code/BitIoLdd10.o
 .debug_ranges  0x000002a0       0x30 ./Generated_Code/BitIoLdd11.o
 .debug_ranges  0x000002d0       0x18 ./Generated_Code/BitIoLdd12.o
 .debug_ranges  0x000002e8       0x18 ./Generated_Code/BitIoLdd13.o
 .debug_ranges  0x00000300       0x18 ./Generated_Code/BitIoLdd14.o
 .debug_ranges  0x00000318       0x38 ./Generated_Code/BitIoLdd2.o
 .debug_ranges  0x00000350       0x18 ./Generated_Code/BitIoLdd3.o
 .debug_ranges  0x00000368       0x20 ./Generated_Code/BitIoLdd4.o
 .debug_ranges  0x00000388       0x28 ./Generated_Code/BitIoLdd5.o
 .debug_ranges  0x000003b0       0x28 ./Generated_Code/BitIoLdd6.o
 .debug_ranges  0x000003d8       0x28 ./Generated_Code/BitIoLdd7.o
 .debug_ranges  0x00000400       0x28 ./Generated_Code/BitIoLdd8.o
 .debug_ranges  0x00000428       0x30 ./Generated_Code/BitIoLdd9.o
 .debug_ranges  0x00000458       0x10 ./Generated_Code/Camera_CLK_Interruption.o
 .debug_ranges  0x00000468       0x28 ./Generated_Code/Cpu.o
 .debug_ranges  0x00000490       0x20 ./Generated_Code/PE_LDD.o
 .debug_ranges  0x000004b0       0x20 ./Generated_Code/PwmLdd1.o
 .debug_ranges  0x000004d0       0x20 ./Generated_Code/PwmLdd2.o
 .debug_ranges  0x000004f0       0x20 ./Generated_Code/PwmLdd3.o
 .debug_ranges  0x00000510       0x20 ./Generated_Code/PwmLdd4.o
 .debug_ranges  0x00000530       0x40 ./Generated_Code/PwmLdd5.o
 .debug_ranges  0x00000570       0x38 ./Generated_Code/SerialCom.o
 .debug_ranges  0x000005a8       0x30 ./Generated_Code/TU1.o
 .debug_ranges  0x000005d8       0x38 ./Generated_Code/TU2.o
 .debug_ranges  0x00000610       0x50 ./Generated_Code/TU3.o
 .debug_ranges  0x00000660       0x30 ./Generated_Code/TimerIntLdd1.o

.debug_macro    0x00000000    0x162f1
 .debug_macro   0x00000000      0x10a ./Sources/Error_management.o
 .debug_macro   0x0000010a      0x802 ./Sources/Error_management.o
 .debug_macro   0x0000090c       0x16 ./Sources/Error_management.o
 .debug_macro   0x00000922       0x44 ./Sources/Error_management.o
 .debug_macro   0x00000966      0x209 ./Sources/Error_management.o
 .debug_macro   0x00000b6f     0x1617 ./Sources/Error_management.o
 .debug_macro   0x00002186      0x14e ./Sources/Error_management.o
 .debug_macro   0x000022d4       0x64 ./Sources/Error_management.o
 .debug_macro   0x00002338     0x6691 ./Sources/Error_management.o
 .debug_macro   0x000089c9       0x94 ./Sources/Error_management.o
 .debug_macro   0x00008a5d       0x43 ./Sources/Error_management.o
 .debug_macro   0x00008aa0       0x10 ./Sources/Error_management.o
 .debug_macro   0x00008ab0       0x94 ./Sources/Error_management.o
 .debug_macro   0x00008b44       0xb5 ./Sources/Error_management.o
 .debug_macro   0x00008bf9       0x62 ./Sources/Error_management.o
 .debug_macro   0x00008c5b       0x2f ./Sources/Error_management.o
 .debug_macro   0x00008c8a       0x1f ./Sources/Error_management.o
 .debug_macro   0x00008ca9      0x3b6 ./Sources/Events.o
 .debug_macro   0x0000905f      0x12c ./Sources/Events.o
 .debug_macro   0x0000918b       0x3a ./Sources/Events.o
 .debug_macro   0x000091c5       0x17 ./Sources/Events.o
 .debug_macro   0x000091dc       0x40 ./Sources/Events.o
 .debug_macro   0x0000921c       0x17 ./Sources/Events.o
 .debug_macro   0x00009233       0x40 ./Sources/Events.o
 .debug_macro   0x00009273       0x17 ./Sources/Events.o
 .debug_macro   0x0000928a       0x40 ./Sources/Events.o
 .debug_macro   0x000092ca       0x17 ./Sources/Events.o
 .debug_macro   0x000092e1      0x61c ./Sources/Events.o
 .debug_macro   0x000098fd       0x89 ./Sources/Events.o
 .debug_macro   0x00009986       0x10 ./Sources/Events.o
 .debug_macro   0x00009996       0xbb ./Sources/Events.o
 .debug_macro   0x00009a51       0x4c ./Sources/Events.o
 .debug_macro   0x00009a9d       0x26 ./Sources/Events.o
 .debug_macro   0x00009ac3       0x4c ./Sources/Events.o
 .debug_macro   0x00009b0f       0x26 ./Sources/Events.o
 .debug_macro   0x00009b35       0x3a ./Sources/Events.o
 .debug_macro   0x00009b6f       0x10 ./Sources/Events.o
 .debug_macro   0x00009b7f      0x1dc ./Sources/Events.o
 .debug_macro   0x00009d5b       0x89 ./Sources/Events.o
 .debug_macro   0x00009de4       0x28 ./Sources/Events.o
 .debug_macro   0x00009e0c       0x17 ./Sources/Events.o
 .debug_macro   0x00009e23       0x2e ./Sources/Events.o
 .debug_macro   0x00009e51       0x17 ./Sources/Events.o
 .debug_macro   0x00009e68       0x2e ./Sources/Events.o
 .debug_macro   0x00009e96       0x17 ./Sources/Events.o
 .debug_macro   0x00009ead       0x2e ./Sources/Events.o
 .debug_macro   0x00009edb       0x17 ./Sources/Events.o
 .debug_macro   0x00009ef2       0x8f ./Sources/Events.o
 .debug_macro   0x00009f81       0x46 ./Sources/Events.o
 .debug_macro   0x00009fc7       0x32 ./Sources/Events.o
 .debug_macro   0x00009ff9       0x34 ./Sources/Events.o
 .debug_macro   0x0000a02d       0x46 ./Sources/Events.o
 .debug_macro   0x0000a073       0x1f ./Sources/Events.o
 .debug_macro   0x0000a092       0x46 ./Sources/Events.o
 .debug_macro   0x0000a0d8       0x1f ./Sources/Events.o
 .debug_macro   0x0000a0f7       0x34 ./Sources/Events.o
 .debug_macro   0x0000a12b       0x34 ./Sources/Events.o
 .debug_macro   0x0000a15f       0x34 ./Sources/Events.o
 .debug_macro   0x0000a193       0x46 ./Sources/Events.o
 .debug_macro   0x0000a1d9       0x1f ./Sources/Events.o
 .debug_macro   0x0000a1f8      0x21d ./Sources/SystemController.o
 .debug_macro   0x0000a415      0x132 ./Sources/SystemController.o
 .debug_macro   0x0000a547       0x34 ./Sources/SystemController.o
 .debug_macro   0x0000a57b       0x1c ./Sources/SystemController.o
 .debug_macro   0x0000a597      0x175 ./Sources/battery_lib.o
 .debug_macro   0x0000a70c       0xf6 ./Sources/camera_lib.o
 .debug_macro   0x0000a802      0x157 ./Sources/dc_motor_lib.o
 .debug_macro   0x0000a959       0x9a ./Sources/dc_motor_lib.o
 .debug_macro   0x0000a9f3      0x100 ./Sources/image_processing_lib.o
 .debug_macro   0x0000aaf3      0x400 ./Sources/main.o
 .debug_macro   0x0000aef3       0x1c ./Sources/main.o
 .debug_macro   0x0000af0f      0x108 ./Sources/pid.o
 .debug_macro   0x0000b017       0x40 ./Sources/pid.o
 .debug_macro   0x0000b057       0xa7 ./Sources/serial_communication_lib.o
 .debug_macro   0x0000b0fe       0xd3 ./Sources/servo_lib.o
 .debug_macro   0x0000b1d1      0x1d6 ./Sources/servo_lib.o
 .debug_macro   0x0000b3a7       0x89 ./Sources/servo_lib.o
 .debug_macro   0x0000b430      0x121 ./Project_Settings/Startup_Code/startup.o
 .debug_macro   0x0000b551       0x58 ./Project_Settings/Startup_Code/startup.o
 .debug_macro   0x0000b5a9       0x35 ./Project_Settings/Startup_Code/startup.o
 .debug_macro   0x0000b5de       0xa3 ./Project_Settings/Startup_Code/startup.o
 .debug_macro   0x0000b681      0x166 ./Project_Settings/Startup_Code/startup.o
 .debug_macro   0x0000b7e7       0x4a ./Project_Settings/Startup_Code/startup.o
 .debug_macro   0x0000b831       0x52 ./Project_Settings/Startup_Code/startup.o
 .debug_macro   0x0000b883       0x16 ./Project_Settings/Startup_Code/startup.o
 .debug_macro   0x0000b899       0x43 ./Project_Settings/Startup_Code/startup.o
 .debug_macro   0x0000b8dc      0x180 ./Project_Settings/Startup_Code/startup.o
 .debug_macro   0x0000ba5c      0x2a6 ./Project_Settings/Startup_Code/startup.o
 .debug_macro   0x0000bd02       0x10 ./Project_Settings/Startup_Code/startup.o
 .debug_macro   0x0000bd12       0x35 ./Project_Settings/Startup_Code/startup.o
 .debug_macro   0x0000bd47       0x16 ./Project_Settings/Startup_Code/startup.o
 .debug_macro   0x0000bd5d       0x22 ./Project_Settings/Startup_Code/startup.o
 .debug_macro   0x0000bd7f       0x10 ./Project_Settings/Startup_Code/startup.o
 .debug_macro   0x0000bd8f      0x20f ./Project_Settings/Startup_Code/startup.o
 .debug_macro   0x0000bf9e     0x6685 ./Project_Settings/Startup_Code/startup.o
 .debug_macro   0x00012623      0x3d4 ./Generated_Code/AD_Converter.o
 .debug_macro   0x000129f7       0xd3 ./Generated_Code/AdcLdd1.o
 .debug_macro   0x00012aca      0x616 ./Generated_Code/AdcLdd1.o
 .debug_macro   0x000130e0       0xa6 ./Generated_Code/BitIoLdd1.o
 .debug_macro   0x00013186       0x46 ./Generated_Code/BitIoLdd1.o
 .debug_macro   0x000131cc       0xa6 ./Generated_Code/BitIoLdd10.o
 .debug_macro   0x00013272       0x40 ./Generated_Code/BitIoLdd10.o
 .debug_macro   0x000132b2       0xa6 ./Generated_Code/BitIoLdd11.o
 .debug_macro   0x00013358       0xa6 ./Generated_Code/BitIoLdd12.o
 .debug_macro   0x000133fe       0x2e ./Generated_Code/BitIoLdd12.o
 .debug_macro   0x0001342c       0xa6 ./Generated_Code/BitIoLdd13.o
 .debug_macro   0x000134d2       0x2e ./Generated_Code/BitIoLdd13.o
 .debug_macro   0x00013500       0xa6 ./Generated_Code/BitIoLdd14.o
 .debug_macro   0x000135a6       0x2e ./Generated_Code/BitIoLdd14.o
 .debug_macro   0x000135d4       0xa6 ./Generated_Code/BitIoLdd2.o
 .debug_macro   0x0001367a       0x46 ./Generated_Code/BitIoLdd2.o
 .debug_macro   0x000136c0       0xa6 ./Generated_Code/BitIoLdd3.o
 .debug_macro   0x00013766       0x2e ./Generated_Code/BitIoLdd3.o
 .debug_macro   0x00013794       0xa6 ./Generated_Code/BitIoLdd4.o
 .debug_macro   0x0001383a       0xa6 ./Generated_Code/BitIoLdd5.o
 .debug_macro   0x000138e0       0xa6 ./Generated_Code/BitIoLdd6.o
 .debug_macro   0x00013986       0x3a ./Generated_Code/BitIoLdd6.o
 .debug_macro   0x000139c0       0xa6 ./Generated_Code/BitIoLdd7.o
 .debug_macro   0x00013a66       0x3a ./Generated_Code/BitIoLdd7.o
 .debug_macro   0x00013aa0       0xa6 ./Generated_Code/BitIoLdd8.o
 .debug_macro   0x00013b46       0x3a ./Generated_Code/BitIoLdd8.o
 .debug_macro   0x00013b80       0xa6 ./Generated_Code/BitIoLdd9.o
 .debug_macro   0x00013c26       0x40 ./Generated_Code/BitIoLdd9.o
 .debug_macro   0x00013c66      0x3b6 ./Generated_Code/Camera_CLK_Interruption.o
 .debug_macro   0x0001401c      0x415 ./Generated_Code/Cpu.o
 .debug_macro   0x00014431       0x49 ./Generated_Code/Cpu.o
 .debug_macro   0x0001447a       0x40 ./Generated_Code/Cpu.o
 .debug_macro   0x000144ba      0x309 ./Generated_Code/PE_LDD.o
 .debug_macro   0x000147c3       0xbe ./Generated_Code/PwmLdd1.o
 .debug_macro   0x00014881       0xbe ./Generated_Code/PwmLdd2.o
 .debug_macro   0x0001493f       0xbe ./Generated_Code/PwmLdd3.o
 .debug_macro   0x000149fd       0xbe ./Generated_Code/PwmLdd4.o
 .debug_macro   0x00014abb       0xbb ./Generated_Code/PwmLdd5.o
 .debug_macro   0x00014b76      0x3e3 ./Generated_Code/SerialCom.o
 .debug_macro   0x00014f59      0x303 ./Generated_Code/SerialCom.o
 .debug_macro   0x0001525c      0x99c ./Generated_Code/SerialCom.o
 .debug_macro   0x00015bf8       0xbb ./Generated_Code/TU1.o
 .debug_macro   0x00015cb3       0xbc ./Generated_Code/TU2.o
 .debug_macro   0x00015d6f       0xb4 ./Generated_Code/TU3.o
 .debug_macro   0x00015e23       0xca ./Generated_Code/TimerIntLdd1.o
 .debug_macro   0x00015eed      0x404 ./Generated_Code/Vectors.o

.debug_line     0x00000000     0x9eeb
 .debug_line    0x00000000      0x362 ./Sources/Error_management.o
 .debug_line    0x00000362      0x663 ./Sources/Events.o
 .debug_line    0x000009c5      0x483 ./Sources/SystemController.o
 .debug_line    0x00000e48      0x412 ./Sources/battery_lib.o
 .debug_line    0x0000125a      0x380 ./Sources/camera_lib.o
 .debug_line    0x000015da      0x393 ./Sources/dc_motor_lib.o
 .debug_line    0x0000196d      0x3c9 ./Sources/image_processing_lib.o
 .debug_line    0x00001d36      0x6aa ./Sources/main.o
 .debug_line    0x000023e0      0x380 ./Sources/pid.o
 .debug_line    0x00002760      0x367 ./Sources/serial_communication_lib.o
 .debug_line    0x00002ac7      0x2c1 ./Sources/servo_lib.o
 .debug_line    0x00002d88      0x3c8 ./Project_Settings/Startup_Code/startup.o
 .debug_line    0x00003150      0x6f4 ./Generated_Code/AD_Converter.o
 .debug_line    0x00003844      0x37a ./Generated_Code/AdcLdd1.o
 .debug_line    0x00003bbe      0x2c8 ./Generated_Code/BitIoLdd1.o
 .debug_line    0x00003e86      0x2b8 ./Generated_Code/BitIoLdd10.o
 .debug_line    0x0000413e      0x2b8 ./Generated_Code/BitIoLdd11.o
 .debug_line    0x000043f6      0x27f ./Generated_Code/BitIoLdd12.o
 .debug_line    0x00004675      0x27f ./Generated_Code/BitIoLdd13.o
 .debug_line    0x000048f4      0x27f ./Generated_Code/BitIoLdd14.o
 .debug_line    0x00004b73      0x2c8 ./Generated_Code/BitIoLdd2.o
 .debug_line    0x00004e3b      0x27d ./Generated_Code/BitIoLdd3.o
 .debug_line    0x000050b8      0x28e ./Generated_Code/BitIoLdd4.o
 .debug_line    0x00005346      0x2a0 ./Generated_Code/BitIoLdd5.o
 .debug_line    0x000055e6      0x2a0 ./Generated_Code/BitIoLdd6.o
 .debug_line    0x00005886      0x2a0 ./Generated_Code/BitIoLdd7.o
 .debug_line    0x00005b26      0x2a0 ./Generated_Code/BitIoLdd8.o
 .debug_line    0x00005dc6      0x2b6 ./Generated_Code/BitIoLdd9.o
 .debug_line    0x0000607c      0x623 ./Generated_Code/Camera_CLK_Interruption.o
 .debug_line    0x0000669f      0x951 ./Generated_Code/Cpu.o
 .debug_line    0x00006ff0      0x580 ./Generated_Code/PE_LDD.o
 .debug_line    0x00007570      0x29e ./Generated_Code/PwmLdd1.o
 .debug_line    0x0000780e      0x29e ./Generated_Code/PwmLdd2.o
 .debug_line    0x00007aac      0x29e ./Generated_Code/PwmLdd3.o
 .debug_line    0x00007d4a      0x29e ./Generated_Code/PwmLdd4.o
 .debug_line    0x00007fe8      0x2ff ./Generated_Code/PwmLdd5.o
 .debug_line    0x000082e7      0x721 ./Generated_Code/SerialCom.o
 .debug_line    0x00008a08      0x2d4 ./Generated_Code/TU1.o
 .debug_line    0x00008cdc      0x30b ./Generated_Code/TU2.o
 .debug_line    0x00008fe7      0x337 ./Generated_Code/TU3.o
 .debug_line    0x0000931e      0x2fd ./Generated_Code/TimerIntLdd1.o
 .debug_line    0x0000961b      0x8d0 ./Generated_Code/Vectors.o

.debug_str      0x00000000    0x45f61
 .debug_str     0x00000000    0x2d018 ./Sources/Error_management.o
                              0x2d427 (size before relaxing)
 .debug_str     0x0002d018     0xa076 ./Sources/Events.o
                              0x37414 (size before relaxing)
 .debug_str     0x0003708e      0x12b ./Sources/SystemController.o
                              0x309ec (size before relaxing)
 .debug_str     0x000371b9       0x81 ./Sources/battery_lib.o
                              0x324dd (size before relaxing)
 .debug_str     0x0003723a       0x57 ./Sources/camera_lib.o
                              0x2d456 (size before relaxing)
 .debug_str     0x00037291       0x48 ./Sources/dc_motor_lib.o
                              0x2f00a (size before relaxing)
 .debug_str     0x000372d9       0x8f ./Sources/image_processing_lib.o
                              0x2d46a (size before relaxing)
 .debug_str     0x00037368       0xd0 ./Sources/main.o
                              0x374cd (size before relaxing)
 .debug_str     0x00037438       0x6e ./Sources/pid.o
                              0x2d2b0 (size before relaxing)
 .debug_str     0x000374a6       0xff ./Sources/serial_communication_lib.o
                              0x2c038 (size before relaxing)
 .debug_str     0x000375a5       0x33 ./Sources/servo_lib.o
                              0x2e258 (size before relaxing)
 .debug_str     0x000375d8     0x25f0 ./Project_Settings/Startup_Code/startup.o
                              0x27308 (size before relaxing)
 .debug_str     0x00039bc8      0x1be ./Generated_Code/AD_Converter.o
                              0x37517 (size before relaxing)
 .debug_str     0x00039d86      0x4cd ./Generated_Code/AdcLdd1.o
                              0x3168e (size before relaxing)
 .debug_str     0x0003a253       0xf5 ./Generated_Code/BitIoLdd1.o
                              0x2ce81 (size before relaxing)
 .debug_str     0x0003a348       0xa8 ./Generated_Code/BitIoLdd10.o
                              0x2ce63 (size before relaxing)
 .debug_str     0x0003a3f0       0xa8 ./Generated_Code/BitIoLdd11.o
                              0x2ce63 (size before relaxing)
 .debug_str     0x0003a498       0x72 ./Generated_Code/BitIoLdd12.o
                              0x2cdc7 (size before relaxing)
 .debug_str     0x0003a50a       0x72 ./Generated_Code/BitIoLdd13.o
                              0x2cdc7 (size before relaxing)
 .debug_str     0x0003a57c       0x72 ./Generated_Code/BitIoLdd14.o
                              0x2cdc7 (size before relaxing)
 .debug_str     0x0003a5ee       0xb1 ./Generated_Code/BitIoLdd2.o
                              0x2ce81 (size before relaxing)
 .debug_str     0x0003a69f       0x6d ./Generated_Code/BitIoLdd3.o
                              0x2cdbf (size before relaxing)
 .debug_str     0x0003a70c       0x7e ./Generated_Code/BitIoLdd4.o
                              0x2cde3 (size before relaxing)
 .debug_str     0x0003a78a       0x8f ./Generated_Code/BitIoLdd5.o
                              0x2ce11 (size before relaxing)
 .debug_str     0x0003a819       0x8f ./Generated_Code/BitIoLdd6.o
                              0x2ce11 (size before relaxing)
 .debug_str     0x0003a8a8       0x8f ./Generated_Code/BitIoLdd7.o
                              0x2ce11 (size before relaxing)
 .debug_str     0x0003a937       0x8f ./Generated_Code/BitIoLdd8.o
                              0x2ce11 (size before relaxing)
 .debug_str     0x0003a9c6       0xa0 ./Generated_Code/BitIoLdd9.o
                              0x2ce55 (size before relaxing)
 .debug_str     0x0003aa66       0x45 ./Generated_Code/Camera_CLK_Interruption.o
                              0x3735d (size before relaxing)
 .debug_str     0x0003aaab      0x19c ./Generated_Code/Cpu.o
                              0x37620 (size before relaxing)
 .debug_str     0x0003ac47      0x17e ./Generated_Code/PE_LDD.o
                              0x373ac (size before relaxing)
 .debug_str     0x0003adc5       0x8a ./Generated_Code/PwmLdd1.o
                              0x2e0ce (size before relaxing)
 .debug_str     0x0003ae4f       0x5d ./Generated_Code/PwmLdd2.o
                              0x2e0ce (size before relaxing)
 .debug_str     0x0003aeac       0x5d ./Generated_Code/PwmLdd3.o
                              0x2e0ce (size before relaxing)
 .debug_str     0x0003af09       0x4f ./Generated_Code/PwmLdd4.o
                              0x2e0ce (size before relaxing)
 .debug_str     0x0003af58       0xae ./Generated_Code/PwmLdd5.o
                              0x2e1a8 (size before relaxing)
 .debug_str     0x0003b006     0xa9f9 ./Generated_Code/SerialCom.o
                              0x41f52 (size before relaxing)
 .debug_str     0x000459ff      0x141 ./Generated_Code/TU1.o
                              0x2d35b (size before relaxing)
 .debug_str     0x00045b40      0x1f8 ./Generated_Code/TU2.o
                              0x2e244 (size before relaxing)
 .debug_str     0x00045d38      0x127 ./Generated_Code/TU3.o
                              0x2e237 (size before relaxing)
 .debug_str     0x00045e5f       0xe6 ./Generated_Code/TimerIntLdd1.o
                              0x2d39d (size before relaxing)
 .debug_str     0x00045f45       0x1c ./Generated_Code/Vectors.o
                              0x37367 (size before relaxing)

.comment        0x00000000       0x70
 .comment       0x00000000       0x70 ./Sources/Error_management.o
                                 0x71 (size before relaxing)
 .comment       0x00000000       0x71 ./Sources/Events.o
 .comment       0x00000000       0x71 ./Sources/SystemController.o
 .comment       0x00000000       0x71 ./Sources/battery_lib.o
 .comment       0x00000000       0x71 ./Sources/camera_lib.o
 .comment       0x00000000       0x71 ./Sources/dc_motor_lib.o
 .comment       0x00000000       0x71 ./Sources/image_processing_lib.o
 .comment       0x00000000       0x71 ./Sources/main.o
 .comment       0x00000000       0x71 ./Sources/pid.o
 .comment       0x00000000       0x71 ./Sources/serial_communication_lib.o
 .comment       0x00000000       0x71 ./Sources/servo_lib.o
 .comment       0x00000000       0x71 ./Project_Settings/Startup_Code/startup.o
 .comment       0x00000000       0x71 ./Generated_Code/AD_Converter.o
 .comment       0x00000000       0x71 ./Generated_Code/AdcLdd1.o
 .comment       0x00000000       0x71 ./Generated_Code/BitIoLdd1.o
 .comment       0x00000000       0x71 ./Generated_Code/BitIoLdd10.o
 .comment       0x00000000       0x71 ./Generated_Code/BitIoLdd11.o
 .comment       0x00000000       0x71 ./Generated_Code/BitIoLdd12.o
 .comment       0x00000000       0x71 ./Generated_Code/BitIoLdd13.o
 .comment       0x00000000       0x71 ./Generated_Code/BitIoLdd14.o
 .comment       0x00000000       0x71 ./Generated_Code/BitIoLdd2.o
 .comment       0x00000000       0x71 ./Generated_Code/BitIoLdd3.o
 .comment       0x00000000       0x71 ./Generated_Code/BitIoLdd4.o
 .comment       0x00000000       0x71 ./Generated_Code/BitIoLdd5.o
 .comment       0x00000000       0x71 ./Generated_Code/BitIoLdd6.o
 .comment       0x00000000       0x71 ./Generated_Code/BitIoLdd7.o
 .comment       0x00000000       0x71 ./Generated_Code/BitIoLdd8.o
 .comment       0x00000000       0x71 ./Generated_Code/BitIoLdd9.o
 .comment       0x00000000       0x71 ./Generated_Code/Camera_CLK_Interruption.o
 .comment       0x00000000       0x71 ./Generated_Code/Cpu.o
 .comment       0x00000000       0x71 ./Generated_Code/PE_LDD.o
 .comment       0x00000000       0x71 ./Generated_Code/PwmLdd1.o
 .comment       0x00000000       0x71 ./Generated_Code/PwmLdd2.o
 .comment       0x00000000       0x71 ./Generated_Code/PwmLdd3.o
 .comment       0x00000000       0x71 ./Generated_Code/PwmLdd4.o
 .comment       0x00000000       0x71 ./Generated_Code/PwmLdd5.o
 .comment       0x00000000       0x71 ./Generated_Code/SerialCom.o
 .comment       0x00000000       0x71 ./Generated_Code/TU1.o
 .comment       0x00000000       0x71 ./Generated_Code/TU2.o
 .comment       0x00000000       0x71 ./Generated_Code/TU3.o
 .comment       0x00000000       0x71 ./Generated_Code/TimerIntLdd1.o
 .comment       0x00000000       0x71 ./Generated_Code/Vectors.o

.debug_frame    0x00000000     0x1c90
 .debug_frame   0x00000000       0x34 ./Sources/Error_management.o
 .debug_frame   0x00000034       0x84 ./Sources/Events.o
 .debug_frame   0x000000b8       0x54 ./Sources/SystemController.o
 .debug_frame   0x0000010c       0x6c ./Sources/battery_lib.o
 .debug_frame   0x00000178       0x6c ./Sources/camera_lib.o
 .debug_frame   0x000001e4       0x30 ./Sources/dc_motor_lib.o
 .debug_frame   0x00000214       0x90 ./Sources/image_processing_lib.o
 .debug_frame   0x000002a4       0x30 ./Sources/main.o
 .debug_frame   0x000002d4       0xb4 ./Sources/pid.o
 .debug_frame   0x00000388       0xec ./Sources/serial_communication_lib.o
 .debug_frame   0x00000474       0x30 ./Sources/servo_lib.o
 .debug_frame   0x000004a4       0xd0 ./Project_Settings/Startup_Code/startup.o
 .debug_frame   0x00000574      0x124 ./Generated_Code/AD_Converter.o
 .debug_frame   0x00000698      0x130 ./Generated_Code/AdcLdd1.o
 .debug_frame   0x000007c8       0xd0 ./Generated_Code/BitIoLdd1.o
 .debug_frame   0x00000898       0xb0 ./Generated_Code/BitIoLdd10.o
 .debug_frame   0x00000948       0xb0 ./Generated_Code/BitIoLdd11.o
 .debug_frame   0x000009f8       0x50 ./Generated_Code/BitIoLdd12.o
 .debug_frame   0x00000a48       0x50 ./Generated_Code/BitIoLdd13.o
 .debug_frame   0x00000a98       0x50 ./Generated_Code/BitIoLdd14.o
 .debug_frame   0x00000ae8       0xd0 ./Generated_Code/BitIoLdd2.o
 .debug_frame   0x00000bb8       0x50 ./Generated_Code/BitIoLdd3.o
 .debug_frame   0x00000c08       0x70 ./Generated_Code/BitIoLdd4.o
 .debug_frame   0x00000c78       0x90 ./Generated_Code/BitIoLdd5.o
 .debug_frame   0x00000d08       0x90 ./Generated_Code/BitIoLdd6.o
 .debug_frame   0x00000d98       0x90 ./Generated_Code/BitIoLdd7.o
 .debug_frame   0x00000e28       0x90 ./Generated_Code/BitIoLdd8.o
 .debug_frame   0x00000eb8       0xb0 ./Generated_Code/BitIoLdd9.o
 .debug_frame   0x00000f68       0x30 ./Generated_Code/Camera_CLK_Interruption.o
 .debug_frame   0x00000f98       0x80 ./Generated_Code/Cpu.o
 .debug_frame   0x00001018       0x6c ./Generated_Code/PE_LDD.o
 .debug_frame   0x00001084       0x70 ./Generated_Code/PwmLdd1.o
 .debug_frame   0x000010f4       0x70 ./Generated_Code/PwmLdd2.o
 .debug_frame   0x00001164       0x70 ./Generated_Code/PwmLdd3.o
 .debug_frame   0x000011d4       0x70 ./Generated_Code/PwmLdd4.o
 .debug_frame   0x00001244       0xf0 ./Generated_Code/PwmLdd5.o
 .debug_frame   0x00001334       0xd0 ./Generated_Code/SerialCom.o
 .debug_frame   0x00001404       0xb0 ./Generated_Code/TU1.o
 .debug_frame   0x000014b4       0xd0 ./Generated_Code/TU2.o
 .debug_frame   0x00001584      0x130 ./Generated_Code/TU3.o
 .debug_frame   0x000016b4       0xb0 ./Generated_Code/TimerIntLdd1.o
 .debug_frame   0x00001764       0x20 /opt/Freescale/KDS_v3/toolchain/bin/../lib/gcc/arm-none-eabi/4.8.4/armv6-m/libgcc.a(_udivsi3.o)
 .debug_frame   0x00001784       0x20 /opt/Freescale/KDS_v3/toolchain/bin/../lib/gcc/arm-none-eabi/4.8.4/armv6-m/libgcc.a(_divsi3.o)
 .debug_frame   0x000017a4       0x28 /opt/Freescale/KDS_v3/toolchain/bin/../lib/gcc/arm-none-eabi/4.8.4/armv6-m/libgcc.a(_fixunssfsi.o)
 .debug_frame   0x000017cc       0x30 /opt/Freescale/KDS_v3/toolchain/bin/../lib/gcc/arm-none-eabi/4.8.4/armv6-m/libgcc.a(addsf3.o)
 .debug_frame   0x000017fc       0x3c /opt/Freescale/KDS_v3/toolchain/bin/../lib/gcc/arm-none-eabi/4.8.4/armv6-m/libgcc.a(divsf3.o)
 .debug_frame   0x00001838       0x2c /opt/Freescale/KDS_v3/toolchain/bin/../lib/gcc/arm-none-eabi/4.8.4/armv6-m/libgcc.a(eqsf2.o)
 .debug_frame   0x00001864       0x30 /opt/Freescale/KDS_v3/toolchain/bin/../lib/gcc/arm-none-eabi/4.8.4/armv6-m/libgcc.a(gesf2.o)
 .debug_frame   0x00001894       0x30 /opt/Freescale/KDS_v3/toolchain/bin/../lib/gcc/arm-none-eabi/4.8.4/armv6-m/libgcc.a(lesf2.o)
 .debug_frame   0x000018c4       0x3c /opt/Freescale/KDS_v3/toolchain/bin/../lib/gcc/arm-none-eabi/4.8.4/armv6-m/libgcc.a(mulsf3.o)
 .debug_frame   0x00001900       0x30 /opt/Freescale/KDS_v3/toolchain/bin/../lib/gcc/arm-none-eabi/4.8.4/armv6-m/libgcc.a(subsf3.o)
 .debug_frame   0x00001930       0x20 /opt/Freescale/KDS_v3/toolchain/bin/../lib/gcc/arm-none-eabi/4.8.4/armv6-m/libgcc.a(fixsfsi.o)
 .debug_frame   0x00001950       0x2c /opt/Freescale/KDS_v3/toolchain/bin/../lib/gcc/arm-none-eabi/4.8.4/armv6-m/libgcc.a(floatsisf.o)
 .debug_frame   0x0000197c       0x28 /opt/Freescale/KDS_v3/toolchain/bin/../lib/gcc/arm-none-eabi/4.8.4/armv6-m/libgcc.a(floatunsisf.o)
 .debug_frame   0x000019a4       0x3c /opt/Freescale/KDS_v3/toolchain/bin/../lib/gcc/arm-none-eabi/4.8.4/armv6-m/libgcc.a(adddf3.o)
 .debug_frame   0x000019e0       0x3c /opt/Freescale/KDS_v3/toolchain/bin/../lib/gcc/arm-none-eabi/4.8.4/armv6-m/libgcc.a(divdf3.o)
 .debug_frame   0x00001a1c       0x3c /opt/Freescale/KDS_v3/toolchain/bin/../lib/gcc/arm-none-eabi/4.8.4/armv6-m/libgcc.a(eqdf2.o)
 .debug_frame   0x00001a58       0x38 /opt/Freescale/KDS_v3/toolchain/bin/../lib/gcc/arm-none-eabi/4.8.4/armv6-m/libgcc.a(gedf2.o)
 .debug_frame   0x00001a90       0x3c /opt/Freescale/KDS_v3/toolchain/bin/../lib/gcc/arm-none-eabi/4.8.4/armv6-m/libgcc.a(ledf2.o)
 .debug_frame   0x00001acc       0x3c /opt/Freescale/KDS_v3/toolchain/bin/../lib/gcc/arm-none-eabi/4.8.4/armv6-m/libgcc.a(muldf3.o)
 .debug_frame   0x00001b08       0x3c /opt/Freescale/KDS_v3/toolchain/bin/../lib/gcc/arm-none-eabi/4.8.4/armv6-m/libgcc.a(subdf3.o)
 .debug_frame   0x00001b44       0x2c /opt/Freescale/KDS_v3/toolchain/bin/../lib/gcc/arm-none-eabi/4.8.4/armv6-m/libgcc.a(fixdfsi.o)
 .debug_frame   0x00001b70       0x30 /opt/Freescale/KDS_v3/toolchain/bin/../lib/gcc/arm-none-eabi/4.8.4/armv6-m/libgcc.a(floatsidf.o)
 .debug_frame   0x00001ba0       0x2c /opt/Freescale/KDS_v3/toolchain/bin/../lib/gcc/arm-none-eabi/4.8.4/armv6-m/libgcc.a(extendsfdf2.o)
 .debug_frame   0x00001bcc       0x30 /opt/Freescale/KDS_v3/toolchain/bin/../lib/gcc/arm-none-eabi/4.8.4/armv6-m/libgcc.a(truncdfsf2.o)
 .debug_frame   0x00001bfc       0x28 /opt/Freescale/KDS_v3/toolchain/bin/../lib/gcc/arm-none-eabi/4.8.4/../../../../arm-none-eabi/lib/armv6-m/libg_s.a(lib_a-exit.o)
 .debug_frame   0x00001c24       0x2c /opt/Freescale/KDS_v3/toolchain/bin/../lib/gcc/arm-none-eabi/4.8.4/../../../../arm-none-eabi/lib/armv6-m/libg_s.a(lib_a-init.o)
 .debug_frame   0x00001c50       0x20 /opt/Freescale/KDS_v3/toolchain/bin/../lib/gcc/arm-none-eabi/4.8.4/../../../../arm-none-eabi/lib/armv6-m/libg_s.a(lib_a-memset.o)
 .debug_frame   0x00001c70       0x20 /opt/Freescale/KDS_v3/toolchain/bin/../lib/gcc/arm-none-eabi/4.8.4/../../../../arm-none-eabi/lib/armv6-m/libnosys.a(_exit.o)
