Archive member included because of file (symbol)

/opt/Freescale/KDS_v3/toolchain/bin/../lib/gcc/arm-none-eabi/4.8.4/armv6-m/libgcc.a(_udivsi3.o)
                              ./Sources/serial_communication_lib.o (__aeabi_uidiv)
/opt/Freescale/KDS_v3/toolchain/bin/../lib/gcc/arm-none-eabi/4.8.4/armv6-m/libgcc.a(_divsi3.o)
                              ./Sources/camera_lib.o (__aeabi_idiv)
/opt/Freescale/KDS_v3/toolchain/bin/../lib/gcc/arm-none-eabi/4.8.4/armv6-m/libgcc.a(_dvmd_tls.o)
                              /opt/Freescale/KDS_v3/toolchain/bin/../lib/gcc/arm-none-eabi/4.8.4/armv6-m/libgcc.a(_udivsi3.o) (__aeabi_idiv0)
/opt/Freescale/KDS_v3/toolchain/bin/../lib/gcc/arm-none-eabi/4.8.4/armv6-m/libgcc.a(_arm_cmpdf2.o)
                              ./Sources/image_processing_lib.o (__aeabi_dcmplt)
/opt/Freescale/KDS_v3/toolchain/bin/../lib/gcc/arm-none-eabi/4.8.4/armv6-m/libgcc.a(_arm_cmpsf2.o)
                              ./Sources/battery_lib.o (__aeabi_fcmpgt)
/opt/Freescale/KDS_v3/toolchain/bin/../lib/gcc/arm-none-eabi/4.8.4/armv6-m/libgcc.a(_fixunssfsi.o)
                              ./Generated_Code/PwmLdd5.o (__aeabi_f2uiz)
/opt/Freescale/KDS_v3/toolchain/bin/../lib/gcc/arm-none-eabi/4.8.4/armv6-m/libgcc.a(addsf3.o)
                              ./Sources/battery_lib.o (__aeabi_fadd)
/opt/Freescale/KDS_v3/toolchain/bin/../lib/gcc/arm-none-eabi/4.8.4/armv6-m/libgcc.a(divsf3.o)
                              ./Sources/battery_lib.o (__aeabi_fdiv)
/opt/Freescale/KDS_v3/toolchain/bin/../lib/gcc/arm-none-eabi/4.8.4/armv6-m/libgcc.a(eqsf2.o)
                              /opt/Freescale/KDS_v3/toolchain/bin/../lib/gcc/arm-none-eabi/4.8.4/armv6-m/libgcc.a(_arm_cmpsf2.o) (__eqsf2)
/opt/Freescale/KDS_v3/toolchain/bin/../lib/gcc/arm-none-eabi/4.8.4/armv6-m/libgcc.a(gesf2.o)
                              /opt/Freescale/KDS_v3/toolchain/bin/../lib/gcc/arm-none-eabi/4.8.4/armv6-m/libgcc.a(_arm_cmpsf2.o) (__gesf2)
/opt/Freescale/KDS_v3/toolchain/bin/../lib/gcc/arm-none-eabi/4.8.4/armv6-m/libgcc.a(lesf2.o)
                              /opt/Freescale/KDS_v3/toolchain/bin/../lib/gcc/arm-none-eabi/4.8.4/armv6-m/libgcc.a(_arm_cmpsf2.o) (__lesf2)
/opt/Freescale/KDS_v3/toolchain/bin/../lib/gcc/arm-none-eabi/4.8.4/armv6-m/libgcc.a(mulsf3.o)
                              ./Sources/serial_communication_lib.o (__aeabi_fmul)
/opt/Freescale/KDS_v3/toolchain/bin/../lib/gcc/arm-none-eabi/4.8.4/armv6-m/libgcc.a(subsf3.o)
                              /opt/Freescale/KDS_v3/toolchain/bin/../lib/gcc/arm-none-eabi/4.8.4/armv6-m/libgcc.a(_fixunssfsi.o) (__aeabi_fsub)
/opt/Freescale/KDS_v3/toolchain/bin/../lib/gcc/arm-none-eabi/4.8.4/armv6-m/libgcc.a(fixsfsi.o)
                              ./Sources/serial_communication_lib.o (__aeabi_f2iz)
/opt/Freescale/KDS_v3/toolchain/bin/../lib/gcc/arm-none-eabi/4.8.4/armv6-m/libgcc.a(floatsisf.o)
                              ./Sources/serial_communication_lib.o (__aeabi_i2f)
/opt/Freescale/KDS_v3/toolchain/bin/../lib/gcc/arm-none-eabi/4.8.4/armv6-m/libgcc.a(floatunsisf.o)
                              ./Sources/battery_lib.o (__aeabi_ui2f)
/opt/Freescale/KDS_v3/toolchain/bin/../lib/gcc/arm-none-eabi/4.8.4/armv6-m/libgcc.a(adddf3.o)
                              ./Sources/SystemController.o (__aeabi_dadd)
/opt/Freescale/KDS_v3/toolchain/bin/../lib/gcc/arm-none-eabi/4.8.4/armv6-m/libgcc.a(divdf3.o)
                              ./Sources/error_management.o (__aeabi_ddiv)
/opt/Freescale/KDS_v3/toolchain/bin/../lib/gcc/arm-none-eabi/4.8.4/armv6-m/libgcc.a(eqdf2.o)
                              /opt/Freescale/KDS_v3/toolchain/bin/../lib/gcc/arm-none-eabi/4.8.4/armv6-m/libgcc.a(_arm_cmpdf2.o) (__eqdf2)
/opt/Freescale/KDS_v3/toolchain/bin/../lib/gcc/arm-none-eabi/4.8.4/armv6-m/libgcc.a(gedf2.o)
                              /opt/Freescale/KDS_v3/toolchain/bin/../lib/gcc/arm-none-eabi/4.8.4/armv6-m/libgcc.a(_arm_cmpdf2.o) (__gedf2)
/opt/Freescale/KDS_v3/toolchain/bin/../lib/gcc/arm-none-eabi/4.8.4/armv6-m/libgcc.a(ledf2.o)
                              /opt/Freescale/KDS_v3/toolchain/bin/../lib/gcc/arm-none-eabi/4.8.4/armv6-m/libgcc.a(_arm_cmpdf2.o) (__ledf2)
/opt/Freescale/KDS_v3/toolchain/bin/../lib/gcc/arm-none-eabi/4.8.4/armv6-m/libgcc.a(muldf3.o)
                              ./Sources/SystemController.o (__aeabi_dmul)
/opt/Freescale/KDS_v3/toolchain/bin/../lib/gcc/arm-none-eabi/4.8.4/armv6-m/libgcc.a(subdf3.o)
                              ./Sources/SystemController.o (__aeabi_dsub)
/opt/Freescale/KDS_v3/toolchain/bin/../lib/gcc/arm-none-eabi/4.8.4/armv6-m/libgcc.a(fixdfsi.o)
                              ./Sources/SystemController.o (__aeabi_d2iz)
/opt/Freescale/KDS_v3/toolchain/bin/../lib/gcc/arm-none-eabi/4.8.4/armv6-m/libgcc.a(floatsidf.o)
                              ./Sources/error_management.o (__aeabi_i2d)
/opt/Freescale/KDS_v3/toolchain/bin/../lib/gcc/arm-none-eabi/4.8.4/armv6-m/libgcc.a(extendsfdf2.o)
                              ./Sources/battery_lib.o (__aeabi_f2d)
[...]
Memory Configuration

Name             Origin             Length             Attributes
m_interrupts     0x00000000         0x000000c0         xr
m_text           0x00000410         0x0001fbf0         xr
m_data           0x1ffff000         0x00004000         rw
m_cfmprotrom     0x00000400         0x00000010         xr
*default*        0x00000000         0xffffffff

Linker script and memory map

LOAD /opt/Freescale/KDS_v3/toolchain/bin/../lib/gcc/arm-none-eabi/4.8.4/armv6-m/crti.o
LOAD /opt/Freescale/KDS_v3/toolchain/bin/../lib/gcc/arm-none-eabi/4.8.4/armv6-m/crtbegin.o
LOAD /opt/Freescale/KDS_v3/toolchain/bin/../lib/gcc/arm-none-eabi/4.8.4/../../../../arm-none-eabi/lib/armv6-m/crt0.o
LOAD ./Sources/Events.o
LOAD ./Sources/SystemController.o
LOAD ./Sources/battery_lib.o
LOAD ./Sources/camera_lib.o
LOAD ./Sources/dc_motor_lib.o
LOAD ./Sources/error_management.o
LOAD ./Sources/image_processing_lib.o
LOAD ./Sources/main.o
LOAD ./Sources/pid.o
LOAD ./Sources/serial_communication_lib.o
LOAD ./Sources/servo_lib.o
LOAD ./Project_Settings/Startup_Code/startup.o
LOAD ./Generated_Code/AD_Converter.o
LOAD ./Generated_Code/AdcLdd1.o
LOAD ./Generated_Code/BitIoLdd1.o
LOAD ./Generated_Code/BitIoLdd10.o
LOAD ./Generated_Code/BitIoLdd11.o
LOAD ./Generated_Code/BitIoLdd12.o
LOAD ./Generated_Code/BitIoLdd13.o
LOAD ./Generated_Code/BitIoLdd14.o
LOAD ./Generated_Code/BitIoLdd2.o
LOAD ./Generated_Code/BitIoLdd3.o
LOAD ./Generated_Code/BitIoLdd4.o
LOAD ./Generated_Code/BitIoLdd5.o
LOAD ./Generated_Code/BitIoLdd6.o
LOAD ./Generated_Code/BitIoLdd7.o
LOAD ./Generated_Code/BitIoLdd8.o
LOAD ./Generated_Code/BitIoLdd9.o
LOAD ./Generated_Code/BlueLED.o
LOAD ./Generated_Code/CLK.o
LOAD ./Generated_Code/Camera_CLK_Interruption.o
LOAD ./Generated_Code/Cpu.o
LOAD ./Generated_Code/Enable_Motors.o
LOAD ./Generated_Code/ErrorLED.o
LOAD ./Generated_Code/GreenLED.o
LOAD ./Generated_Code/Motor_A_In1.o
LOAD ./Generated_Code/Motor_A_In2.o
LOAD ./Generated_Code/Motor_B_In1.o
LOAD ./Generated_Code/Motor_B_In2.o
LOAD ./Generated_Code/PE_LDD.o
LOAD ./Generated_Code/Power_Level1.o
LOAD ./Generated_Code/Power_Level2.o
LOAD ./Generated_Code/Power_Level3.o
LOAD ./Generated_Code/Power_Level4.o
LOAD ./Generated_Code/PwmLdd1.o
LOAD ./Generated_Code/PwmLdd2.o
LOAD ./Generated_Code/PwmLdd3.o
LOAD ./Generated_Code/PwmLdd4.o
LOAD ./Generated_Code/PwmLdd5.o
LOAD ./Generated_Code/SI.o
LOAD ./Generated_Code/SW2_Start_Button.o
LOAD ./Generated_Code/SerialCom.o
LOAD ./Generated_Code/Servomotor.o
LOAD ./Generated_Code/Switch1.o
LOAD ./Generated_Code/Switch2.o
LOAD ./Generated_Code/Switch3.o
LOAD ./Generated_Code/TU1.o
LOAD ./Generated_Code/TU2.o
LOAD ./Generated_Code/TU3.o
LOAD ./Generated_Code/TimerIntLdd1.o
LOAD ./Generated_Code/Vectors.o
LOAD ./.metadata/.plugins/org.eclipse.cdt.make.core/specs.o
LOAD /opt/Freescale/KDS_v3/toolchain/bin/../lib/gcc/arm-none-eabi/4.8.4/../../../../arm-none-eabi/lib/armv6-m/libstdc++_s.a
LOAD /opt/Freescale/KDS_v3/toolchain/bin/../lib/gcc/arm-none-eabi/4.8.4/../../../../arm-none-eabi/lib/armv6-m/libm.a
START GROUP
LOAD /opt/Freescale/KDS_v3/toolchain/bin/../lib/gcc/arm-none-eabi/4.8.4/armv6-m/libgcc.a
LOAD /opt/Freescale/KDS_v3/toolchain/bin/../lib/gcc/arm-none-eabi/4.8.4/../../../../arm-none-eabi/lib/armv6-m/libg_s.a
LOAD /opt/Freescale/KDS_v3/toolchain/bin/../lib/gcc/arm-none-eabi/4.8.4/../../../../arm-none-eabi/lib/armv6-m/libc_s.a
END GROUP
START GROUP
LOAD /opt/Freescale/KDS_v3/toolchain/bin/../lib/gcc/arm-none-eabi/4.8.4/armv6-m/libgcc.a
LOAD /opt/Freescale/KDS_v3/toolchain/bin/../lib/gcc/arm-none-eabi/4.8.4/../../../../arm-none-eabi/lib/armv6-m/libc_s.a
LOAD /opt/Freescale/KDS_v3/toolchain/bin/../lib/gcc/arm-none-eabi/4.8.4/../../../../arm-none-eabi/lib/armv6-m/libnosys.a
END GROUP
START GROUP
LOAD /opt/Freescale/KDS_v3/toolchain/bin/../lib/gcc/arm-none-eabi/4.8.4/armv6-m/libgcc.a
LOAD /opt/Freescale/KDS_v3/toolchain/bin/../lib/gcc/arm-none-eabi/4.8.4/../../../../arm-none-eabi/lib/armv6-m/libc_s.a
LOAD /opt/Freescale/KDS_v3/toolchain/bin/../lib/gcc/arm-none-eabi/4.8.4/../../../../arm-none-eabi/lib/armv6-m/libnosys.a
END GROUP
LOAD /opt/Freescale/KDS_v3/toolchain/bin/../lib/gcc/arm-none-eabi/4.8.4/armv6-m/crtend.o
LOAD /opt/Freescale/KDS_v3/toolchain/bin/../lib/gcc/arm-none-eabi/4.8.4/armv6-m/crtn.o
                0x20003000                _estack = 0x20003000
                0x20003000                __SP_INIT = _estack
                0x20003000                __stack = _estack
                0x00000000                __heap_size = 0x0
                0x00000400                __stack_size = 0x400

.interrupts     0x00000000       0xc0
                0x00000000                __vector_table = .
                0x00000000                . = ALIGN (0x4)
 *(.vectortable)
 .vectortable   0x00000000       0xc0 ./Generated_Code/Vectors.o
                0x00000000                __vect_table
                0x000000c0                . = ALIGN (0x4)

.cfmprotect     0x00000400       0x10
                0x00000400                . = ALIGN (0x4)
 *(.cfmconfig)
 .cfmconfig     0x00000400       0x10 ./Generated_Code/Cpu.o
                0x00000400                _cfm
                0x00000410                . = ALIGN (0x4)

.text           0x00000410     0x5f08
                0x00000410                . = ALIGN (0x4)
 *(.text)
 .text          0x00000410       0x60 /opt/Freescale/KDS_v3/toolchain/bin/../lib/gcc/arm-none-eabi/4.8.4/armv6-m/crtbegin.o
 .text          0x00000470       0x78 /opt/Freescale/KDS_v3/toolchain/bin/../lib/gcc/arm-none-eabi/4.8.4/../../../../arm-none-eabi/lib/armv6-m/crt0.o
                0x00000470                _mainCRTStartup
                0x00000470                _start
 .text          0x000004e8       0x9c /opt/Freescale/KDS_v3/toolchain/bin/../lib/gcc/arm-none-eabi/4.8.4/armv6-m/libgcc.a(_udivsi3.o)
                0x000004e8                __udivsi3
                0x000004e8                __aeabi_uidiv
                0x00000570                __aeabi_uidivmod
 .text          0x00000584       0xc0 /opt/Freescale/KDS_v3/toolchain/bin/../lib/gcc/arm-none-eabi/4.8.4/armv6-m/libgcc.a(_divsi3.o)
                0x00000584                __aeabi_idiv
                0x00000584                __divsi3
                0x00000630                __aeabi_idivmod
 .text          0x00000644        0x4 /opt/Freescale/KDS_v3/toolchain/bin/../lib/gcc/arm-none-eabi/4.8.4/armv6-m/libgcc.a(_dvmd_tls.o)
                0x00000644                __aeabi_ldiv0
                0x00000644                __aeabi_idiv0
 .text          0x00000648       0x7c /opt/Freescale/KDS_v3/toolchain/bin/../lib/gcc/arm-none-eabi/4.8.4/armv6-m/libgcc.a(_arm_cmpdf2.o)
                0x00000648                __aeabi_cdrcmple
                0x00000658                __aeabi_cdcmple
                0x00000658                __aeabi_cdcmpeq
                0x00000668                __aeabi_dcmpeq
                0x00000674                __aeabi_dcmplt
                0x00000688                __aeabi_dcmple
                0x0000069c                __aeabi_dcmpgt
                0x000006b0                __aeabi_dcmpge
 .text          0x000006c4       0x74 /opt/Freescale/KDS_v3/toolchain/bin/../lib/gcc/arm-none-eabi/4.8.4/armv6-m/libgcc.a(_arm_cmpsf2.o)
                0x000006c4                __aeabi_cfrcmple
                0x000006cc                __aeabi_cfcmple
                0x000006cc                __aeabi_cfcmpeq
                0x000006dc                __aeabi_fcmpeq
                0x000006e8                __aeabi_fcmplt
                0x000006fc                __aeabi_fcmple
                0x00000710                __aeabi_fcmpgt
                0x00000724                __aeabi_fcmpge
 .text          0x00000738       0x30 /opt/Freescale/KDS_v3/toolchain/bin/../lib/gcc/arm-none-eabi/4.8.4/armv6-m/libgcc.a(_fixunssfsi.o)
                0x00000738                __aeabi_f2uiz
                0x00000738                __fixunssfsi
 .text          0x00000768      0x2d8 /opt/Freescale/KDS_v3/toolchain/bin/../lib/gcc/arm-none-eabi/4.8.4/armv6-m/libgcc.a(addsf3.o)
                0x00000768                __aeabi_fadd
 .text          0x00000a40      0x24c /opt/Freescale/KDS_v3/toolchain/bin/../lib/gcc/arm-none-eabi/4.8.4/armv6-m/libgcc.a(divsf3.o)
                0x00000a40                __aeabi_fdiv
 .text          0x00000c8c       0x54 /opt/Freescale/KDS_v3/toolchain/bin/../lib/gcc/arm-none-eabi/4.8.4/armv6-m/libgcc.a(eqsf2.o)
                0x00000c8c                __nesf2
                0x00000c8c                __eqsf2
 .text          0x00000ce0       0x90 /opt/Freescale/KDS_v3/toolchain/bin/../lib/gcc/arm-none-eabi/4.8.4/armv6-m/libgcc.a(gesf2.o)
                0x00000ce0                __gtsf2
                0x00000ce0                __gesf2
 .text          0x00000d70       0x98 /opt/Freescale/KDS_v3/toolchain/bin/../lib/gcc/arm-none-eabi/4.8.4/armv6-m/libgcc.a(lesf2.o)
                0x00000d70                __lesf2
                0x00000d70                __ltsf2
 .text          0x00000e08      0x254 /opt/Freescale/KDS_v3/toolchain/bin/../lib/gcc/arm-none-eabi/4.8.4/armv6-m/libgcc.a(mulsf3.o)
                0x00000e08                __aeabi_fmul
 .text          0x0000105c      0x2ec /opt/Freescale/KDS_v3/toolchain/bin/../lib/gcc/arm-none-eabi/4.8.4/armv6-m/libgcc.a(subsf3.o)
                0x0000105c                __aeabi_fsub
 .text          0x00001348       0x40 /opt/Freescale/KDS_v3/toolchain/bin/../lib/gcc/arm-none-eabi/4.8.4/armv6-m/libgcc.a(fixsfsi.o)
                0x00001348                __aeabi_f2iz
 .text          0x00001388       0xb8 /opt/Freescale/KDS_v3/toolchain/bin/../lib/gcc/arm-none-eabi/4.8.4/armv6-m/libgcc.a(floatsisf.o)
                0x00001388                __aeabi_i2f
 .text          0x00001440       0xa0 /opt/Freescale/KDS_v3/toolchain/bin/../lib/gcc/arm-none-eabi/4.8.4/armv6-m/libgcc.a(floatunsisf.o)
                0x00001440                __aeabi_ui2f
 .text          0x000014e0      0x644 /opt/Freescale/KDS_v3/toolchain/bin/../lib/gcc/arm-none-eabi/4.8.4/armv6-m/libgcc.a(adddf3.o)
                0x000014e0                __aeabi_dadd
 .text          0x00001b24      0x648 /opt/Freescale/KDS_v3/toolchain/bin/../lib/gcc/arm-none-eabi/4.8.4/armv6-m/libgcc.a(divdf3.o)
                0x00001b24                __aeabi_ddiv
 .text          0x0000216c       0x94 /opt/Freescale/KDS_v3/toolchain/bin/../lib/gcc/arm-none-eabi/4.8.4/armv6-m/libgcc.a(eqdf2.o)
                0x0000216c                __eqdf2
                0x0000216c                __nedf2
 .text          0x00002200       0xfc /opt/Freescale/KDS_v3/toolchain/bin/../lib/gcc/arm-none-eabi/4.8.4/armv6-m/libgcc.a(gedf2.o)
                0x00002200                __gtdf2
                0x00002200                __gedf2
 .text          0x000022fc       0xfc /opt/Freescale/KDS_v3/toolchain/bin/../lib/gcc/arm-none-eabi/4.8.4/armv6-m/libgcc.a(ledf2.o)
                0x000022fc                __ltdf2
                0x000022fc                __ledf2
 .text          0x000023f8      0x520 /opt/Freescale/KDS_v3/toolchain/bin/../lib/gcc/arm-none-eabi/4.8.4/armv6-m/libgcc.a(muldf3.o)
                0x000023f8                __aeabi_dmul
 .text          0x00002918      0x668 /opt/Freescale/KDS_v3/toolchain/bin/../lib/gcc/arm-none-eabi/4.8.4/armv6-m/libgcc.a(subdf3.o)
                0x00002918                __aeabi_dsub
 .text          0x00002f80       0x68 /opt/Freescale/KDS_v3/toolchain/bin/../lib/gcc/arm-none-eabi/4.8.4/armv6-m/libgcc.a(fixdfsi.o)
                0x00002f80                __aeabi_d2iz
 .text          0x00002fe8       0x7c /opt/Freescale/KDS_v3/toolchain/bin/../lib/gcc/arm-none-eabi/4.8.4/armv6-m/libgcc.a(floatsidf.o)
                0x00002fe8                __aeabi_i2d
 .text          0x00003064       0xa4 /opt/Freescale/KDS_v3/toolchain/bin/../lib/gcc/arm-none-eabi/4.8.4/armv6-m/libgcc.a(extendsfdf2.o)
                0x00003064                __aeabi_f2d
 .text          0x00003108      0x118 /opt/Freescale/KDS_v3/toolchain/bin/../lib/gcc/arm-none-eabi/4.8.4/armv6-m/libgcc.a(truncdfsf2.o)
                0x00003108                __aeabi_d2f
 .text          0x00003220       0x3c /opt/Freescale/KDS_v3/toolchain/bin/../lib/gcc/arm-none-eabi/4.8.4/armv6-m/libgcc.a(_clzsi2.o)
                0x00003220                __clzsi2
 *(.text*)
 .text.Cpu_OnNMIINT
                0x0000325c        0x8 ./Sources/Events.o
                0x0000325c                Cpu_OnNMIINT
 .text.Camera_CLK_Interruption_OnInterrupt
                0x00003264      0x148 ./Sources/Events.o
                0x00003264                Camera_CLK_Interruption_OnInterrupt
 .text.AD_Converter_OnEnd
                0x000033ac       0x34 ./Sources/Events.o
                0x000033ac                AD_Converter_OnEnd
 .text.SerialCom_OnBlockSent
                0x000033e0       0x18 ./Sources/Events.o
                0x000033e0                SerialCom_OnBlockSent
 .text.advancedControl
                0x000033f8       0x68 ./Sources/SystemController.o
                0x000033f8                advancedControl
 .text.dc_motors_normalization
                0x00003460       0xa8 ./Sources/SystemController.o
                0x00003460                dc_motors_normalization
 .text.updateBatteryLevel
                0x00003508       0x28 ./Sources/battery_lib.o
                0x00003508                updateBatteryLevel
 .text.updatePowerState
                0x00003530      0x230 ./Sources/battery_lib.o
                0x00003530                updatePowerState
 .text.initializeCamera
                0x00003760       0x30 ./Sources/camera_lib.o
                0x00003760                initializeCamera
 .text.getRawImageMean
                0x00003790       0x74 ./Sources/camera_lib.o
                0x00003790                getRawImageMean
 .text.verifySample
                0x00003804       0x70 ./Sources/camera_lib.o
                0x00003804                verifySample
 .text.setMotorsSpeed
                0x00003874       0xc4 ./Sources/dc_motor_lib.o
                0x00003874                setMotorsSpeed
 .text.get_error
                0x00003938       0x7c ./Sources/error_management.o
                0x00003938                get_error
 .text.calibration
                0x000039b4       0x38 ./Sources/image_processing_lib.o
                0x000039b4                calibration
 *fill*         0x000039ec        0x4 
 .text.binarization
                0x000039f0       0x90 ./Sources/image_processing_lib.o
                0x000039f0                binarization
 .text.set_borders
                0x00003a80       0xc0 ./Sources/image_processing_lib.o
                0x00003a80                set_borders
 .text.main     0x00003b40      0x124 ./Sources/main.o
                0x00003b40                main
 *fill*         0x00003c64        0x4 
 .text.resetPID
                0x00003c68       0x38 ./Sources/pid.o
                0x00003c68                resetPID
 .text.update_pid
                0x00003ca0      0x100 ./Sources/pid.o
                0x00003ca0                update_pid
 .text.get_derivative_state
                0x00003da0       0x48 ./Sources/pid.o
                0x00003da0                get_derivative_state
 .text.get_integral_term
                0x00003de8       0xf0 ./Sources/pid.o
                0x00003de8                get_integral_term
 .text.update_gains
                0x00003ed8       0xa8 ./Sources/pid.o
                0x00003ed8                update_gains
 .text.init_Serial
                0x00003f80       0x20 ./Sources/serial_communication_lib.o
 .text.sendAChar
                0x00003fa0       0x44 ./Sources/serial_communication_lib.o
 .text.itoa_8_bit
                0x00003fe4       0x9c ./Sources/serial_communication_lib.o
                0x00003fe4                itoa_8_bit
 .text.sendArrayOfPixels
                0x00004080       0x50 ./Sources/serial_communication_lib.o
                0x00004080                sendArrayOfPixels
 .text.setServoDirection
                0x000040d0       0x44 ./Sources/servo_lib.o
                0x000040d0                setServoDirection
 .text.__copy_rom_section
                0x00004114       0xd8 ./Project_Settings/Startup_Code/startup.o
                0x00004114                __copy_rom_section
 .text.__copy_rom_sections_to_ram
                0x000041ec       0x98 ./Project_Settings/Startup_Code/startup.o
                0x000041ec                __copy_rom_sections_to_ram
 .text.__init_registers
                0x00004284        0x8 ./Project_Settings/Startup_Code/startup.o
                0x00004284                __init_registers
 .text.__init_user
                0x0000428c        0x8 ./Project_Settings/Startup_Code/startup.o
                0x0000428c                __init_user
 .text.__thumb_startup
                0x00004294       0x30 ./Project_Settings/Startup_Code/startup.o
                0x00004294                __thumb_startup
 .text.ClrSumV  0x000042c4       0x18 ./Generated_Code/AD_Converter.o
 .text.AD_Converter_HWEnDi
                0x000042dc       0x9c ./Generated_Code/AD_Converter.o
                0x000042dc                AD_Converter_HWEnDi
 .text.AD_Converter_MeasureChan
                0x00004378       0x64 ./Generated_Code/AD_Converter.o
                0x00004378                AD_Converter_MeasureChan
 .text.AD_Converter_GetChanValue
                0x000043dc       0x58 ./Generated_Code/AD_Converter.o
                0x000043dc                AD_Converter_GetChanValue
 .text.AdcLdd1_OnMeasurementComplete
                0x00004434       0xf8 ./Generated_Code/AD_Converter.o
                0x00004434                AdcLdd1_OnMeasurementComplete
 .text.AD_Converter_Init
                0x0000452c       0x2c ./Generated_Code/AD_Converter.o
                0x0000452c                AD_Converter_Init
 .text.AdcLdd1_Init
                0x00004558       0xe0 ./Generated_Code/AdcLdd1.o
                0x00004558                AdcLdd1_Init
 .text.AdcLdd1_StartSingleMeasurement
                0x00004638       0x44 ./Generated_Code/AdcLdd1.o
                0x00004638                AdcLdd1_StartSingleMeasurement
 .text.AdcLdd1_CreateSampleGroup
                0x0000467c       0x6c ./Generated_Code/AdcLdd1.o
                0x0000467c                AdcLdd1_CreateSampleGroup
 .text.AdcLdd1_GetMeasuredValues
                0x000046e8       0x60 ./Generated_Code/AdcLdd1.o
                0x000046e8                AdcLdd1_GetMeasuredValues
 .text.AdcLdd1_GetCalibrationResultStatus
                0x00004748       0xb8 ./Generated_Code/AdcLdd1.o
                0x00004748                AdcLdd1_GetCalibrationResultStatus
 .text.AdcLdd1_MeasurementCompleteInterrupt
                0x00004800       0x30 ./Generated_Code/AdcLdd1.o
                0x00004800                AdcLdd1_MeasurementCompleteInterrupt
 .text.BitIoLdd1_Init
                0x00004830       0x60 ./Generated_Code/BitIoLdd1.o
                0x00004830                BitIoLdd1_Init
 .text.BitIoLdd1_GetVal
                0x00004890       0x28 ./Generated_Code/BitIoLdd1.o
                0x00004890                BitIoLdd1_GetVal
 .text.BitIoLdd1_ClrVal
                0x000048b8       0x18 ./Generated_Code/BitIoLdd1.o
                0x000048b8                BitIoLdd1_ClrVal
 .text.BitIoLdd1_SetVal
                0x000048d0       0x18 ./Generated_Code/BitIoLdd1.o
                0x000048d0                BitIoLdd1_SetVal
 .text.BitIoLdd10_Init
                0x000048e8       0x60 ./Generated_Code/BitIoLdd10.o
                0x000048e8                BitIoLdd10_Init
 .text.BitIoLdd11_Init
                0x00004948       0x60 ./Generated_Code/BitIoLdd11.o
                0x00004948                BitIoLdd11_Init
 .text.BitIoLdd12_Init
                0x000049a8       0x54 ./Generated_Code/BitIoLdd12.o
                0x000049a8                BitIoLdd12_Init
 .text.BitIoLdd12_GetVal
                0x000049fc       0x28 ./Generated_Code/BitIoLdd12.o
                0x000049fc                BitIoLdd12_GetVal
 .text.BitIoLdd13_Init
                0x00004a24       0x54 ./Generated_Code/BitIoLdd13.o
                0x00004a24                BitIoLdd13_Init
 .text.BitIoLdd13_GetVal
                0x00004a78       0x28 ./Generated_Code/BitIoLdd13.o
                0x00004a78                BitIoLdd13_GetVal
 .text.BitIoLdd14_Init
                0x00004aa0       0x54 ./Generated_Code/BitIoLdd14.o
                0x00004aa0                BitIoLdd14_Init
 .text.BitIoLdd14_GetVal
                0x00004af4       0x28 ./Generated_Code/BitIoLdd14.o
                0x00004af4                BitIoLdd14_GetVal
 .text.BitIoLdd2_Init
                0x00004b1c       0x60 ./Generated_Code/BitIoLdd2.o
                0x00004b1c                BitIoLdd2_Init
 .text.BitIoLdd2_GetVal
                0x00004b7c       0x28 ./Generated_Code/BitIoLdd2.o
                0x00004b7c                BitIoLdd2_GetVal
 .text.BitIoLdd2_ClrVal
                0x00004ba4       0x18 ./Generated_Code/BitIoLdd2.o
                0x00004ba4                BitIoLdd2_ClrVal
 .text.BitIoLdd2_SetVal
                0x00004bbc       0x18 ./Generated_Code/BitIoLdd2.o
                0x00004bbc                BitIoLdd2_SetVal
 .text.BitIoLdd3_Init
                0x00004bd4       0x58 ./Generated_Code/BitIoLdd3.o
                0x00004bd4                BitIoLdd3_Init
 .text.BitIoLdd3_GetVal
                0x00004c2c       0x28 ./Generated_Code/BitIoLdd3.o
                0x00004c2c                BitIoLdd3_GetVal
 .text.BitIoLdd4_Init
                0x00004c54       0x68 ./Generated_Code/BitIoLdd4.o
                0x00004c54                BitIoLdd4_Init
 .text.BitIoLdd4_SetVal
                0x00004cbc       0x1c ./Generated_Code/BitIoLdd4.o
                0x00004cbc                BitIoLdd4_SetVal
 .text.BitIoLdd5_Init
                0x00004cd8       0x68 ./Generated_Code/BitIoLdd5.o
                0x00004cd8                BitIoLdd5_Init
 .text.BitIoLdd5_SetVal
                0x00004d40       0x1c ./Generated_Code/BitIoLdd5.o
                0x00004d40                BitIoLdd5_SetVal
 .text.BitIoLdd5_NegVal
                0x00004d5c       0x1c ./Generated_Code/BitIoLdd5.o
                0x00004d5c                BitIoLdd5_NegVal
 .text.BitIoLdd6_Init
                0x00004d78       0x68 ./Generated_Code/BitIoLdd6.o
                0x00004d78                BitIoLdd6_Init
 .text.BitIoLdd6_ClrVal
                0x00004de0       0x1c ./Generated_Code/BitIoLdd6.o
                0x00004de0                BitIoLdd6_ClrVal
 .text.BitIoLdd6_SetVal
                0x00004dfc       0x1c ./Generated_Code/BitIoLdd6.o
                0x00004dfc                BitIoLdd6_SetVal
 .text.BitIoLdd6_NegVal
                0x00004e18       0x1c ./Generated_Code/BitIoLdd6.o
                0x00004e18                BitIoLdd6_NegVal
 .text.BitIoLdd7_Init
                0x00004e34       0x68 ./Generated_Code/BitIoLdd7.o
                0x00004e34                BitIoLdd7_Init
 .text.BitIoLdd7_ClrVal
                0x00004e9c       0x1c ./Generated_Code/BitIoLdd7.o
                0x00004e9c                BitIoLdd7_ClrVal
 .text.BitIoLdd7_SetVal
                0x00004eb8       0x1c ./Generated_Code/BitIoLdd7.o
                0x00004eb8                BitIoLdd7_SetVal
 .text.BitIoLdd7_NegVal
                0x00004ed4       0x1c ./Generated_Code/BitIoLdd7.o
                0x00004ed4                BitIoLdd7_NegVal
 .text.BitIoLdd8_Init
                0x00004ef0       0x68 ./Generated_Code/BitIoLdd8.o
                0x00004ef0                BitIoLdd8_Init
 .text.BitIoLdd8_ClrVal
                0x00004f58       0x1c ./Generated_Code/BitIoLdd8.o
                0x00004f58                BitIoLdd8_ClrVal
 .text.BitIoLdd8_SetVal
                0x00004f74       0x1c ./Generated_Code/BitIoLdd8.o
                0x00004f74                BitIoLdd8_SetVal
 .text.BitIoLdd8_NegVal
                0x00004f90       0x1c ./Generated_Code/BitIoLdd8.o
                0x00004f90                BitIoLdd8_NegVal
 .text.BitIoLdd9_Init
                0x00004fac       0x64 ./Generated_Code/BitIoLdd9.o
                0x00004fac                BitIoLdd9_Init
 .text.TimerIntLdd1_OnInterrupt
                0x00005010       0x14 ./Generated_Code/Camera_CLK_Interruption.o
                0x00005010                TimerIntLdd1_OnInterrupt
 .text.Cpu_INT_NMIInterrupt
                0x00005024        0xc ./Generated_Code/Cpu.o
                0x00005024                Cpu_INT_NMIInterrupt
 .text.Cpu_Interrupt
                0x00005030        0xc ./Generated_Code/Cpu.o
                0x00005030                Cpu_Interrupt
 .text.__init_hardware
                0x0000503c      0x110 ./Generated_Code/Cpu.o
                0x0000503c                __init_hardware
 .text.PE_low_level_init
                0x0000514c      0x144 ./Generated_Code/Cpu.o
                0x0000514c                PE_low_level_init
 .text.PwmLdd1_Init
                0x00005290       0x58 ./Generated_Code/PwmLdd1.o
                0x00005290                PwmLdd1_Init
 .text.PwmLdd1_SetRatio8
                0x000052e8       0x34 ./Generated_Code/PwmLdd1.o
                0x000052e8                PwmLdd1_SetRatio8
 .text.SetRatio
                0x0000531c       0x68 ./Generated_Code/PwmLdd1.o
 .text.PwmLdd2_Init
                0x00005384       0x58 ./Generated_Code/PwmLdd2.o
                0x00005384                PwmLdd2_Init
 .text.PwmLdd2_SetRatio8
                0x000053dc       0x34 ./Generated_Code/PwmLdd2.o
                0x000053dc                PwmLdd2_SetRatio8
 .text.SetRatio
                0x00005410       0x68 ./Generated_Code/PwmLdd2.o
 .text.PwmLdd3_Init
                0x00005478       0x58 ./Generated_Code/PwmLdd3.o
                0x00005478                PwmLdd3_Init
 .text.PwmLdd3_SetRatio8
                0x000054d0       0x34 ./Generated_Code/PwmLdd3.o
                0x000054d0                PwmLdd3_SetRatio8
 .text.SetRatio
                0x00005504       0x68 ./Generated_Code/PwmLdd3.o
 .text.PwmLdd4_Init
                0x0000556c       0x58 ./Generated_Code/PwmLdd4.o
                0x0000556c                PwmLdd4_Init
 .text.PwmLdd4_SetRatio8
                0x000055c4       0x34 ./Generated_Code/PwmLdd4.o
                0x000055c4                PwmLdd4_SetRatio8
 .text.SetRatio
                0x000055f8       0x68 ./Generated_Code/PwmLdd4.o
 .text.PwmLdd5_Init
                0x00005660       0x58 ./Generated_Code/PwmLdd5.o
                0x00005660                PwmLdd5_Init
 .text.PwmLdd5_Enable
                0x000056b8       0x30 ./Generated_Code/PwmLdd5.o
                0x000056b8                PwmLdd5_Enable
 .text.PwmLdd5_SetDutyUS
                0x000056e8       0x7c ./Generated_Code/PwmLdd5.o
                0x000056e8                PwmLdd5_SetDutyUS
 .text.SetRatio
                0x00005764       0x68 ./Generated_Code/PwmLdd5.o
 .text.SerialCom_Init
                0x000057cc      0x1b0 ./Generated_Code/SerialCom.o
                0x000057cc                SerialCom_Init
 .text.SerialCom_SendBlock
                0x0000597c       0xc4 ./Generated_Code/SerialCom.o
                0x0000597c                SerialCom_SendBlock
 .text.InterruptRx
                0x00005a40       0x50 ./Generated_Code/SerialCom.o
 .text.InterruptTx
                0x00005a90       0x80 ./Generated_Code/SerialCom.o
 .text.SerialCom_Interrupt
                0x00005b10       0x64 ./Generated_Code/SerialCom.o
                0x00005b10                SerialCom_Interrupt
 .text.TU1_Init
                0x00005b74       0xd4 ./Generated_Code/TU1.o
                0x00005b74                TU1_Init
 .text.TU1_Enable
                0x00005c48       0x2c ./Generated_Code/TU1.o
                0x00005c48                TU1_Enable
 .text.TU1_SetEventMask
                0x00005c74       0x74 ./Generated_Code/TU1.o
                0x00005c74                TU1_SetEventMask
 .text.TU1_Interrupt
                0x00005ce8       0x38 ./Generated_Code/TU1.o
                0x00005ce8                TU1_Interrupt
 .text.TU2_Init
                0x00005d20      0x134 ./Generated_Code/TU2.o
                0x00005d20                TU2_Init
 .text.TU2_GetPeriodTicks
                0x00005e54       0x3c ./Generated_Code/TU2.o
                0x00005e54                TU2_GetPeriodTicks
 .text.TU2_SetOffsetTicks
                0x00005e90       0x58 ./Generated_Code/TU2.o
                0x00005e90                TU2_SetOffsetTicks
 .text.TU3_Init
                0x00005ee8       0xcc ./Generated_Code/TU3.o
                0x00005ee8                TU3_Init
 .text.TU3_Enable
                0x00005fb4       0x30 ./Generated_Code/TU3.o
                0x00005fb4                TU3_Enable
 .text.TU3_GetPeriodTicks
                0x00005fe4       0x3c ./Generated_Code/TU3.o
                0x00005fe4                TU3_GetPeriodTicks
 .text.TU3_SetOffsetTicks
                0x00006020       0x44 ./Generated_Code/TU3.o
                0x00006020                TU3_SetOffsetTicks
 .text.TimerIntLdd1_Init
                0x00006064       0x50 ./Generated_Code/TimerIntLdd1.o
                0x00006064                TimerIntLdd1_Init
 .text.TimerIntLdd1_Enable
                0x000060b4       0x30 ./Generated_Code/TimerIntLdd1.o
                0x000060b4                TimerIntLdd1_Enable
 .text.TimerIntLdd1_SetEventMask
                0x000060e4       0x40 ./Generated_Code/TimerIntLdd1.o
                0x000060e4                TimerIntLdd1_SetEventMask
 .text.TU1_OnCounterRestart
                0x00006124       0x24 ./Generated_Code/TimerIntLdd1.o
                0x00006124                TU1_OnCounterRestart
 .text.exit     0x00006148       0x2c /opt/Freescale/KDS_v3/toolchain/bin/../lib/gcc/arm-none-eabi/4.8.4/../../../../arm-none-eabi/lib/armv6-m/libg_s.a(lib_a-exit.o)
                0x00006148                exit
 .text.__libc_init_array
                0x00006174       0x4c /opt/Freescale/KDS_v3/toolchain/bin/../lib/gcc/arm-none-eabi/4.8.4/../../../../arm-none-eabi/lib/armv6-m/libg_s.a(lib_a-init.o)
                0x00006174                __libc_init_array
 .text.memset   0x000061c0       0x10 /opt/Freescale/KDS_v3/toolchain/bin/../lib/gcc/arm-none-eabi/4.8.4/../../../../arm-none-eabi/lib/armv6-m/libg_s.a(lib_a-memset.o)
                0x000061c0                memset
 .text._exit    0x000061d0        0x4 /opt/Freescale/KDS_v3/toolchain/bin/../lib/gcc/arm-none-eabi/4.8.4/../../../../arm-none-eabi/lib/armv6-m/libnosys.a(_exit.o)
                0x000061d0                _exit
 *(.rodata)
 .rodata        0x000061d4       0x40 /opt/Freescale/KDS_v3/toolchain/bin/../lib/gcc/arm-none-eabi/4.8.4/armv6-m/libgcc.a(divsf3.o)
 .rodata        0x00006214       0x40 /opt/Freescale/KDS_v3/toolchain/bin/../lib/gcc/arm-none-eabi/4.8.4/armv6-m/libgcc.a(mulsf3.o)
 .rodata        0x00006254       0x40 /opt/Freescale/KDS_v3/toolchain/bin/../lib/gcc/arm-none-eabi/4.8.4/armv6-m/libgcc.a(divdf3.o)
 .rodata        0x00006294       0x40 /opt/Freescale/KDS_v3/toolchain/bin/../lib/gcc/arm-none-eabi/4.8.4/armv6-m/libgcc.a(muldf3.o)
 *(.rodata*)
 .rodata.Camera_CLK_Interruption_OnInterrupt
                0x000062d4       0x14 ./Sources/Events.o
 .rodata.Table  0x000062e8        0x4 ./Generated_Code/AD_Converter.o
 .rodata.ChannelToPin
                0x000062ec        0x4 ./Generated_Code/AdcLdd1.o
 .rodata.ChannelDevice
                0x000062f0        0x4 ./Generated_Code/TU2.o
 .rodata.ChannelMode
                0x000062f4        0x4 ./Generated_Code/TU2.o
 .rodata.str1.1
                0x000062f8        0x2 /opt/Freescale/KDS_v3/toolchain/bin/../lib/gcc/arm-none-eabi/4.8.4/../../../../arm-none-eabi/lib/armv6-m/libg_s.a(lib_a-impure.o)
 *fill*         0x000062fa        0x2 
 .rodata._global_impure_ptr
                0x000062fc        0x4 /opt/Freescale/KDS_v3/toolchain/bin/../lib/gcc/arm-none-eabi/4.8.4/../../../../arm-none-eabi/lib/armv6-m/libg_s.a(lib_a-impure.o)
                0x000062fc                _global_impure_ptr
 *(.glue_7)
 .glue_7        0x00000000        0x0 linker stubs
 *(.glue_7t)
 .glue_7t       0x00000000        0x0 linker stubs
 *(.eh_frame)
 .eh_frame      0x00006300        0x0 /opt/Freescale/KDS_v3/toolchain/bin/../lib/gcc/arm-none-eabi/4.8.4/armv6-m/crtbegin.o
 *(.init)
 .init          0x00006300        0x4 /opt/Freescale/KDS_v3/toolchain/bin/../lib/gcc/arm-none-eabi/4.8.4/armv6-m/crti.o
                0x00006300                _init
 .init          0x00006304        0x8 /opt/Freescale/KDS_v3/toolchain/bin/../lib/gcc/arm-none-eabi/4.8.4/armv6-m/crtn.o
 *(.fini)
 .fini          0x0000630c        0x4 /opt/Freescale/KDS_v3/toolchain/bin/../lib/gcc/arm-none-eabi/4.8.4/armv6-m/crti.o
                0x0000630c                _fini
 .fini          0x00006310        0x8 /opt/Freescale/KDS_v3/toolchain/bin/../lib/gcc/arm-none-eabi/4.8.4/armv6-m/crtn.o
                0x00006318                . = ALIGN (0x4)
                0x00006318                _etext = .

.vfp11_veneer   0x00006318        0x0
 .vfp11_veneer  0x00000000        0x0 linker stubs

.v4_bx          0x00006318        0x0
 .v4_bx         0x00000000        0x0 linker stubs

.iplt           0x00006318        0x0
 .iplt          0x00000000        0x0 /opt/Freescale/KDS_v3/toolchain/bin/../lib/gcc/arm-none-eabi/4.8.4/armv6-m/crtbegin.o

.ARM.extab
 *(.ARM.extab* .gnu.linkonce.armextab.*)

.ARM            0x00006318        0x8
                0x00006318                __exidx_start = .
 *(.ARM.exidx*)
 .ARM.exidx     0x00006318        0x8 /opt/Freescale/KDS_v3/toolchain/bin/../lib/gcc/arm-none-eabi/4.8.4/../../../../arm-none-eabi/lib/armv6-m/crt0.o
                0x00006320                __exidx_end = .

.rel.dyn        0x00006320        0x0
 .rel.iplt      0x00000000        0x0 /opt/Freescale/KDS_v3/toolchain/bin/../lib/gcc/arm-none-eabi/4.8.4/armv6-m/crtbegin.o

.ctors          0x00006320        0x0
                0x00006320                __CTOR_LIST__ = .
 *crtbegin.o(.ctors)
 *(EXCLUDE_FILE(*crtend.o) .ctors)
 *(SORT(.ctors.*))
 *(.ctors)
                0x00006320                __CTOR_END__ = .

.dtors          0x00006320        0x0
                0x00006320                __DTOR_LIST__ = .
 *crtbegin.o(.dtors)
 *(EXCLUDE_FILE(*crtend.o) .dtors)
 *(SORT(.dtors.*))
 *(.dtors)
                0x00006320                __DTOR_END__ = .

.preinit_array  0x00006320        0x0
                0x00006320                PROVIDE (__preinit_array_start, .)
 *(.preinit_array*)
                0x00006320                PROVIDE (__preinit_array_end, .)

.init_array     0x00006320        0x4
                0x00006320                PROVIDE (__init_array_start, .)
 *(SORT(.init_array.*))
 *(.init_array*)
 .init_array    0x00006320        0x4 /opt/Freescale/KDS_v3/toolchain/bin/../lib/gcc/arm-none-eabi/4.8.4/armv6-m/crtbegin.o
                0x00006324                PROVIDE (__init_array_end, .)

.fini_array     0x00006324        0x4
                0x00006324                PROVIDE (__fini_array_start, .)
 *(SORT(.fini_array.*))
 *(.fini_array*)
 .fini_array    0x00006324        0x4 /opt/Freescale/KDS_v3/toolchain/bin/../lib/gcc/arm-none-eabi/4.8.4/armv6-m/crtbegin.o
                0x00006328                PROVIDE (__fini_array_end, .)
                0x00006328                ___ROM_AT = .

.mtb            0x1ffff000        0x0
                0x1ffff000                . = ALIGN (0x8)
                0x1ffff000                _mtb_start = .
 *(.mtb_buf)
                0x1ffff000                . = ALIGN (0x8)
                0x1ffff000                _mtb_end = .

.data           0x1ffff000       0x60 load address 0x00006328
                0x1ffff000                . = ALIGN (0x4)
                0x1ffff000                _sdata = .
 *(.data)
 *(.data*)
 .data.impure_data
                0x1ffff000       0x60 /opt/Freescale/KDS_v3/toolchain/bin/../lib/gcc/arm-none-eabi/4.8.4/../../../../arm-none-eabi/lib/armv6-m/libg_s.a(lib_a-impure.o)
                0x1ffff060                . = ALIGN (0x4)
                0x1ffff060                _edata = .
                0x00000060                ___data_size = (_edata - _sdata)

.jcr            0x1ffff060        0x0 load address 0x00006388
 .jcr           0x1ffff060        0x0 /opt/Freescale/KDS_v3/toolchain/bin/../lib/gcc/arm-none-eabi/4.8.4/armv6-m/crtbegin.o

.igot.plt       0x1ffff060        0x0 load address 0x00006388
 .igot.plt      0x00000000        0x0 /opt/Freescale/KDS_v3/toolchain/bin/../lib/gcc/arm-none-eabi/4.8.4/armv6-m/crtbegin.o
                0x1ffff060                . = ALIGN (0x4)

.bss            0x1ffff060      0x314 load address 0x00006388
                0x1ffff060                __START_BSS = .
                0x1ffff060                PROVIDE (__bss_start__, __START_BSS)
 *(.bss)
 .bss           0x1ffff060       0x1c /opt/Freescale/KDS_v3/toolchain/bin/../lib/gcc/arm-none-eabi/4.8.4/armv6-m/crtbegin.o
 *(.bss*)
 .bss.deviceData
                0x1ffff07c        0x8 ./Sources/serial_communication_lib.o
 .bss.SumChan   0x1ffff084        0x1 ./Generated_Code/AD_Converter.o
 .bss.ModeFlg   0x1ffff085        0x1 ./Generated_Code/AD_Converter.o
 *fill*         0x1ffff086        0x2 
 .bss.SampleGroup
                0x1ffff088        0x4 ./Generated_Code/AD_Converter.o
 .bss.OutFlg    0x1ffff08c        0x1 ./Generated_Code/AD_Converter.o
 *fill*         0x1ffff08d        0x3 
 .bss.DeviceDataPrv__DEFAULT_RTOS_ALLOC
                0x1ffff090        0x8 ./Generated_Code/AdcLdd1.o
 .bss.INT_ADC0__DEFAULT_RTOS_ISRPARAM
                0x1ffff098        0x4 ./Generated_Code/AdcLdd1.o
 .bss.DeviceDataPrv__DEFAULT_RTOS_ALLOC
                0x1ffff09c        0x4 ./Generated_Code/BitIoLdd1.o
 .bss.DeviceDataPrv__DEFAULT_RTOS_ALLOC
                0x1ffff0a0        0x4 ./Generated_Code/BitIoLdd10.o
 .bss.DeviceDataPrv__DEFAULT_RTOS_ALLOC
                0x1ffff0a4        0x4 ./Generated_Code/BitIoLdd11.o
 .bss.DeviceDataPrv__DEFAULT_RTOS_ALLOC
                0x1ffff0a8        0x4 ./Generated_Code/BitIoLdd12.o
 .bss.DeviceDataPrv__DEFAULT_RTOS_ALLOC
                0x1ffff0ac        0x4 ./Generated_Code/BitIoLdd13.o
 .bss.DeviceDataPrv__DEFAULT_RTOS_ALLOC
                0x1ffff0b0        0x4 ./Generated_Code/BitIoLdd14.o
 .bss.DeviceDataPrv__DEFAULT_RTOS_ALLOC
                0x1ffff0b4        0x4 ./Generated_Code/BitIoLdd2.o
 .bss.DeviceDataPrv__DEFAULT_RTOS_ALLOC
                0x1ffff0b8        0x4 ./Generated_Code/BitIoLdd3.o
 .bss.DeviceDataPrv__DEFAULT_RTOS_ALLOC
                0x1ffff0bc        0x4 ./Generated_Code/BitIoLdd4.o
 .bss.DeviceDataPrv__DEFAULT_RTOS_ALLOC
                0x1ffff0c0        0x4 ./Generated_Code/BitIoLdd5.o
 .bss.DeviceDataPrv__DEFAULT_RTOS_ALLOC
                0x1ffff0c4        0x4 ./Generated_Code/BitIoLdd6.o
 .bss.DeviceDataPrv__DEFAULT_RTOS_ALLOC
                0x1ffff0c8        0x4 ./Generated_Code/BitIoLdd7.o
 .bss.DeviceDataPrv__DEFAULT_RTOS_ALLOC
                0x1ffff0cc        0x4 ./Generated_Code/BitIoLdd8.o
 .bss.DeviceDataPrv__DEFAULT_RTOS_ALLOC
                0x1ffff0d0        0x4 ./Generated_Code/BitIoLdd9.o
 .bss.SR_lock   0x1ffff0d4        0x1 ./Generated_Code/Cpu.o
                0x1ffff0d4                SR_lock
 *fill*         0x1ffff0d5        0x3 
 .bss.PE_LDD_DeviceDataList
                0x1ffff0d8       0x64 ./Generated_Code/PE_LDD.o
                0x1ffff0d8                PE_LDD_DeviceDataList
 .bss.DeviceDataPrv__DEFAULT_RTOS_ALLOC
                0x1ffff13c        0xc ./Generated_Code/PwmLdd1.o
 .bss.DeviceDataPrv__DEFAULT_RTOS_ALLOC
                0x1ffff148        0xc ./Generated_Code/PwmLdd2.o
 .bss.DeviceDataPrv__DEFAULT_RTOS_ALLOC
                0x1ffff154        0xc ./Generated_Code/PwmLdd3.o
 .bss.DeviceDataPrv__DEFAULT_RTOS_ALLOC
                0x1ffff160        0xc ./Generated_Code/PwmLdd4.o
 .bss.DeviceDataPrv__DEFAULT_RTOS_ALLOC
                0x1ffff16c        0xc ./Generated_Code/PwmLdd5.o
 .bss.DeviceDataPrv__DEFAULT_RTOS_ALLOC
                0x1ffff178       0x18 ./Generated_Code/SerialCom.o
 .bss.INT_UART0__DEFAULT_RTOS_ISRPARAM
                0x1ffff190        0x4 ./Generated_Code/SerialCom.o
 .bss.DeviceDataPrv__DEFAULT_RTOS_ALLOC
                0x1ffff194        0x8 ./Generated_Code/TU1.o
 .bss.INT_PIT__DEFAULT_RTOS_ISRPARAM
                0x1ffff19c        0x4 ./Generated_Code/TU1.o
 .bss.DeviceDataPrv__DEFAULT_RTOS_ALLOC
                0x1ffff1a0        0x8 ./Generated_Code/TU2.o
 .bss.DeviceDataPrv__DEFAULT_RTOS_ALLOC
                0x1ffff1a8        0xc ./Generated_Code/TU3.o
 .bss.DeviceDataPrv__DEFAULT_RTOS_ALLOC
                0x1ffff1b4        0xc ./Generated_Code/TimerIntLdd1.o
 *(COMMON)
 COMMON         0x1ffff1c0      0x12c ./Sources/Events.o
                0x1ffff1c0                clockCounter
                0x1ffff1c4                samplesNumber
                0x1ffff1c8                handlingPowerUpdate
                0x1ffff1cc                transferTime
                0x1ffff1d0                currentSample
                0x1ffff1d4                auto_exposure_counter
                0x1ffff1d8                serialTest
                0x1ffff1dc                state
                0x1ffff1e0                rawImage
                0x1ffff260                batteryLevel
                0x1ffff264                serialFinished
                0x1ffff265                serialTestStart
                0x1ffff268                auto_exposure_factor
                0x1ffff26c                rawImageBuffer
 COMMON         0x1ffff2ec       0x80 ./Sources/error_management.o
                0x1ffff2ec                referenceImage
 COMMON         0x1ffff36c        0x6 ./Generated_Code/AD_Converter.o
                0x1ffff36c                AdcLdd1_DeviceDataPtr
                0x1ffff370                AD_Converter_OutV
 COMMON         0x1ffff372        0x1 ./Generated_Code/Cpu.o
                0x1ffff372                SR_reg
                0x1ffff374                . = ALIGN (0x4)
 *fill*         0x1ffff373        0x1 
                0x1ffff374                __END_BSS = .
                0x1ffff374                PROVIDE (__bss_end__, __END_BSS)
                0x00006388                _romp_at = (___ROM_AT + SIZEOF (.data))

.romp           0x1ffff374       0x18 load address 0x00006388
                0x00006388                __S_romp = _romp_at
                0x1ffff374        0x4 LONG 0x6328 ___ROM_AT
                0x1ffff378        0x4 LONG 0x1ffff000 _sdata
                0x1ffff37c        0x4 LONG 0x60 ___data_size
                0x1ffff380        0x4 LONG 0x0
                0x1ffff384        0x4 LONG 0x0
                0x1ffff388        0x4 LONG 0x0
                0x00020000                text_end = (ORIGIN (m_text) + 0x1fbf0)
                0x000063a0                data_init_end = ((___ROM_AT + SIZEOF (.data)) + SIZEOF (.romp))
                0x00000001                ASSERT ((data_init_end <= text_end), region m_text overflowed with text and data)

._user_heap_stack
                0x1ffff38c      0x400 load address 0x000063a0
                0x1ffff38c                . = ALIGN (0x4)
                0x1ffff38c                PROVIDE (end, .)
                0x1ffff38c                PROVIDE (_end, .)
                0x1ffff38c                PROVIDE (__end__, .)
                0x1ffff38c                __heap_addr = .
                0x1ffff38c                __HeapBase = .
                0x1ffff38c                . = (. + __heap_size)
                0x1ffff38c                __HeapLimit = .
                0x1ffff78c                . = (. + __stack_size)
 *fill*         0x1ffff38c      0x400 
                0x1ffff78c                . = ALIGN (0x4)

.ARM.attributes
                0x00000000       0x28
 *(.ARM.attributes)
 .ARM.attributes
                0x00000000       0x1e /opt/Freescale/KDS_v3/toolchain/bin/../lib/gcc/arm-none-eabi/4.8.4/armv6-m/crti.o
 .ARM.attributes
                0x0000001e       0x2c /opt/Freescale/KDS_v3/toolchain/bin/../lib/gcc/arm-none-eabi/4.8.4/armv6-m/crtbegin.o
 .ARM.attributes
                0x0000004a       0x1b /opt/Freescale/KDS_v3/toolchain/bin/../lib/gcc/arm-none-eabi/4.8.4/../../../../arm-none-eabi/lib/armv6-m/crt0.o
 .ARM.attributes
                0x00000065       0x32 ./Sources/Events.o
 .ARM.attributes
                0x00000097       0x32 ./Sources/SystemController.o
 .ARM.attributes
                0x000000c9       0x32 ./Sources/battery_lib.o
 .ARM.attributes
                0x000000fb       0x32 ./Sources/camera_lib.o
 .ARM.attributes
                0x0000012d       0x32 ./Sources/dc_motor_lib.o
 .ARM.attributes
                0x0000015f       0x32 ./Sources/error_management.o
 .ARM.attributes
                0x00000191       0x32 ./Sources/image_processing_lib.o
 .ARM.attributes
                0x000001c3       0x32 ./Sources/main.o
 .ARM.attributes
                0x000001f5       0x32 ./Sources/pid.o
 .ARM.attributes
                0x00000227       0x32 ./Sources/serial_communication_lib.o
 .ARM.attributes
                0x00000259       0x32 ./Sources/servo_lib.o
 .ARM.attributes
                0x0000028b       0x32 ./Project_Settings/Startup_Code/startup.o
 .ARM.attributes
                0x000002bd       0x32 ./Generated_Code/AD_Converter.o
 .ARM.attributes
                0x000002ef       0x32 ./Generated_Code/AdcLdd1.o
 .ARM.attributes
                0x00000321       0x32 ./Generated_Code/BitIoLdd1.o
 .ARM.attributes
                0x00000353       0x32 ./Generated_Code/BitIoLdd10.o
 .ARM.attributes
                0x00000385       0x32 ./Generated_Code/BitIoLdd11.o
 .ARM.attributes
                0x000003b7       0x32 ./Generated_Code/BitIoLdd12.o
 .ARM.attributes
                0x000003e9       0x32 ./Generated_Code/BitIoLdd13.o
 .ARM.attributes
                0x0000041b       0x32 ./Generated_Code/BitIoLdd14.o
 .ARM.attributes
                0x0000044d       0x32 ./Generated_Code/BitIoLdd2.o
 .ARM.attributes
                0x0000047f       0x32 ./Generated_Code/BitIoLdd3.o
 .ARM.attributes
                0x000004b1       0x32 ./Generated_Code/BitIoLdd4.o
 .ARM.attributes
                0x000004e3       0x32 ./Generated_Code/BitIoLdd5.o
 .ARM.attributes
                0x00000515       0x32 ./Generated_Code/BitIoLdd6.o
 .ARM.attributes
                0x00000547       0x32 ./Generated_Code/BitIoLdd7.o
 .ARM.attributes
                0x00000579       0x32 ./Generated_Code/BitIoLdd8.o
 .ARM.attributes
                0x000005ab       0x32 ./Generated_Code/BitIoLdd9.o
 .ARM.attributes
                0x000005dd       0x32 ./Generated_Code/Camera_CLK_Interruption.o
 .ARM.attributes
                0x0000060f       0x32 ./Generated_Code/Cpu.o
 .ARM.attributes
                0x00000641       0x32 ./Generated_Code/PE_LDD.o
 .ARM.attributes
                0x00000673       0x32 ./Generated_Code/PwmLdd1.o
 .ARM.attributes
                0x000006a5       0x32 ./Generated_Code/PwmLdd2.o
 .ARM.attributes
                0x000006d7       0x32 ./Generated_Code/PwmLdd3.o
 .ARM.attributes
                0x00000709       0x32 ./Generated_Code/PwmLdd4.o
 .ARM.attributes
                0x0000073b       0x32 ./Generated_Code/PwmLdd5.o
 .ARM.attributes
                0x0000076d       0x32 ./Generated_Code/SerialCom.o
 .ARM.attributes
                0x0000079f       0x32 ./Generated_Code/TU1.o
 .ARM.attributes
                0x000007d1       0x32 ./Generated_Code/TU2.o
 .ARM.attributes
                0x00000803       0x32 ./Generated_Code/TU3.o
 .ARM.attributes
                0x00000835       0x32 ./Generated_Code/TimerIntLdd1.o
 .ARM.attributes
                0x00000867       0x32 ./Generated_Code/Vectors.o
 .ARM.attributes
                0x00000899       0x1e /opt/Freescale/KDS_v3/toolchain/bin/../lib/gcc/arm-none-eabi/4.8.4/armv6-m/libgcc.a(_udivsi3.o)
 .ARM.attributes
                0x000008b7       0x1e /opt/Freescale/KDS_v3/toolchain/bin/../lib/gcc/arm-none-eabi/4.8.4/armv6-m/libgcc.a(_divsi3.o)
 .ARM.attributes
                0x000008d5       0x1e /opt/Freescale/KDS_v3/toolchain/bin/../lib/gcc/arm-none-eabi/4.8.4/armv6-m/libgcc.a(_dvmd_tls.o)
 .ARM.attributes
                0x000008f3       0x1e /opt/Freescale/KDS_v3/toolchain/bin/../lib/gcc/arm-none-eabi/4.8.4/armv6-m/libgcc.a(_arm_cmpdf2.o)
 .ARM.attributes
                0x00000911       0x1e /opt/Freescale/KDS_v3/toolchain/bin/../lib/gcc/arm-none-eabi/4.8.4/armv6-m/libgcc.a(_arm_cmpsf2.o)
 .ARM.attributes
                0x0000092f       0x2c /opt/Freescale/KDS_v3/toolchain/bin/../lib/gcc/arm-none-eabi/4.8.4/armv6-m/libgcc.a(_fixunssfsi.o)
 .ARM.attributes
                0x0000095b       0x2c /opt/Freescale/KDS_v3/toolchain/bin/../lib/gcc/arm-none-eabi/4.8.4/armv6-m/libgcc.a(addsf3.o)
 .ARM.attributes
                0x00000987       0x2c /opt/Freescale/KDS_v3/toolchain/bin/../lib/gcc/arm-none-eabi/4.8.4/armv6-m/libgcc.a(divsf3.o)
 .ARM.attributes
                0x000009b3       0x2c /opt/Freescale/KDS_v3/toolchain/bin/../lib/gcc/arm-none-eabi/4.8.4/armv6-m/libgcc.a(eqsf2.o)
 .ARM.attributes
                0x000009df       0x2c /opt/Freescale/KDS_v3/toolchain/bin/../lib/gcc/arm-none-eabi/4.8.4/armv6-m/libgcc.a(gesf2.o)
 .ARM.attributes
                0x00000a0b       0x2c /opt/Freescale/KDS_v3/toolchain/bin/../lib/gcc/arm-none-eabi/4.8.4/armv6-m/libgcc.a(lesf2.o)
 .ARM.attributes
                0x00000a37       0x2c /opt/Freescale/KDS_v3/toolchain/bin/../lib/gcc/arm-none-eabi/4.8.4/armv6-m/libgcc.a(mulsf3.o)
 .ARM.attributes
                0x00000a63       0x2c /opt/Freescale/KDS_v3/toolchain/bin/../lib/gcc/arm-none-eabi/4.8.4/armv6-m/libgcc.a(subsf3.o)
 .ARM.attributes
                0x00000a8f       0x2c /opt/Freescale/KDS_v3/toolchain/bin/../lib/gcc/arm-none-eabi/4.8.4/armv6-m/libgcc.a(fixsfsi.o)
 .ARM.attributes
                0x00000abb       0x2c /opt/Freescale/KDS_v3/toolchain/bin/../lib/gcc/arm-none-eabi/4.8.4/armv6-m/libgcc.a(floatsisf.o)
 .ARM.attributes
                0x00000ae7       0x2c /opt/Freescale/KDS_v3/toolchain/bin/../lib/gcc/arm-none-eabi/4.8.4/armv6-m/libgcc.a(floatunsisf.o)
 .ARM.attributes
                0x00000b13       0x2c /opt/Freescale/KDS_v3/toolchain/bin/../lib/gcc/arm-none-eabi/4.8.4/armv6-m/libgcc.a(adddf3.o)
 .ARM.attributes
                0x00000b3f       0x2c /opt/Freescale/KDS_v3/toolchain/bin/../lib/gcc/arm-none-eabi/4.8.4/armv6-m/libgcc.a(divdf3.o)
 .ARM.attributes
                0x00000b6b       0x2c /opt/Freescale/KDS_v3/toolchain/bin/../lib/gcc/arm-none-eabi/4.8.4/armv6-m/libgcc.a(eqdf2.o)
 .ARM.attributes
                0x00000b97       0x2c /opt/Freescale/KDS_v3/toolchain/bin/../lib/gcc/arm-none-eabi/4.8.4/armv6-m/libgcc.a(gedf2.o)
 .ARM.attributes
                0x00000bc3       0x2c /opt/Freescale/KDS_v3/toolchain/bin/../lib/gcc/arm-none-eabi/4.8.4/armv6-m/libgcc.a(ledf2.o)
 .ARM.attributes
                0x00000bef       0x2c /opt/Freescale/KDS_v3/toolchain/bin/../lib/gcc/arm-none-eabi/4.8.4/armv6-m/libgcc.a(muldf3.o)
 .ARM.attributes
                0x00000c1b       0x2c /opt/Freescale/KDS_v3/toolchain/bin/../lib/gcc/arm-none-eabi/4.8.4/armv6-m/libgcc.a(subdf3.o)
 .ARM.attributes
                0x00000c47       0x2c /opt/Freescale/KDS_v3/toolchain/bin/../lib/gcc/arm-none-eabi/4.8.4/armv6-m/libgcc.a(fixdfsi.o)
 .ARM.attributes
                0x00000c73       0x2c /opt/Freescale/KDS_v3/toolchain/bin/../lib/gcc/arm-none-eabi/4.8.4/armv6-m/libgcc.a(floatsidf.o)
 .ARM.attributes
                0x00000c9f       0x2c /opt/Freescale/KDS_v3/toolchain/bin/../lib/gcc/arm-none-eabi/4.8.4/armv6-m/libgcc.a(extendsfdf2.o)
 .ARM.attributes
                0x00000ccb       0x2c /opt/Freescale/KDS_v3/toolchain/bin/../lib/gcc/arm-none-eabi/4.8.4/armv6-m/libgcc.a(truncdfsf2.o)
 .ARM.attributes
                0x00000cf7       0x1e /opt/Freescale/KDS_v3/toolchain/bin/../lib/gcc/arm-none-eabi/4.8.4/armv6-m/libgcc.a(_clzsi2.o)
 .ARM.attributes
                0x00000d15       0x2c /opt/Freescale/KDS_v3/toolchain/bin/../lib/gcc/arm-none-eabi/4.8.4/../../../../arm-none-eabi/lib/armv6-m/libg_s.a(lib_a-exit.o)
 .ARM.attributes
                0x00000d41       0x2c /opt/Freescale/KDS_v3/toolchain/bin/../lib/gcc/arm-none-eabi/4.8.4/../../../../arm-none-eabi/lib/armv6-m/libg_s.a(lib_a-impure.o)
 .ARM.attributes
                0x00000d6d       0x2c /opt/Freescale/KDS_v3/toolchain/bin/../lib/gcc/arm-none-eabi/4.8.4/../../../../arm-none-eabi/lib/armv6-m/libg_s.a(lib_a-init.o)
 .ARM.attributes
                0x00000d99       0x2c /opt/Freescale/KDS_v3/toolchain/bin/../lib/gcc/arm-none-eabi/4.8.4/../../../../arm-none-eabi/lib/armv6-m/libg_s.a(lib_a-memset.o)
 .ARM.attributes
                0x00000dc5       0x2c /opt/Freescale/KDS_v3/toolchain/bin/../lib/gcc/arm-none-eabi/4.8.4/../../../../arm-none-eabi/lib/armv6-m/libnosys.a(_exit.o)
 .ARM.attributes
                0x00000df1       0x1e /opt/Freescale/KDS_v3/toolchain/bin/../lib/gcc/arm-none-eabi/4.8.4/armv6-m/crtn.o
OUTPUT(SDP_2016.elf elf32-littlearm)

.debug_info     0x00000000     0x8df8
 .debug_info    0x00000000      0x29b ./Sources/Events.o
 .debug_info    0x0000029b      0x1f5 ./Sources/SystemController.o
 .debug_info    0x00000490      0x1b0 ./Sources/battery_lib.o
 .debug_info    0x00000640      0x20c ./Sources/camera_lib.o
 .debug_info    0x0000084c       0xdb ./Sources/dc_motor_lib.o
 .debug_info    0x00000927      0x1c1 ./Sources/error_management.o
 .debug_info    0x00000ae8      0x316 ./Sources/image_processing_lib.o
 .debug_info    0x00000dfe      0x2cb ./Sources/main.o
 .debug_info    0x000010c9      0x250 ./Sources/pid.o
 .debug_info    0x00001319      0x2bd ./Sources/serial_communication_lib.o
 .debug_info    0x000015d6       0xcd ./Sources/servo_lib.o
 .debug_info    0x000016a3      0x20a ./Project_Settings/Startup_Code/startup.o
 .debug_info    0x000018ad      0x405 ./Generated_Code/AD_Converter.o
 .debug_info    0x00001cb2      0x8da ./Generated_Code/AdcLdd1.o
 .debug_info    0x0000258c      0x3a7 ./Generated_Code/BitIoLdd1.o
 .debug_info    0x00002933      0x381 ./Generated_Code/BitIoLdd10.o
 .debug_info    0x00002cb4      0x381 ./Generated_Code/BitIoLdd11.o
 .debug_info    0x00003035      0x307 ./Generated_Code/BitIoLdd12.o
 .debug_info    0x0000333c      0x307 ./Generated_Code/BitIoLdd13.o
 .debug_info    0x00003643      0x307 ./Generated_Code/BitIoLdd14.o
 .debug_info    0x0000394a      0x3a7 ./Generated_Code/BitIoLdd2.o
 .debug_info    0x00003cf1      0x307 ./Generated_Code/BitIoLdd3.o
 .debug_info    0x00003ff8      0x30e ./Generated_Code/BitIoLdd4.o
 .debug_info    0x00004306      0x332 ./Generated_Code/BitIoLdd5.o
 .debug_info    0x00004638      0x332 ./Generated_Code/BitIoLdd6.o
 .debug_info    0x0000496a      0x332 ./Generated_Code/BitIoLdd7.o
 .debug_info    0x00004c9c      0x332 ./Generated_Code/BitIoLdd8.o
 .debug_info    0x00004fce      0x381 ./Generated_Code/BitIoLdd9.o
 .debug_info    0x0000534f      0x1d9 ./Generated_Code/Camera_CLK_Interruption.o
 .debug_info    0x00005528      0x965 ./Generated_Code/Cpu.o
 .debug_info    0x00005e8d      0x251 ./Generated_Code/PE_LDD.o
 .debug_info    0x000060de      0x231 ./Generated_Code/PwmLdd1.o
 .debug_info    0x0000630f      0x231 ./Generated_Code/PwmLdd2.o
 .debug_info    0x00006540      0x231 ./Generated_Code/PwmLdd3.o
 .debug_info    0x00006771      0x231 ./Generated_Code/PwmLdd4.o
 .debug_info    0x000069a2      0x346 ./Generated_Code/PwmLdd5.o
 .debug_info    0x00006ce8      0x89b ./Generated_Code/SerialCom.o
 .debug_info    0x00007583      0x5f3 ./Generated_Code/TU1.o
 .debug_info    0x00007b76      0x69f ./Generated_Code/TU2.o
 .debug_info    0x00008215      0x745 ./Generated_Code/TU3.o
 .debug_info    0x0000895a      0x26d ./Generated_Code/TimerIntLdd1.o
 .debug_info    0x00008bc7      0x231 ./Generated_Code/Vectors.o

.debug_abbrev   0x00000000     0x2e65
 .debug_abbrev  0x00000000      0x12a ./Sources/Events.o
 .debug_abbrev  0x0000012a       0xa5 ./Sources/SystemController.o
 .debug_abbrev  0x000001cf       0xd4 ./Sources/battery_lib.o
 .debug_abbrev  0x000002a3      0x117 ./Sources/camera_lib.o
 .debug_abbrev  0x000003ba       0x89 ./Sources/dc_motor_lib.o
 .debug_abbrev  0x00000443       0xa7 ./Sources/error_management.o
 .debug_abbrev  0x000004ea      0x10b ./Sources/image_processing_lib.o
 .debug_abbrev  0x000005f5       0xef ./Sources/main.o
 .debug_abbrev  0x000006e4      0x108 ./Sources/pid.o
 .debug_abbrev  0x000007ec      0x10f ./Sources/serial_communication_lib.o
 .debug_abbrev  0x000008fb       0x89 ./Sources/servo_lib.o
 .debug_abbrev  0x00000984      0x11e ./Project_Settings/Startup_Code/startup.o
 .debug_abbrev  0x00000aa2      0x190 ./Generated_Code/AD_Converter.o
 .debug_abbrev  0x00000c32      0x1e3 ./Generated_Code/AdcLdd1.o
 .debug_abbrev  0x00000e15      0x15f ./Generated_Code/BitIoLdd1.o
 .debug_abbrev  0x00000f74      0x136 ./Generated_Code/BitIoLdd10.o
 .debug_abbrev  0x000010aa      0x136 ./Generated_Code/BitIoLdd11.o
 .debug_abbrev  0x000011e0      0x10d ./Generated_Code/BitIoLdd12.o
 .debug_abbrev  0x000012ed      0x10d ./Generated_Code/BitIoLdd13.o
 .debug_abbrev  0x000013fa      0x10d ./Generated_Code/BitIoLdd14.o
 .debug_abbrev  0x00001507      0x15f ./Generated_Code/BitIoLdd2.o
 .debug_abbrev  0x00001666      0x10d ./Generated_Code/BitIoLdd3.o
 .debug_abbrev  0x00001773      0x127 ./Generated_Code/BitIoLdd4.o
 .debug_abbrev  0x0000189a      0x127 ./Generated_Code/BitIoLdd5.o
 .debug_abbrev  0x000019c1      0x127 ./Generated_Code/BitIoLdd6.o
 .debug_abbrev  0x00001ae8      0x127 ./Generated_Code/BitIoLdd7.o
 .debug_abbrev  0x00001c0f      0x127 ./Generated_Code/BitIoLdd8.o
 .debug_abbrev  0x00001d36      0x136 ./Generated_Code/BitIoLdd9.o
 .debug_abbrev  0x00001e6c       0xa1 ./Generated_Code/Camera_CLK_Interruption.o
 .debug_abbrev  0x00001f0d      0x160 ./Generated_Code/Cpu.o
 .debug_abbrev  0x0000206d      0x10d ./Generated_Code/PE_LDD.o
 .debug_abbrev  0x0000217a       0xdb ./Generated_Code/PwmLdd1.o
 .debug_abbrev  0x00002255       0xdb ./Generated_Code/PwmLdd2.o
 .debug_abbrev  0x00002330       0xdb ./Generated_Code/PwmLdd3.o
 .debug_abbrev  0x0000240b       0xdb ./Generated_Code/PwmLdd4.o
 .debug_abbrev  0x000024e6      0x122 ./Generated_Code/PwmLdd5.o
 .debug_abbrev  0x00002608      0x1f2 ./Generated_Code/SerialCom.o
 .debug_abbrev  0x000027fa      0x195 ./Generated_Code/TU1.o
 .debug_abbrev  0x0000298f      0x198 ./Generated_Code/TU2.o
 .debug_abbrev  0x00002b27      0x198 ./Generated_Code/TU3.o
 .debug_abbrev  0x00002cbf       0xfb ./Generated_Code/TimerIntLdd1.o
 .debug_abbrev  0x00002dba       0xab ./Generated_Code/Vectors.o

.debug_aranges  0x00000000      0x940
 .debug_aranges
                0x00000000       0x38 ./Sources/Events.o
 .debug_aranges
                0x00000038       0x28 ./Sources/SystemController.o
 .debug_aranges
                0x00000060       0x30 ./Sources/battery_lib.o
 .debug_aranges
                0x00000090       0x30 ./Sources/camera_lib.o
 .debug_aranges
                0x000000c0       0x20 ./Sources/dc_motor_lib.o
 .debug_aranges
                0x000000e0       0x20 ./Sources/error_management.o
 .debug_aranges
                0x00000100       0x40 ./Sources/image_processing_lib.o
 .debug_aranges
                0x00000140       0x20 ./Sources/main.o
 .debug_aranges
                0x00000160       0x40 ./Sources/pid.o
 .debug_aranges
                0x000001a0       0x50 ./Sources/serial_communication_lib.o
 .debug_aranges
                0x000001f0       0x20 ./Sources/servo_lib.o
 .debug_aranges
                0x00000210       0x50 ./Project_Settings/Startup_Code/startup.o
 .debug_aranges
                0x00000260       0x60 ./Generated_Code/AD_Converter.o
 .debug_aranges
                0x000002c0       0x60 ./Generated_Code/AdcLdd1.o
 .debug_aranges
                0x00000320       0x48 ./Generated_Code/BitIoLdd1.o
 .debug_aranges
                0x00000368       0x40 ./Generated_Code/BitIoLdd10.o
 .debug_aranges
                0x000003a8       0x40 ./Generated_Code/BitIoLdd11.o
 .debug_aranges
                0x000003e8       0x28 ./Generated_Code/BitIoLdd12.o
 .debug_aranges
                0x00000410       0x28 ./Generated_Code/BitIoLdd13.o
 .debug_aranges
                0x00000438       0x28 ./Generated_Code/BitIoLdd14.o
 .debug_aranges
                0x00000460       0x48 ./Generated_Code/BitIoLdd2.o
 .debug_aranges
                0x000004a8       0x28 ./Generated_Code/BitIoLdd3.o
 .debug_aranges
                0x000004d0       0x30 ./Generated_Code/BitIoLdd4.o
 .debug_aranges
                0x00000500       0x38 ./Generated_Code/BitIoLdd5.o
 .debug_aranges
                0x00000538       0x38 ./Generated_Code/BitIoLdd6.o
 .debug_aranges
                0x00000570       0x38 ./Generated_Code/BitIoLdd7.o
 .debug_aranges
                0x000005a8       0x38 ./Generated_Code/BitIoLdd8.o
 .debug_aranges
                0x000005e0       0x40 ./Generated_Code/BitIoLdd9.o
 .debug_aranges
                0x00000620       0x20 ./Generated_Code/Camera_CLK_Interruption.o
 .debug_aranges
                0x00000640       0x38 ./Generated_Code/Cpu.o
 .debug_aranges
                0x00000678       0x30 ./Generated_Code/PE_LDD.o
 .debug_aranges
                0x000006a8       0x30 ./Generated_Code/PwmLdd1.o
 .debug_aranges
                0x000006d8       0x30 ./Generated_Code/PwmLdd2.o
 .debug_aranges
                0x00000708       0x30 ./Generated_Code/PwmLdd3.o
 .debug_aranges
                0x00000738       0x30 ./Generated_Code/PwmLdd4.o
 .debug_aranges
                0x00000768       0x50 ./Generated_Code/PwmLdd5.o
 .debug_aranges
                0x000007b8       0x48 ./Generated_Code/SerialCom.o
 .debug_aranges
                0x00000800       0x40 ./Generated_Code/TU1.o
 .debug_aranges
                0x00000840       0x48 ./Generated_Code/TU2.o
 .debug_aranges
                0x00000888       0x60 ./Generated_Code/TU3.o
 .debug_aranges
                0x000008e8       0x40 ./Generated_Code/TimerIntLdd1.o
 .debug_aranges
                0x00000928       0x18 ./Generated_Code/Vectors.o

.debug_ranges   0x00000000      0x698
 .debug_ranges  0x00000000       0x28 ./Sources/Events.o
 .debug_ranges  0x00000028       0x18 ./Sources/SystemController.o
 .debug_ranges  0x00000040       0x20 ./Sources/battery_lib.o
 .debug_ranges  0x00000060       0x20 ./Sources/camera_lib.o
 .debug_ranges  0x00000080       0x10 ./Sources/dc_motor_lib.o
 .debug_ranges  0x00000090       0x10 ./Sources/error_management.o
 .debug_ranges  0x000000a0       0x30 ./Sources/image_processing_lib.o
 .debug_ranges  0x000000d0       0x10 ./Sources/main.o
 .debug_ranges  0x000000e0       0x30 ./Sources/pid.o
 .debug_ranges  0x00000110       0x40 ./Sources/serial_communication_lib.o
 .debug_ranges  0x00000150       0x10 ./Sources/servo_lib.o
 .debug_ranges  0x00000160       0x40 ./Project_Settings/Startup_Code/startup.o
 .debug_ranges  0x000001a0       0x50 ./Generated_Code/AD_Converter.o
 .debug_ranges  0x000001f0       0x50 ./Generated_Code/AdcLdd1.o
 .debug_ranges  0x00000240       0x38 ./Generated_Code/BitIoLdd1.o
 .debug_ranges  0x00000278       0x30 ./Generated_Code/BitIoLdd10.o
 .debug_ranges  0x000002a8       0x30 ./Generated_Code/BitIoLdd11.o
 .debug_ranges  0x000002d8       0x18 ./Generated_Code/BitIoLdd12.o
 .debug_ranges  0x000002f0       0x18 ./Generated_Code/BitIoLdd13.o
 .debug_ranges  0x00000308       0x18 ./Generated_Code/BitIoLdd14.o
 .debug_ranges  0x00000320       0x38 ./Generated_Code/BitIoLdd2.o
 .debug_ranges  0x00000358       0x18 ./Generated_Code/BitIoLdd3.o
 .debug_ranges  0x00000370       0x20 ./Generated_Code/BitIoLdd4.o
 .debug_ranges  0x00000390       0x28 ./Generated_Code/BitIoLdd5.o
 .debug_ranges  0x000003b8       0x28 ./Generated_Code/BitIoLdd6.o
 .debug_ranges  0x000003e0       0x28 ./Generated_Code/BitIoLdd7.o
 .debug_ranges  0x00000408       0x28 ./Generated_Code/BitIoLdd8.o
 .debug_ranges  0x00000430       0x30 ./Generated_Code/BitIoLdd9.o
 .debug_ranges  0x00000460       0x10 ./Generated_Code/Camera_CLK_Interruption.o
 .debug_ranges  0x00000470       0x28 ./Generated_Code/Cpu.o
 .debug_ranges  0x00000498       0x20 ./Generated_Code/PE_LDD.o
 .debug_ranges  0x000004b8       0x20 ./Generated_Code/PwmLdd1.o
 .debug_ranges  0x000004d8       0x20 ./Generated_Code/PwmLdd2.o
 .debug_ranges  0x000004f8       0x20 ./Generated_Code/PwmLdd3.o
 .debug_ranges  0x00000518       0x20 ./Generated_Code/PwmLdd4.o
 .debug_ranges  0x00000538       0x40 ./Generated_Code/PwmLdd5.o
 .debug_ranges  0x00000578       0x38 ./Generated_Code/SerialCom.o
 .debug_ranges  0x000005b0       0x30 ./Generated_Code/TU1.o
 .debug_ranges  0x000005e0       0x38 ./Generated_Code/TU2.o
 .debug_ranges  0x00000618       0x50 ./Generated_Code/TU3.o
 .debug_ranges  0x00000668       0x30 ./Generated_Code/TimerIntLdd1.o

.debug_macro    0x00000000    0x162f1
 .debug_macro   0x00000000      0x3b6 ./Sources/Events.o
 .debug_macro   0x000003b6      0x802 ./Sources/Events.o
 .debug_macro   0x00000bb8       0x16 ./Sources/Events.o
 .debug_macro   0x00000bce       0x44 ./Sources/Events.o
 .debug_macro   0x00000c12      0x209 ./Sources/Events.o
 .debug_macro   0x00000e1b     0x1617 ./Sources/Events.o
 .debug_macro   0x00002432      0x14e ./Sources/Events.o
 .debug_macro   0x00002580       0x64 ./Sources/Events.o
 .debug_macro   0x000025e4     0x6691 ./Sources/Events.o
 .debug_macro   0x00008c75       0x94 ./Sources/Events.o
 .debug_macro   0x00008d09       0x43 ./Sources/Events.o
 .debug_macro   0x00008d4c       0x10 ./Sources/Events.o
 .debug_macro   0x00008d5c       0x94 ./Sources/Events.o
 .debug_macro   0x00008df0      0x12c ./Sources/Events.o
 .debug_macro   0x00008f1c       0x3a ./Sources/Events.o
 .debug_macro   0x00008f56       0x17 ./Sources/Events.o
 .debug_macro   0x00008f6d       0x40 ./Sources/Events.o
 .debug_macro   0x00008fad       0x17 ./Sources/Events.o
 .debug_macro   0x00008fc4       0x40 ./Sources/Events.o
 .debug_macro   0x00009004       0x17 ./Sources/Events.o
 .debug_macro   0x0000901b       0x40 ./Sources/Events.o
 .debug_macro   0x0000905b       0x17 ./Sources/Events.o
 .debug_macro   0x00009072      0x61c ./Sources/Events.o
 .debug_macro   0x0000968e       0x89 ./Sources/Events.o
 .debug_macro   0x00009717       0x10 ./Sources/Events.o
 .debug_macro   0x00009727       0xbb ./Sources/Events.o
 .debug_macro   0x000097e2       0x62 ./Sources/Events.o
 .debug_macro   0x00009844       0x2f ./Sources/Events.o
 .debug_macro   0x00009873       0x1f ./Sources/Events.o
 .debug_macro   0x00009892       0x4c ./Sources/Events.o
 .debug_macro   0x000098de       0x26 ./Sources/Events.o
 .debug_macro   0x00009904       0x4c ./Sources/Events.o
 .debug_macro   0x00009950       0x26 ./Sources/Events.o
 .debug_macro   0x00009976       0x3a ./Sources/Events.o
 .debug_macro   0x000099b0       0x10 ./Sources/Events.o
 .debug_macro   0x000099c0      0x1dc ./Sources/Events.o
 .debug_macro   0x00009b9c       0x89 ./Sources/Events.o
 .debug_macro   0x00009c25       0x28 ./Sources/Events.o
 .debug_macro   0x00009c4d       0x17 ./Sources/Events.o
 .debug_macro   0x00009c64       0x2e ./Sources/Events.o
 .debug_macro   0x00009c92       0x17 ./Sources/Events.o
 .debug_macro   0x00009ca9       0x2e ./Sources/Events.o
 .debug_macro   0x00009cd7       0x17 ./Sources/Events.o
 .debug_macro   0x00009cee       0x2e ./Sources/Events.o
 .debug_macro   0x00009d1c       0x17 ./Sources/Events.o
 .debug_macro   0x00009d33       0x8f ./Sources/Events.o
 .debug_macro   0x00009dc2       0x46 ./Sources/Events.o
 .debug_macro   0x00009e08       0x32 ./Sources/Events.o
 .debug_macro   0x00009e3a       0x34 ./Sources/Events.o
 .debug_macro   0x00009e6e       0x46 ./Sources/Events.o
 .debug_macro   0x00009eb4       0x1f ./Sources/Events.o
 .debug_macro   0x00009ed3       0x46 ./Sources/Events.o
 .debug_macro   0x00009f19       0x1f ./Sources/Events.o
 .debug_macro   0x00009f38       0x34 ./Sources/Events.o
 .debug_macro   0x00009f6c       0x34 ./Sources/Events.o
 .debug_macro   0x00009fa0       0x34 ./Sources/Events.o
 .debug_macro   0x00009fd4       0x46 ./Sources/Events.o
 .debug_macro   0x0000a01a       0x1f ./Sources/Events.o
 .debug_macro   0x0000a039      0x21d ./Sources/SystemController.o
 .debug_macro   0x0000a256       0xb5 ./Sources/SystemController.o
 .debug_macro   0x0000a30b      0x132 ./Sources/SystemController.o
 .debug_macro   0x0000a43d       0x34 ./Sources/SystemController.o
 .debug_macro   0x0000a471       0x1c ./Sources/SystemController.o
 .debug_macro   0x0000a48d      0x175 ./Sources/battery_lib.o
 .debug_macro   0x0000a602       0xf6 ./Sources/camera_lib.o
 .debug_macro   0x0000a6f8      0x157 ./Sources/dc_motor_lib.o
 .debug_macro   0x0000a84f       0x9a ./Sources/dc_motor_lib.o
 .debug_macro   0x0000a8e9      0x10a ./Sources/error_management.o
 .debug_macro   0x0000a9f3      0x100 ./Sources/image_processing_lib.o
 .debug_macro   0x0000aaf3      0x400 ./Sources/main.o
 .debug_macro   0x0000aef3       0x1c ./Sources/main.o
 .debug_macro   0x0000af0f      0x108 ./Sources/pid.o
 .debug_macro   0x0000b017       0x40 ./Sources/pid.o
 .debug_macro   0x0000b057       0xa7 ./Sources/serial_communication_lib.o
 .debug_macro   0x0000b0fe       0xd3 ./Sources/servo_lib.o
 .debug_macro   0x0000b1d1      0x1d6 ./Sources/servo_lib.o
 .debug_macro   0x0000b3a7       0x89 ./Sources/servo_lib.o
 .debug_macro   0x0000b430      0x121 ./Project_Settings/Startup_Code/startup.o
 .debug_macro   0x0000b551       0x58 ./Project_Settings/Startup_Code/startup.o
 .debug_macro   0x0000b5a9       0x35 ./Project_Settings/Startup_Code/startup.o
 .debug_macro   0x0000b5de       0xa3 ./Project_Settings/Startup_Code/startup.o
 .debug_macro   0x0000b681      0x166 ./Project_Settings/Startup_Code/startup.o
 .debug_macro   0x0000b7e7       0x4a ./Project_Settings/Startup_Code/startup.o
 .debug_macro   0x0000b831       0x52 ./Project_Settings/Startup_Code/startup.o
 .debug_macro   0x0000b883       0x16 ./Project_Settings/Startup_Code/startup.o
 .debug_macro   0x0000b899       0x43 ./Project_Settings/Startup_Code/startup.o
 .debug_macro   0x0000b8dc      0x180 ./Project_Settings/Startup_Code/startup.o
 .debug_macro   0x0000ba5c      0x2a6 ./Project_Settings/Startup_Code/startup.o
 .debug_macro   0x0000bd02       0x10 ./Project_Settings/Startup_Code/startup.o
 .debug_macro   0x0000bd12       0x35 ./Project_Settings/Startup_Code/startup.o
 .debug_macro   0x0000bd47       0x16 ./Project_Settings/Startup_Code/startup.o
 .debug_macro   0x0000bd5d       0x22 ./Project_Settings/Startup_Code/startup.o
 .debug_macro   0x0000bd7f       0x10 ./Project_Settings/Startup_Code/startup.o
 .debug_macro   0x0000bd8f      0x20f ./Project_Settings/Startup_Code/startup.o
 .debug_macro   0x0000bf9e     0x6685 ./Project_Settings/Startup_Code/startup.o
 .debug_macro   0x00012623      0x3d4 ./Generated_Code/AD_Converter.o
 .debug_macro   0x000129f7       0xd3 ./Generated_Code/AdcLdd1.o
 .debug_macro   0x00012aca      0x616 ./Generated_Code/AdcLdd1.o
 .debug_macro   0x000130e0       0xa6 ./Generated_Code/BitIoLdd1.o
 .debug_macro   0x00013186       0x46 ./Generated_Code/BitIoLdd1.o
 .debug_macro   0x000131cc       0xa6 ./Generated_Code/BitIoLdd10.o
 .debug_macro   0x00013272       0x40 ./Generated_Code/BitIoLdd10.o
 .debug_macro   0x000132b2       0xa6 ./Generated_Code/BitIoLdd11.o
 .debug_macro   0x00013358       0xa6 ./Generated_Code/BitIoLdd12.o
 .debug_macro   0x000133fe       0x2e ./Generated_Code/BitIoLdd12.o
 .debug_macro   0x0001342c       0xa6 ./Generated_Code/BitIoLdd13.o
 .debug_macro   0x000134d2       0x2e ./Generated_Code/BitIoLdd13.o
 .debug_macro   0x00013500       0xa6 ./Generated_Code/BitIoLdd14.o
 .debug_macro   0x000135a6       0x2e ./Generated_Code/BitIoLdd14.o
 .debug_macro   0x000135d4       0xa6 ./Generated_Code/BitIoLdd2.o
 .debug_macro   0x0001367a       0x46 ./Generated_Code/BitIoLdd2.o
 .debug_macro   0x000136c0       0xa6 ./Generated_Code/BitIoLdd3.o
 .debug_macro   0x00013766       0x2e ./Generated_Code/BitIoLdd3.o
 .debug_macro   0x00013794       0xa6 ./Generated_Code/BitIoLdd4.o
 .debug_macro   0x0001383a       0xa6 ./Generated_Code/BitIoLdd5.o
 .debug_macro   0x000138e0       0xa6 ./Generated_Code/BitIoLdd6.o
 .debug_macro   0x00013986       0x3a ./Generated_Code/BitIoLdd6.o
 .debug_macro   0x000139c0       0xa6 ./Generated_Code/BitIoLdd7.o
 .debug_macro   0x00013a66       0x3a ./Generated_Code/BitIoLdd7.o
 .debug_macro   0x00013aa0       0xa6 ./Generated_Code/BitIoLdd8.o
 .debug_macro   0x00013b46       0x3a ./Generated_Code/BitIoLdd8.o
 .debug_macro   0x00013b80       0xa6 ./Generated_Code/BitIoLdd9.o
 .debug_macro   0x00013c26       0x40 ./Generated_Code/BitIoLdd9.o
 .debug_macro   0x00013c66      0x3b6 ./Generated_Code/Camera_CLK_Interruption.o
 .debug_macro   0x0001401c      0x415 ./Generated_Code/Cpu.o
 .debug_macro   0x00014431       0x49 ./Generated_Code/Cpu.o
 .debug_macro   0x0001447a       0x40 ./Generated_Code/Cpu.o
 .debug_macro   0x000144ba      0x309 ./Generated_Code/PE_LDD.o
 .debug_macro   0x000147c3       0xbe ./Generated_Code/PwmLdd1.o
 .debug_macro   0x00014881       0xbe ./Generated_Code/PwmLdd2.o
 .debug_macro   0x0001493f       0xbe ./Generated_Code/PwmLdd3.o
 .debug_macro   0x000149fd       0xbe ./Generated_Code/PwmLdd4.o
 .debug_macro   0x00014abb       0xbb ./Generated_Code/PwmLdd5.o
 .debug_macro   0x00014b76      0x3e3 ./Generated_Code/SerialCom.o
 .debug_macro   0x00014f59      0x303 ./Generated_Code/SerialCom.o
 .debug_macro   0x0001525c      0x99c ./Generated_Code/SerialCom.o
 .debug_macro   0x00015bf8       0xbb ./Generated_Code/TU1.o
 .debug_macro   0x00015cb3       0xbc ./Generated_Code/TU2.o
 .debug_macro   0x00015d6f       0xb4 ./Generated_Code/TU3.o
 .debug_macro   0x00015e23       0xca ./Generated_Code/TimerIntLdd1.o
 .debug_macro   0x00015eed      0x404 ./Generated_Code/Vectors.o

.debug_line     0x00000000     0x9f1a
 .debug_line    0x00000000      0x665 ./Sources/Events.o
 .debug_line    0x00000665      0x483 ./Sources/SystemController.o
 .debug_line    0x00000ae8      0x412 ./Sources/battery_lib.o
 .debug_line    0x00000efa      0x381 ./Sources/camera_lib.o
 .debug_line    0x0000127b      0x393 ./Sources/dc_motor_lib.o
 .debug_line    0x0000160e      0x362 ./Sources/error_management.o
 .debug_line    0x00001970      0x3f1 ./Sources/image_processing_lib.o
 .debug_line    0x00001d61      0x6ab ./Sources/main.o
 .debug_line    0x0000240c      0x383 ./Sources/pid.o
 .debug_line    0x0000278f      0x367 ./Sources/serial_communication_lib.o
 .debug_line    0x00002af6      0x2c1 ./Sources/servo_lib.o
 .debug_line    0x00002db7      0x3c8 ./Project_Settings/Startup_Code/startup.o
 .debug_line    0x0000317f      0x6f4 ./Generated_Code/AD_Converter.o
 .debug_line    0x00003873      0x37a ./Generated_Code/AdcLdd1.o
 .debug_line    0x00003bed      0x2c8 ./Generated_Code/BitIoLdd1.o
 .debug_line    0x00003eb5      0x2b8 ./Generated_Code/BitIoLdd10.o
 .debug_line    0x0000416d      0x2b8 ./Generated_Code/BitIoLdd11.o
 .debug_line    0x00004425      0x27f ./Generated_Code/BitIoLdd12.o
 .debug_line    0x000046a4      0x27f ./Generated_Code/BitIoLdd13.o
 .debug_line    0x00004923      0x27f ./Generated_Code/BitIoLdd14.o
 .debug_line    0x00004ba2      0x2c8 ./Generated_Code/BitIoLdd2.o
 .debug_line    0x00004e6a      0x27d ./Generated_Code/BitIoLdd3.o
 .debug_line    0x000050e7      0x28e ./Generated_Code/BitIoLdd4.o
 .debug_line    0x00005375      0x2a0 ./Generated_Code/BitIoLdd5.o
 .debug_line    0x00005615      0x2a0 ./Generated_Code/BitIoLdd6.o
 .debug_line    0x000058b5      0x2a0 ./Generated_Code/BitIoLdd7.o
 .debug_line    0x00005b55      0x2a0 ./Generated_Code/BitIoLdd8.o
 .debug_line    0x00005df5      0x2b6 ./Generated_Code/BitIoLdd9.o
 .debug_line    0x000060ab      0x623 ./Generated_Code/Camera_CLK_Interruption.o
 .debug_line    0x000066ce      0x951 ./Generated_Code/Cpu.o
 .debug_line    0x0000701f      0x580 ./Generated_Code/PE_LDD.o
 .debug_line    0x0000759f      0x29e ./Generated_Code/PwmLdd1.o
 .debug_line    0x0000783d      0x29e ./Generated_Code/PwmLdd2.o
 .debug_line    0x00007adb      0x29e ./Generated_Code/PwmLdd3.o
 .debug_line    0x00007d79      0x29e ./Generated_Code/PwmLdd4.o
 .debug_line    0x00008017      0x2ff ./Generated_Code/PwmLdd5.o
 .debug_line    0x00008316      0x721 ./Generated_Code/SerialCom.o
 .debug_line    0x00008a37      0x2d4 ./Generated_Code/TU1.o
 .debug_line    0x00008d0b      0x30b ./Generated_Code/TU2.o
 .debug_line    0x00009016      0x337 ./Generated_Code/TU3.o
 .debug_line    0x0000934d      0x2fd ./Generated_Code/TimerIntLdd1.o
 .debug_line    0x0000964a      0x8d0 ./Generated_Code/Vectors.o

.debug_str      0x00000000    0x45f9e
 .debug_str     0x00000000    0x3702c ./Sources/Events.o
                              0x3743f (size before relaxing)
 .debug_str     0x0003702c      0x12b ./Sources/SystemController.o
                              0x30a17 (size before relaxing)
 .debug_str     0x00037157       0x81 ./Sources/battery_lib.o
                              0x324dd (size before relaxing)
 .debug_str     0x000371d8       0x57 ./Sources/camera_lib.o
                              0x2d481 (size before relaxing)
 .debug_str     0x0003722f       0x48 ./Sources/dc_motor_lib.o
                              0x2f00a (size before relaxing)
 .debug_str     0x00037277       0x8d ./Sources/error_management.o
                              0x2d452 (size before relaxing)
 .debug_str     0x00037304       0xb2 ./Sources/image_processing_lib.o
                              0x2d4c7 (size before relaxing)
 .debug_str     0x000373b6       0xd0 ./Sources/main.o
                              0x374f8 (size before relaxing)
 .debug_str     0x00037486       0x6e ./Sources/pid.o
                              0x2d2b0 (size before relaxing)
 .debug_str     0x000374f4       0xf8 ./Sources/serial_communication_lib.o
                              0x2c038 (size before relaxing)
 .debug_str     0x000375ec       0x33 ./Sources/servo_lib.o
                              0x2e258 (size before relaxing)
 .debug_str     0x0003761f     0x25f0 ./Project_Settings/Startup_Code/startup.o
                              0x27308 (size before relaxing)
 .debug_str     0x00039c0f      0x1b4 ./Generated_Code/AD_Converter.o
                              0x37542 (size before relaxing)
 .debug_str     0x00039dc3      0x4cd ./Generated_Code/AdcLdd1.o
                              0x3168e (size before relaxing)
 .debug_str     0x0003a290       0xf5 ./Generated_Code/BitIoLdd1.o
                              0x2ce81 (size before relaxing)
 .debug_str     0x0003a385       0xa8 ./Generated_Code/BitIoLdd10.o
                              0x2ce63 (size before relaxing)
 .debug_str     0x0003a42d       0xa8 ./Generated_Code/BitIoLdd11.o
                              0x2ce63 (size before relaxing)
 .debug_str     0x0003a4d5       0x72 ./Generated_Code/BitIoLdd12.o
                              0x2cdc7 (size before relaxing)
 .debug_str     0x0003a547       0x72 ./Generated_Code/BitIoLdd13.o
                              0x2cdc7 (size before relaxing)
 .debug_str     0x0003a5b9       0x72 ./Generated_Code/BitIoLdd14.o
                              0x2cdc7 (size before relaxing)
 .debug_str     0x0003a62b       0xb1 ./Generated_Code/BitIoLdd2.o
                              0x2ce81 (size before relaxing)
 .debug_str     0x0003a6dc       0x6d ./Generated_Code/BitIoLdd3.o
                              0x2cdbf (size before relaxing)
 .debug_str     0x0003a749       0x7e ./Generated_Code/BitIoLdd4.o
                              0x2cde3 (size before relaxing)
 .debug_str     0x0003a7c7       0x8f ./Generated_Code/BitIoLdd5.o
                              0x2ce11 (size before relaxing)
 .debug_str     0x0003a856       0x8f ./Generated_Code/BitIoLdd6.o
                              0x2ce11 (size before relaxing)
 .debug_str     0x0003a8e5       0x8f ./Generated_Code/BitIoLdd7.o
                              0x2ce11 (size before relaxing)
 .debug_str     0x0003a974       0x8f ./Generated_Code/BitIoLdd8.o
                              0x2ce11 (size before relaxing)
 .debug_str     0x0003aa03       0xa0 ./Generated_Code/BitIoLdd9.o
                              0x2ce55 (size before relaxing)
 .debug_str     0x0003aaa3       0x45 ./Generated_Code/Camera_CLK_Interruption.o
                              0x37388 (size before relaxing)
 .debug_str     0x0003aae8      0x19c ./Generated_Code/Cpu.o
                              0x3764b (size before relaxing)
 .debug_str     0x0003ac84      0x17e ./Generated_Code/PE_LDD.o
                              0x373ac (size before relaxing)
 .debug_str     0x0003ae02       0x8a ./Generated_Code/PwmLdd1.o
                              0x2e0ce (size before relaxing)
 .debug_str     0x0003ae8c       0x5d ./Generated_Code/PwmLdd2.o
                              0x2e0ce (size before relaxing)
 .debug_str     0x0003aee9       0x5d ./Generated_Code/PwmLdd3.o
                              0x2e0ce (size before relaxing)
 .debug_str     0x0003af46       0x4f ./Generated_Code/PwmLdd4.o
                              0x2e0ce (size before relaxing)
 .debug_str     0x0003af95       0xae ./Generated_Code/PwmLdd5.o
                              0x2e1a8 (size before relaxing)
 .debug_str     0x0003b043     0xa9f9 ./Generated_Code/SerialCom.o
                              0x41f7d (size before relaxing)
 .debug_str     0x00045a3c      0x141 ./Generated_Code/TU1.o
                              0x2d35b (size before relaxing)
 .debug_str     0x00045b7d      0x1f8 ./Generated_Code/TU2.o
                              0x2e244 (size before relaxing)
 .debug_str     0x00045d75      0x127 ./Generated_Code/TU3.o
                              0x2e237 (size before relaxing)
 .debug_str     0x00045e9c       0xe6 ./Generated_Code/TimerIntLdd1.o
                              0x2d39d (size before relaxing)
 .debug_str     0x00045f82       0x1c ./Generated_Code/Vectors.o
                              0x37392 (size before relaxing)

.comment        0x00000000       0x70
 .comment       0x00000000       0x70 ./Sources/Events.o
                                 0x71 (size before relaxing)
 .comment       0x00000000       0x71 ./Sources/SystemController.o
 .comment       0x00000000       0x71 ./Sources/battery_lib.o
 .comment       0x00000000       0x71 ./Sources/camera_lib.o
 .comment       0x00000000       0x71 ./Sources/dc_motor_lib.o
 .comment       0x00000000       0x71 ./Sources/error_management.o
 .comment       0x00000000       0x71 ./Sources/image_processing_lib.o
 .comment       0x00000000       0x71 ./Sources/main.o
 .comment       0x00000000       0x71 ./Sources/pid.o
 .comment       0x00000000       0x71 ./Sources/serial_communication_lib.o
 .comment       0x00000000       0x71 ./Sources/servo_lib.o
 .comment       0x00000000       0x71 ./Project_Settings/Startup_Code/startup.o
 .comment       0x00000000       0x71 ./Generated_Code/AD_Converter.o
 .comment       0x00000000       0x71 ./Generated_Code/AdcLdd1.o
 .comment       0x00000000       0x71 ./Generated_Code/BitIoLdd1.o
 .comment       0x00000000       0x71 ./Generated_Code/BitIoLdd10.o
 .comment       0x00000000       0x71 ./Generated_Code/BitIoLdd11.o
 .comment       0x00000000       0x71 ./Generated_Code/BitIoLdd12.o
 .comment       0x00000000       0x71 ./Generated_Code/BitIoLdd13.o
 .comment       0x00000000       0x71 ./Generated_Code/BitIoLdd14.o
 .comment       0x00000000       0x71 ./Generated_Code/BitIoLdd2.o
 .comment       0x00000000       0x71 ./Generated_Code/BitIoLdd3.o
 .comment       0x00000000       0x71 ./Generated_Code/BitIoLdd4.o
 .comment       0x00000000       0x71 ./Generated_Code/BitIoLdd5.o
 .comment       0x00000000       0x71 ./Generated_Code/BitIoLdd6.o
 .comment       0x00000000       0x71 ./Generated_Code/BitIoLdd7.o
 .comment       0x00000000       0x71 ./Generated_Code/BitIoLdd8.o
 .comment       0x00000000       0x71 ./Generated_Code/BitIoLdd9.o
 .comment       0x00000000       0x71 ./Generated_Code/Camera_CLK_Interruption.o
 .comment       0x00000000       0x71 ./Generated_Code/Cpu.o
 .comment       0x00000000       0x71 ./Generated_Code/PE_LDD.o
 .comment       0x00000000       0x71 ./Generated_Code/PwmLdd1.o
 .comment       0x00000000       0x71 ./Generated_Code/PwmLdd2.o
 .comment       0x00000000       0x71 ./Generated_Code/PwmLdd3.o
 .comment       0x00000000       0x71 ./Generated_Code/PwmLdd4.o
 .comment       0x00000000       0x71 ./Generated_Code/PwmLdd5.o
 .comment       0x00000000       0x71 ./Generated_Code/SerialCom.o
 .comment       0x00000000       0x71 ./Generated_Code/TU1.o
 .comment       0x00000000       0x71 ./Generated_Code/TU2.o
 .comment       0x00000000       0x71 ./Generated_Code/TU3.o
 .comment       0x00000000       0x71 ./Generated_Code/TimerIntLdd1.o
 .comment       0x00000000       0x71 ./Generated_Code/Vectors.o

.debug_frame    0x00000000     0x1cb0
 .debug_frame   0x00000000       0x84 ./Sources/Events.o
 .debug_frame   0x00000084       0x54 ./Sources/SystemController.o
 .debug_frame   0x000000d8       0x6c ./Sources/battery_lib.o
 .debug_frame   0x00000144       0x6c ./Sources/camera_lib.o
 .debug_frame   0x000001b0       0x30 ./Sources/dc_motor_lib.o
 .debug_frame   0x000001e0       0x34 ./Sources/error_management.o
 .debug_frame   0x00000214       0xb0 ./Sources/image_processing_lib.o
 .debug_frame   0x000002c4       0x30 ./Sources/main.o
 .debug_frame   0x000002f4       0xb4 ./Sources/pid.o
 .debug_frame   0x000003a8       0xec ./Sources/serial_communication_lib.o
 .debug_frame   0x00000494       0x30 ./Sources/servo_lib.o
 .debug_frame   0x000004c4       0xd0 ./Project_Settings/Startup_Code/startup.o
 .debug_frame   0x00000594      0x124 ./Generated_Code/AD_Converter.o
 .debug_frame   0x000006b8      0x130 ./Generated_Code/AdcLdd1.o
 .debug_frame   0x000007e8       0xd0 ./Generated_Code/BitIoLdd1.o
 .debug_frame   0x000008b8       0xb0 ./Generated_Code/BitIoLdd10.o
 .debug_frame   0x00000968       0xb0 ./Generated_Code/BitIoLdd11.o
 .debug_frame   0x00000a18       0x50 ./Generated_Code/BitIoLdd12.o
 .debug_frame   0x00000a68       0x50 ./Generated_Code/BitIoLdd13.o
 .debug_frame   0x00000ab8       0x50 ./Generated_Code/BitIoLdd14.o
 .debug_frame   0x00000b08       0xd0 ./Generated_Code/BitIoLdd2.o
 .debug_frame   0x00000bd8       0x50 ./Generated_Code/BitIoLdd3.o
 .debug_frame   0x00000c28       0x70 ./Generated_Code/BitIoLdd4.o
 .debug_frame   0x00000c98       0x90 ./Generated_Code/BitIoLdd5.o
 .debug_frame   0x00000d28       0x90 ./Generated_Code/BitIoLdd6.o
 .debug_frame   0x00000db8       0x90 ./Generated_Code/BitIoLdd7.o
 .debug_frame   0x00000e48       0x90 ./Generated_Code/BitIoLdd8.o
 .debug_frame   0x00000ed8       0xb0 ./Generated_Code/BitIoLdd9.o
 .debug_frame   0x00000f88       0x30 ./Generated_Code/Camera_CLK_Interruption.o
 .debug_frame   0x00000fb8       0x80 ./Generated_Code/Cpu.o
 .debug_frame   0x00001038       0x6c ./Generated_Code/PE_LDD.o
 .debug_frame   0x000010a4       0x70 ./Generated_Code/PwmLdd1.o
 .debug_frame   0x00001114       0x70 ./Generated_Code/PwmLdd2.o
 .debug_frame   0x00001184       0x70 ./Generated_Code/PwmLdd3.o
 .debug_frame   0x000011f4       0x70 ./Generated_Code/PwmLdd4.o
 .debug_frame   0x00001264       0xf0 ./Generated_Code/PwmLdd5.o
 .debug_frame   0x00001354       0xd0 ./Generated_Code/SerialCom.o
 .debug_frame   0x00001424       0xb0 ./Generated_Code/TU1.o
 .debug_frame   0x000014d4       0xd0 ./Generated_Code/TU2.o
 .debug_frame   0x000015a4      0x130 ./Generated_Code/TU3.o
 .debug_frame   0x000016d4       0xb0 ./Generated_Code/TimerIntLdd1.o
 .debug_frame   0x00001784       0x20 /opt/Freescale/KDS_v3/toolchain/bin/../lib/gcc/arm-none-eabi/4.8.4/armv6-m/libgcc.a(_udivsi3.o)
 .debug_frame   0x000017a4       0x20 /opt/Freescale/KDS_v3/toolchain/bin/../lib/gcc/arm-none-eabi/4.8.4/armv6-m/libgcc.a(_divsi3.o)
 .debug_frame   0x000017c4       0x28 /opt/Freescale/KDS_v3/toolchain/bin/../lib/gcc/arm-none-eabi/4.8.4/armv6-m/libgcc.a(_fixunssfsi.o)
 .debug_frame   0x000017ec       0x30 /opt/Freescale/KDS_v3/toolchain/bin/../lib/gcc/arm-none-eabi/4.8.4/armv6-m/libgcc.a(addsf3.o)
 .debug_frame   0x0000181c       0x3c /opt/Freescale/KDS_v3/toolchain/bin/../lib/gcc/arm-none-eabi/4.8.4/armv6-m/libgcc.a(divsf3.o)
 .debug_frame   0x00001858       0x2c /opt/Freescale/KDS_v3/toolchain/bin/../lib/gcc/arm-none-eabi/4.8.4/armv6-m/libgcc.a(eqsf2.o)
 .debug_frame   0x00001884       0x30 /opt/Freescale/KDS_v3/toolchain/bin/../lib/gcc/arm-none-eabi/4.8.4/armv6-m/libgcc.a(gesf2.o)
 .debug_frame   0x000018b4       0x30 /opt/Freescale/KDS_v3/toolchain/bin/../lib/gcc/arm-none-eabi/4.8.4/armv6-m/libgcc.a(lesf2.o)
 .debug_frame   0x000018e4       0x3c /opt/Freescale/KDS_v3/toolchain/bin/../lib/gcc/arm-none-eabi/4.8.4/armv6-m/libgcc.a(mulsf3.o)
 .debug_frame   0x00001920       0x30 /opt/Freescale/KDS_v3/toolchain/bin/../lib/gcc/arm-none-eabi/4.8.4/armv6-m/libgcc.a(subsf3.o)
 .debug_frame   0x00001950       0x20 /opt/Freescale/KDS_v3/toolchain/bin/../lib/gcc/arm-none-eabi/4.8.4/armv6-m/libgcc.a(fixsfsi.o)
 .debug_frame   0x00001970       0x2c /opt/Freescale/KDS_v3/toolchain/bin/../lib/gcc/arm-none-eabi/4.8.4/armv6-m/libgcc.a(floatsisf.o)
 .debug_frame   0x0000199c       0x28 /opt/Freescale/KDS_v3/toolchain/bin/../lib/gcc/arm-none-eabi/4.8.4/armv6-m/libgcc.a(floatunsisf.o)
 .debug_frame   0x000019c4       0x3c /opt/Freescale/KDS_v3/toolchain/bin/../lib/gcc/arm-none-eabi/4.8.4/armv6-m/libgcc.a(adddf3.o)
 .debug_frame   0x00001a00       0x3c /opt/Freescale/KDS_v3/toolchain/bin/../lib/gcc/arm-none-eabi/4.8.4/armv6-m/libgcc.a(divdf3.o)
 .debug_frame   0x00001a3c       0x3c /opt/Freescale/KDS_v3/toolchain/bin/../lib/gcc/arm-none-eabi/4.8.4/armv6-m/libgcc.a(eqdf2.o)
 .debug_frame   0x00001a78       0x38 /opt/Freescale/KDS_v3/toolchain/bin/../lib/gcc/arm-none-eabi/4.8.4/armv6-m/libgcc.a(gedf2.o)
 .debug_frame   0x00001ab0       0x3c /opt/Freescale/KDS_v3/toolchain/bin/../lib/gcc/arm-none-eabi/4.8.4/armv6-m/libgcc.a(ledf2.o)
 .debug_frame   0x00001aec       0x3c /opt/Freescale/KDS_v3/toolchain/bin/../lib/gcc/arm-none-eabi/4.8.4/armv6-m/libgcc.a(muldf3.o)
 .debug_frame   0x00001b28       0x3c /opt/Freescale/KDS_v3/toolchain/bin/../lib/gcc/arm-none-eabi/4.8.4/armv6-m/libgcc.a(subdf3.o)
 .debug_frame   0x00001b64       0x2c /opt/Freescale/KDS_v3/toolchain/bin/../lib/gcc/arm-none-eabi/4.8.4/armv6-m/libgcc.a(fixdfsi.o)
 .debug_frame   0x00001b90       0x30 /opt/Freescale/KDS_v3/toolchain/bin/../lib/gcc/arm-none-eabi/4.8.4/armv6-m/libgcc.a(floatsidf.o)
 .debug_frame   0x00001bc0       0x2c /opt/Freescale/KDS_v3/toolchain/bin/../lib/gcc/arm-none-eabi/4.8.4/armv6-m/libgcc.a(extendsfdf2.o)
 .debug_frame   0x00001bec       0x30 /opt/Freescale/KDS_v3/toolchain/bin/../lib/gcc/arm-none-eabi/4.8.4/armv6-m/libgcc.a(truncdfsf2.o)
 .debug_frame   0x00001c1c       0x28 /opt/Freescale/KDS_v3/toolchain/bin/../lib/gcc/arm-none-eabi/4.8.4/../../../../arm-none-eabi/lib/armv6-m/libg_s.a(lib_a-exit.o)
 .debug_frame   0x00001c44       0x2c /opt/Freescale/KDS_v3/toolchain/bin/../lib/gcc/arm-none-eabi/4.8.4/../../../../arm-none-eabi/lib/armv6-m/libg_s.a(lib_a-init.o)
 .debug_frame   0x00001c70       0x20 /opt/Freescale/KDS_v3/toolchain/bin/../lib/gcc/arm-none-eabi/4.8.4/../../../../arm-none-eabi/lib/armv6-m/libg_s.a(lib_a-memset.o)
 .debug_frame   0x00001c90       0x20 /opt/Freescale/KDS_v3/toolchain/bin/../lib/gcc/arm-none-eabi/4.8.4/../../../../arm-none-eabi/lib/armv6-m/libnosys.a(_exit.o)
